Component: ARM Compiler 5.06 update 4 (build 422) Tool: armlink [4d35d2]

==============================================================================

Section Cross References

    startup_stm32l053xx.o(RESET) refers to startup_stm32l053xx.o(STACK) for __initial_sp
    startup_stm32l053xx.o(RESET) refers to startup_stm32l053xx.o(.text) for Reset_Handler
    startup_stm32l053xx.o(RESET) refers to stm32xx_it.o(i.NMI_Handler) for NMI_Handler
    startup_stm32l053xx.o(RESET) refers to stm32xx_it.o(i.HardFault_Handler) for HardFault_Handler
    startup_stm32l053xx.o(RESET) refers to stm32xx_it.o(i.SVC_Handler) for SVC_Handler
    startup_stm32l053xx.o(RESET) refers to stm32xx_it.o(i.PendSV_Handler) for PendSV_Handler
    startup_stm32l053xx.o(RESET) refers to stm32xx_it.o(i.SysTick_Handler) for SysTick_Handler
    startup_stm32l053xx.o(RESET) refers to stm32xx_it.o(i.EXTI0_1_IRQHandler) for EXTI0_1_IRQHandler
    startup_stm32l053xx.o(RESET) refers to stm32xx_it.o(i.EXTI4_15_IRQHandler) for EXTI4_15_IRQHandler
    startup_stm32l053xx.o(.text) refers to system_stm32l0xx.o(i.SystemInit) for SystemInit
    startup_stm32l053xx.o(.text) refers to entry.o(.ARM.Collect$$$$00000000) for __main
    bluenrg_interface.o(i.HAL_GPIO_EXTI_Callback) refers to hci.o(i.HCI_Isr) for HCI_Isr
    cube_hal_l0.o(i.SystemClock_Config) refers to stm32l0xx_hal_rcc.o(i.HAL_RCC_OscConfig) for HAL_RCC_OscConfig
    cube_hal_l0.o(i.SystemClock_Config) refers to stm32l0xx_hal_rcc.o(i.HAL_RCC_ClockConfig) for HAL_RCC_ClockConfig
    main.o(i.Error_Handler) refers to stm32l0xx_nucleo.o(i.BSP_LED_Toggle) for BSP_LED_Toggle
    main.o(i.Error_Handler) refers to stm32l0xx_hal.o(i.HAL_Delay) for HAL_Delay
    main.o(i.HAL_UART_MspInit) refers to stm32l0xx_hal_gpio.o(i.HAL_GPIO_Init) for HAL_GPIO_Init
    main.o(i.Init) refers to stm32l0xx_hal.o(i.HAL_Init) for HAL_Init
    main.o(i.Init) refers to stm32l0xx_nucleo.o(i.BSP_LED_Init) for BSP_LED_Init
    main.o(i.Init) refers to stm32l0xx_nucleo.o(i.BSP_PB_Init) for BSP_PB_Init
    main.o(i.Init) refers to cube_hal_l0.o(i.SystemClock_Config) for SystemClock_Config
    main.o(i.Init) refers to main.o(i.vcom_init) for vcom_init
    main.o(i.Init) refers to stm32_bluenrg_ble.o(i.BNRG_SPI_Init) for BNRG_SPI_Init
    main.o(i.Init) refers to hci.o(i.HCI_Init) for HCI_Init
    main.o(i.User_Process) refers to main.o(i.__ARM_common_switch8) for __ARM_common_switch8
    main.o(i.User_Process) refers to bluenrg_gap_aci.o(i.aci_gap_start_general_discovery_proc) for aci_gap_start_general_discovery_proc
    main.o(i.User_Process) refers to gp_timer.o(i.Timer_Set) for Timer_Set
    main.o(i.User_Process) refers to gp_timer.o(i.Timer_Expired) for Timer_Expired
    main.o(i.User_Process) refers to gp_timer.o(i.Timer_Reset) for Timer_Reset
    main.o(i.User_Process) refers to stm32l0xx_hal_cortex.o(i.HAL_NVIC_SystemReset) for HAL_NVIC_SystemReset
    main.o(i.User_Process) refers to bluenrg_gap_aci.o(i.aci_gap_terminate_gap_procedure) for aci_gap_terminate_gap_procedure
    main.o(i.User_Process) refers to bluenrg_gap_aci.o(i.aci_gap_create_connection) for aci_gap_create_connection
    main.o(i.User_Process) refers to bluenrg_gatt_aci.o(i.aci_gatt_disc_charac_by_uuid) for aci_gatt_disc_charac_by_uuid
    main.o(i.User_Process) refers to sample_service.o(i.dataPack) for dataPack
    main.o(i.User_Process) refers to bluenrg_gatt_aci.o(i.aci_gatt_write_without_response) for aci_gatt_write_without_response
    main.o(i.User_Process) refers to stm32l0xx_hal.o(i.HAL_Delay) for HAL_Delay
    main.o(i.User_Process) refers to bluenrg_gap_aci.o(i.aci_gap_terminate) for aci_gap_terminate
    main.o(i.User_Process) refers to sample_service.o(.data) for tagstate
    main.o(i.User_Process) refers to main.o(.data) for t
    main.o(i.User_Process) refers to sample_service.o(.constdata) for charUuidPosition
    main.o(i.main) refers to main.o(i.Init) for Init
    main.o(i.main) refers to osal.o(i.Osal_MemCpy) for Osal_MemCpy
    main.o(i.main) refers to stm32_bluenrg_ble.o(i.BlueNRG_RST) for BlueNRG_RST
    main.o(i.main) refers to bluenrg_hal_aci.o(i.aci_hal_write_config_data) for aci_hal_write_config_data
    main.o(i.main) refers to uart_support.o(i.PRINT_MESG_UART) for PRINT_MESG_UART
    main.o(i.main) refers to main.o(i.Error_Handler) for Error_Handler
    main.o(i.main) refers to bluenrg_gatt_aci.o(i.aci_gatt_init) for aci_gatt_init
    main.o(i.main) refers to bluenrg_gap_aci.o(i.aci_gap_init_IDB05A1) for aci_gap_init_IDB05A1
    main.o(i.main) refers to bluenrg_hal_aci.o(i.aci_hal_set_tx_power_level) for aci_hal_set_tx_power_level
    main.o(i.main) refers to hci.o(i.HCI_Process) for HCI_Process
    main.o(i.main) refers to main.o(i.User_Process) for User_Process
    main.o(i.main) refers to stm32l0xx_hal.o(i.HAL_Delay) for HAL_Delay
    main.o(i.main) refers to sample_service.o(.data) for bdaddr_tag
    main.o(i.main) refers to main.o(.data) for bdaddr
[...]
    ../clib/microlib/string/memcpy.c         0x00000000   Number         0  memcpy.o ABSOLUTE
    ../clib/microlib/string/memset.c         0x00000000   Number         0  memset.o ABSOLUTE
    ../clib/microlib/string/memset.c         0x00000000   Number         0  memseta.o ABSOLUTE
    ../clib/microlib/stubs.s                 0x00000000   Number         0  iusefp.o ABSOLUTE
    ../clib/microlib/stubs.s                 0x00000000   Number         0  iusesemip.o ABSOLUTE
    ../clib/microlib/unhosted.c              0x00000000   Number         0  uread4.o ABSOLUTE
    ../clib/microlib/unhosted.c              0x00000000   Number         0  uwrite4.o ABSOLUTE
    ../clib/scanf.c                          0x00000000   Number         0  _sgetc.o ABSOLUTE
    ../clib/scanf.c                          0x00000000   Number         0  scanf_fp.o ABSOLUTE
    ../clib/scanf.c                          0x00000000   Number         0  strtod.o ABSOLUTE
    ../fplib/microlib/d2f.c                  0x00000000   Number         0  d2f.o ABSOLUTE
    ../fplib/microlib/f2d.c                  0x00000000   Number         0  f2d.o ABSOLUTE
    ../fplib/microlib/fpadd.c                0x00000000   Number         0  dadd.o ABSOLUTE
    ../fplib/microlib/fpdiv.c                0x00000000   Number         0  ddiv.o ABSOLUTE
    ../fplib/microlib/fpepilogue.c           0x00000000   Number         0  depilogue.o ABSOLUTE
    ../fplib/microlib/fpepilogue.c           0x00000000   Number         0  fepilogue.o ABSOLUTE
    ../fplib/microlib/fpfix.c                0x00000000   Number         0  dfixul.o ABSOLUTE
    ../fplib/microlib/fpflt.c                0x00000000   Number         0  fflti.o ABSOLUTE
    ../fplib/microlib/fpflt.c                0x00000000   Number         0  dfltul.o ABSOLUTE
    ../fplib/microlib/fpflt.c                0x00000000   Number         0  dflti.o ABSOLUTE
    ../fplib/microlib/fpmul.c                0x00000000   Number         0  dmul.o ABSOLUTE
    ../fplib/microlib/fpscalb.c              0x00000000   Number         0  dscalb.o ABSOLUTE
    ../fplib/microlib/fpsqrt.c               0x00000000   Number         0  dsqrt.o ABSOLUTE
    ../mathlib/atof.c                        0x00000000   Number         0  atof.o ABSOLUTE
    ../mathlib/dunder.c                      0x00000000   Number         0  dunder.o ABSOLUTE
    ../mathlib/fpclassify.c                  0x00000000   Number         0  fpclassify.o ABSOLUTE
    ../mathlib/poly.c                        0x00000000   Number         0  poly.o ABSOLUTE
    ../mathlib/pow.c                         0x00000000   Number         0  pow_x.o ABSOLUTE
    ../mathlib/pow.c                         0x00000000   Number         0  pow.o ABSOLUTE
    ../mathlib/qnan.c                        0x00000000   Number         0  qnan.o ABSOLUTE
    ../mathlib/sqrt.c                        0x00000000   Number         0  sqrt_x.o ABSOLUTE
    ../mathlib/sqrt.c                        0x00000000   Number         0  sqrt.o ABSOLUTE
    ..\..\..\..\..\..\Drivers\BSP\STM32L0xx_Nucleo\stm32l0xx_nucleo.c 0x00000000   Number         0  stm32l0xx_nucleo.o ABSOLUTE
    ..\..\..\..\..\..\Drivers\BSP\X-NUCLEO-IDB0xA1\stm32_bluenrg_ble.c 0x00000000   Number         0  stm32_bluenrg_ble.o ABSOLUTE
    ..\..\..\..\..\..\Drivers\STM32L0xx_HAL_Driver\Src\stm32l0xx_hal.c 0x00000000   Number         0  stm32l0xx_hal.o ABSOLUTE
    ..\..\..\..\..\..\Drivers\STM32L0xx_HAL_Driver\Src\stm32l0xx_hal_adc.c 0x00000000   Number         0  stm32l0xx_hal_adc.o ABSOLUTE
    ..\..\..\..\..\..\Drivers\STM32L0xx_HAL_Driver\Src\stm32l0xx_hal_adc_ex.c 0x00000000   Number         0  stm32l0xx_hal_adc_ex.o ABSOLUTE
    ..\..\..\..\..\..\Drivers\STM32L0xx_HAL_Driver\Src\stm32l0xx_hal_cortex.c 0x00000000   Number         0  stm32l0xx_hal_cortex.o ABSOLUTE
    ..\..\..\..\..\..\Drivers\STM32L0xx_HAL_Driver\Src\stm32l0xx_hal_dma.c 0x00000000   Number         0  stm32l0xx_hal_dma.o ABSOLUTE
    ..\..\..\..\..\..\Drivers\STM32L0xx_HAL_Driver\Src\stm32l0xx_hal_flash.c 0x00000000   Number         0  stm32l0xx_hal_flash.o ABSOLUTE
    ..\..\..\..\..\..\Drivers\STM32L0xx_HAL_Driver\Src\stm32l0xx_hal_flash_ex.c 0x00000000   Number         0  stm32l0xx_hal_flash_ex.o ABSOLUTE
    ..\..\..\..\..\..\Drivers\STM32L0xx_HAL_Driver\Src\stm32l0xx_hal_gpio.c 0x00000000   Number         0  stm32l0xx_hal_gpio.o ABSOLUTE
    ..\..\..\..\..\..\Drivers\STM32L0xx_HAL_Driver\Src\stm32l0xx_hal_pwr.c 0x00000000   Number         0  stm32l0xx_hal_pwr.o ABSOLUTE
    ..\..\..\..\..\..\Drivers\STM32L0xx_HAL_Driver\Src\stm32l0xx_hal_pwr_ex.c 0x00000000   Number         0  stm32l0xx_hal_pwr_ex.o ABSOLUTE
    ..\..\..\..\..\..\Drivers\STM32L0xx_HAL_Driver\Src\stm32l0xx_hal_rcc.c 0x00000000   Number         0  stm32l0xx_hal_rcc.o ABSOLUTE
    ..\..\..\..\..\..\Drivers\STM32L0xx_HAL_Driver\Src\stm32l0xx_hal_rcc_ex.c 0x00000000   Number         0  stm32l0xx_hal_rcc_ex.o ABSOLUTE
    ..\..\..\..\..\..\Drivers\STM32L0xx_HAL_Driver\Src\stm32l0xx_hal_spi.c 0x00000000   Number         0  stm32l0xx_hal_spi.o ABSOLUTE
    ..\..\..\..\..\..\Drivers\STM32L0xx_HAL_Driver\Src\stm32l0xx_hal_uart.c 0x00000000   Number         0  stm32l0xx_hal_uart.o ABSOLUTE
    ..\..\..\..\..\..\Drivers\STM32L0xx_HAL_Driver\Src\stm32l0xx_hal_uart_ex.c 0x00000000   Number         0  stm32l0xx_hal_uart_ex.o ABSOLUTE
    ..\..\..\..\..\..\Middlewares\ST\STM32_BlueNRG\Interface\bluenrg_itf.c 0x00000000   Number         0  bluenrg_itf.o ABSOLUTE
    ..\..\..\..\..\..\Middlewares\ST\STM32_BlueNRG\SimpleBlueNRG_HCI\hci\controller\bluenrg_gap_aci.c 0x00000000   Number         0  bluenrg_gap_aci.o ABSOLUTE
    ..\..\..\..\..\..\Middlewares\ST\STM32_BlueNRG\SimpleBlueNRG_HCI\hci\controller\bluenrg_gatt_aci.c 0x00000000   Number         0  bluenrg_gatt_aci.o ABSOLUTE
    ..\..\..\..\..\..\Middlewares\ST\STM32_BlueNRG\SimpleBlueNRG_HCI\hci\controller\bluenrg_hal_aci.c 0x00000000   Number         0  bluenrg_hal_aci.o ABSOLUTE
    ..\..\..\..\..\..\Middlewares\ST\STM32_BlueNRG\SimpleBlueNRG_HCI\hci\controller\bluenrg_l2cap_aci.c 0x00000000   Number         0  bluenrg_l2cap_aci.o ABSOLUTE
    ..\..\..\..\..\..\Middlewares\ST\STM32_BlueNRG\SimpleBlueNRG_HCI\hci\controller\bluenrg_utils_small.c 0x00000000   Number         0  bluenrg_utils_small.o ABSOLUTE
    ..\..\..\..\..\..\Middlewares\ST\STM32_BlueNRG\SimpleBlueNRG_HCI\hci\hci.c 0x00000000   Number         0  hci.o ABSOLUTE
    ..\..\..\..\..\..\Middlewares\ST\STM32_BlueNRG\SimpleBlueNRG_HCI\hci\hci_le.c 0x00000000   Number         0  hci_le.o ABSOLUTE
    ..\..\..\..\..\..\Middlewares\ST\STM32_BlueNRG\SimpleBlueNRG_HCI\utils\ble_list.c 0x00000000   Number         0  ble_list.o ABSOLUTE
    ..\..\..\..\..\..\Middlewares\ST\STM32_BlueNRG\SimpleBlueNRG_HCI\utils\gp_timer.c 0x00000000   Number         0  gp_timer.o ABSOLUTE
    ..\..\..\..\..\..\Middlewares\ST\STM32_BlueNRG\SimpleBlueNRG_HCI\utils\osal.c 0x00000000   Number         0  osal.o ABSOLUTE
    ..\..\Src\bluenrg_interface.c            0x00000000   Number         0  bluenrg_interface.o ABSOLUTE
    ..\..\Src\cube_hal_l0.c                  0x00000000   Number         0  cube_hal_l0.o ABSOLUTE
    ..\..\Src\main.c                         0x00000000   Number         0  main.o ABSOLUTE
    ..\..\Src\sample_service.c               0x00000000   Number         0  sample_service.o ABSOLUTE
    ..\..\Src\stm32l0xx_hal_msp.c            0x00000000   Number         0  stm32l0xx_hal_msp.o ABSOLUTE
    ..\..\Src\stm32xx_it.c                   0x00000000   Number         0  stm32xx_it.o ABSOLUTE
    ..\..\Src\system_stm32l0xx.c             0x00000000   Number         0  system_stm32l0xx.o ABSOLUTE
    ..\..\Src\uart_support.c                 0x00000000   Number         0  uart_support.o ABSOLUTE
    ..\\..\\..\\..\\..\\..\\Drivers\\BSP\\STM32L0xx_Nucleo\\stm32l0xx_nucleo.c 0x00000000   Number         0  stm32l0xx_nucleo.o ABSOLUTE
    ..\\..\\..\\..\\..\\..\\Drivers\\BSP\\X-NUCLEO-IDB0xA1\\stm32_bluenrg_ble.c 0x00000000   Number         0  stm32_bluenrg_ble.o ABSOLUTE
    ..\\..\\..\\..\\..\\..\\Drivers\\STM32L0xx_HAL_Driver\\Src\\stm32l0xx_hal.c 0x00000000   Number         0  stm32l0xx_hal.o ABSOLUTE
    ..\\..\\..\\..\\..\\..\\Drivers\\STM32L0xx_HAL_Driver\\Src\\stm32l0xx_hal_adc.c 0x00000000   Number         0  stm32l0xx_hal_adc.o ABSOLUTE
    ..\\..\\..\\..\\..\\..\\Drivers\\STM32L0xx_HAL_Driver\\Src\\stm32l0xx_hal_adc_ex.c 0x00000000   Number         0  stm32l0xx_hal_adc_ex.o ABSOLUTE
    ..\\..\\..\\..\\..\\..\\Drivers\\STM32L0xx_HAL_Driver\\Src\\stm32l0xx_hal_cortex.c 0x00000000   Number         0  stm32l0xx_hal_cortex.o ABSOLUTE
    ..\\..\\..\\..\\..\\..\\Drivers\\STM32L0xx_HAL_Driver\\Src\\stm32l0xx_hal_dma.c 0x00000000   Number         0  stm32l0xx_hal_dma.o ABSOLUTE
    ..\\..\\..\\..\\..\\..\\Drivers\\STM32L0xx_HAL_Driver\\Src\\stm32l0xx_hal_flash.c 0x00000000   Number         0  stm32l0xx_hal_flash.o ABSOLUTE
    ..\\..\\..\\..\\..\\..\\Drivers\\STM32L0xx_HAL_Driver\\Src\\stm32l0xx_hal_flash_ex.c 0x00000000   Number         0  stm32l0xx_hal_flash_ex.o ABSOLUTE
    ..\\..\\..\\..\\..\\..\\Drivers\\STM32L0xx_HAL_Driver\\Src\\stm32l0xx_hal_gpio.c 0x00000000   Number         0  stm32l0xx_hal_gpio.o ABSOLUTE
    ..\\..\\..\\..\\..\\..\\Drivers\\STM32L0xx_HAL_Driver\\Src\\stm32l0xx_hal_pwr.c 0x00000000   Number         0  stm32l0xx_hal_pwr.o ABSOLUTE
    ..\\..\\..\\..\\..\\..\\Drivers\\STM32L0xx_HAL_Driver\\Src\\stm32l0xx_hal_pwr_ex.c 0x00000000   Number         0  stm32l0xx_hal_pwr_ex.o ABSOLUTE
    ..\\..\\..\\..\\..\\..\\Drivers\\STM32L0xx_HAL_Driver\\Src\\stm32l0xx_hal_rcc.c 0x00000000   Number         0  stm32l0xx_hal_rcc.o ABSOLUTE
    ..\\..\\..\\..\\..\\..\\Drivers\\STM32L0xx_HAL_Driver\\Src\\stm32l0xx_hal_rcc_ex.c 0x00000000   Number         0  stm32l0xx_hal_rcc_ex.o ABSOLUTE
    ..\\..\\..\\..\\..\\..\\Drivers\\STM32L0xx_HAL_Driver\\Src\\stm32l0xx_hal_spi.c 0x00000000   Number         0  stm32l0xx_hal_spi.o ABSOLUTE
    ..\\..\\..\\..\\..\\..\\Drivers\\STM32L0xx_HAL_Driver\\Src\\stm32l0xx_hal_uart.c 0x00000000   Number         0  stm32l0xx_hal_uart.o ABSOLUTE
    ..\\..\\..\\..\\..\\..\\Drivers\\STM32L0xx_HAL_Driver\\Src\\stm32l0xx_hal_uart_ex.c 0x00000000   Number         0  stm32l0xx_hal_uart_ex.o ABSOLUTE
    ..\\..\\..\\..\\..\\..\\Middlewares\\ST\\STM32_BlueNRG\\Interface\\bluenrg_itf.c 0x00000000   Number         0  bluenrg_itf.o ABSOLUTE
    ..\\..\\..\\..\\..\\..\\Middlewares\\ST\\STM32_BlueNRG\\SimpleBlueNRG_HCI\\hci\\controller\\bluenrg_gap_aci.c 0x00000000   Number         0  bluenrg_gap_aci.o ABSOLUTE
    ..\\..\\..\\..\\..\\..\\Middlewares\\ST\\STM32_BlueNRG\\SimpleBlueNRG_HCI\\hci\\controller\\bluenrg_gatt_aci.c 0x00000000   Number         0  bluenrg_gatt_aci.o ABSOLUTE
    ..\\..\\..\\..\\..\\..\\Middlewares\\ST\\STM32_BlueNRG\\SimpleBlueNRG_HCI\\hci\\controller\\bluenrg_hal_aci.c 0x00000000   Number         0  bluenrg_hal_aci.o ABSOLUTE
    ..\\..\\..\\..\\..\\..\\Middlewares\\ST\\STM32_BlueNRG\\SimpleBlueNRG_HCI\\hci\\controller\\bluenrg_l2cap_aci.c 0x00000000   Number         0  bluenrg_l2cap_aci.o ABSOLUTE
    ..\\..\\..\\..\\..\\..\\Middlewares\\ST\\STM32_BlueNRG\\SimpleBlueNRG_HCI\\hci\\controller\\bluenrg_utils_small.c 0x00000000   Number         0  bluenrg_utils_small.o ABSOLUTE
    ..\\..\\..\\..\\..\\..\\Middlewares\\ST\\STM32_BlueNRG\\SimpleBlueNRG_HCI\\hci\\hci.c 0x00000000   Number         0  hci.o ABSOLUTE
    ..\\..\\..\\..\\..\\..\\Middlewares\\ST\\STM32_BlueNRG\\SimpleBlueNRG_HCI\\hci\\hci_le.c 0x00000000   Number         0  hci_le.o ABSOLUTE
    ..\\..\\..\\..\\..\\..\\Middlewares\\ST\\STM32_BlueNRG\\SimpleBlueNRG_HCI\\utils\\ble_list.c 0x00000000   Number         0  ble_list.o ABSOLUTE
    ..\\..\\..\\..\\..\\..\\Middlewares\\ST\\STM32_BlueNRG\\SimpleBlueNRG_HCI\\utils\\gp_timer.c 0x00000000   Number         0  gp_timer.o ABSOLUTE
    ..\\..\\Src\\bluenrg_interface.c         0x00000000   Number         0  bluenrg_interface.o ABSOLUTE
    ..\\..\\Src\\cube_hal_l0.c               0x00000000   Number         0  cube_hal_l0.o ABSOLUTE
    ..\\..\\Src\\main.c                      0x00000000   Number         0  main.o ABSOLUTE
    ..\\..\\Src\\sample_service.c            0x00000000   Number         0  sample_service.o ABSOLUTE
    ..\\..\\Src\\stm32l0xx_hal_msp.c         0x00000000   Number         0  stm32l0xx_hal_msp.o ABSOLUTE
    ..\\..\\Src\\stm32xx_it.c                0x00000000   Number         0  stm32xx_it.o ABSOLUTE
    ..\\..\\Src\\system_stm32l0xx.c          0x00000000   Number         0  system_stm32l0xx.o ABSOLUTE
    ..\\..\\Src\\uart_support.c              0x00000000   Number         0  uart_support.o ABSOLUTE
    cdcmple.s                                0x00000000   Number         0  cdcmple.o ABSOLUTE
    cdrcmple.s                               0x00000000   Number         0  cdrcmple.o ABSOLUTE
    cfcmple.s                                0x00000000   Number         0  cfcmple.o ABSOLUTE
    dc.s                                     0x00000000   Number         0  dc.o ABSOLUTE
    handlers.s                               0x00000000   Number         0  handlers.o ABSOLUTE
    init.s                                   0x00000000   Number         0  init.o ABSOLUTE
    startup_stm32l053xx.s                    0x00000000   Number         0  startup_stm32l053xx.o ABSOLUTE
    RESET                                    0x08000000   Section      192  startup_stm32l053xx.o(RESET)
    .ARM.Collect$$$$00000000                 0x080000c0   Section        0  entry.o(.ARM.Collect$$$$00000000)
    .ARM.Collect$$$$00000001                 0x080000c0   Section        4  entry2.o(.ARM.Collect$$$$00000001)
    .ARM.Collect$$$$00000004                 0x080000c4   Section        4  entry5.o(.ARM.Collect$$$$00000004)
    .ARM.Collect$$$$00000008                 0x080000c8   Section        0  entry7b.o(.ARM.Collect$$$$00000008)
    .ARM.Collect$$$$0000000A                 0x080000c8   Section        0  entry8b.o(.ARM.Collect$$$$0000000A)
    .ARM.Collect$$$$0000000B                 0x080000c8   Section        8  entry9a.o(.ARM.Collect$$$$0000000B)
    .ARM.Collect$$$$0000000D                 0x080000d0   Section        0  entry10a.o(.ARM.Collect$$$$0000000D)
    .ARM.Collect$$$$0000000F                 0x080000d0   Section        0  entry11a.o(.ARM.Collect$$$$0000000F)
    .ARM.Collect$$$$00002712                 0x080000d0   Section        4  entry2.o(.ARM.Collect$$$$00002712)
    __lit__00000000                          0x080000d0   Data           4  entry2.o(.ARM.Collect$$$$00002712)
    .text                                    0x080000d4   Section       28  startup_stm32l053xx.o(.text)
    .text                                    0x080000f0   Section        0  uidiv.o(.text)
    .text                                    0x0800011c   Section        0  uldiv.o(.text)
    .text                                    0x0800017c   Section        0  memcpy.o(.text)
    .text                                    0x080001a4   Section        0  memseta.o(.text)
    .text                                    0x080001c8   Section        0  dmul.o(.text)
    .text                                    0x08000298   Section        0  ddiv.o(.text)
    .text                                    0x08000388   Section        0  fflti.o(.text)
    .text                                    0x080003a0   Section        0  dflti.o(.text)
    .text                                    0x080003c8   Section        0  f2d.o(.text)
    .text                                    0x080003f0   Section        0  d2f.o(.text)
    .text                                    0x08000428   Section       20  cfcmple.o(.text)
    .text                                    0x0800043c   Section        0  llshl.o(.text)
    .text                                    0x0800045c   Section        0  llushr.o(.text)
    .text                                    0x0800047e   Section        0  fepilogue.o(.text)
    .text                                    0x0800047e   Section        0  iusefp.o(.text)
    .text                                    0x08000500   Section        0  depilogue.o(.text)
    .text                                    0x080005c0   Section        0  dadd.o(.text)
    .text                                    0x08000724   Section        0  dscalb.o(.text)
    .text                                    0x08000750   Section        0  dfixul.o(.text)
    .text                                    0x08000790   Section       40  cdrcmple.o(.text)
    .text                                    0x080007b8   Section       36  init.o(.text)
    .text                                    0x080007dc   Section        0  llsshr.o(.text)
    .text                                    0x08000802   Section        0  dsqrt.o(.text)
    i.BNRG_SPI_Init                          0x080008a4   Section        0  stm32_bluenrg_ble.o(i.BNRG_SPI_Init)
    i.BSP_LED_Init                           0x080008e4   Section        0  stm32l0xx_nucleo.o(i.BSP_LED_Init)
    i.BSP_LED_Toggle                         0x08000950   Section        0  stm32l0xx_nucleo.o(i.BSP_LED_Toggle)
    i.BSP_PB_Init                            0x08000970   Section        0  stm32l0xx_nucleo.o(i.BSP_PB_Init)
    i.BlueNRG_DataPresent                    0x08000a04   Section        0  stm32_bluenrg_ble.o(i.BlueNRG_DataPresent)
    i.BlueNRG_RST                            0x08000a1a   Section        0  stm32_bluenrg_ble.o(i.BlueNRG_RST)
    i.BlueNRG_SPI_Read_All                   0x08000a44   Section        0  stm32_bluenrg_ble.o(i.BlueNRG_SPI_Read_All)
    i.BlueNRG_SPI_Write                      0x08000ae8   Section        0  stm32_bluenrg_ble.o(i.BlueNRG_SPI_Write)
    i.Clear_SPI_EXTI_Flag                    0x08000bb0   Section        0  stm32_bluenrg_ble.o(i.Clear_SPI_EXTI_Flag)
    i.Disable_SPI_IRQ                        0x08000bbc   Section        0  stm32_bluenrg_ble.o(i.Disable_SPI_IRQ)
    i.EXTI0_1_IRQHandler                     0x08000bc6   Section        0  stm32xx_it.o(i.EXTI0_1_IRQHandler)
    i.EXTI4_15_IRQHandler                    0x08000bd0   Section        0  stm32xx_it.o(i.EXTI4_15_IRQHandler)
    i.Enable_SPI_IRQ                         0x08000be8   Section        0  stm32_bluenrg_ble.o(i.Enable_SPI_IRQ)
    i.Error_Handler                          0x08000bf2   Section        0  main.o(i.Error_Handler)
    i.Evt_AD_REPORT_GET_DATA                 0x08000c04   Section        0  sample_service.o(i.Evt_AD_REPORT_GET_DATA)
    i.Evt_Attribute_Modified_CB              0x08000e38   Section        0  sample_service.o(i.Evt_Attribute_Modified_CB)
    i.Evt_ConnectionComplete_CB              0x08000e4c   Section        0  sample_service.o(i.Evt_ConnectionComplete_CB)
    i.Evt_DisconnectionComplete_CB           0x08000e78   Section        0  sample_service.o(i.Evt_DisconnectionComplete_CB)
    i.Evt_ProcetureComplete                  0x08000e94   Section        0  sample_service.o(i.Evt_ProcetureComplete)
    i.Evt_Read_Char_By_Uuid_Resp_CB          0x08000ef8   Section        0  sample_service.o(i.Evt_Read_Char_By_Uuid_Resp_CB)
    i.HAL_Delay                              0x08000f30   Section        0  stm32l0xx_hal.o(i.HAL_Delay)
    i.HAL_GPIO_EXTI_Callback                 0x08000f4a   Section        0  bluenrg_interface.o(i.HAL_GPIO_EXTI_Callback)
    i.HAL_GPIO_EXTI_IRQHandler               0x08000f54   Section        0  stm32l0xx_hal_gpio.o(i.HAL_GPIO_EXTI_IRQHandler)
    i.HAL_GPIO_Init                          0x08000f74   Section        0  stm32l0xx_hal_gpio.o(i.HAL_GPIO_Init)
    i.HAL_GPIO_ReadPin                       0x08001160   Section        0  stm32l0xx_hal_gpio.o(i.HAL_GPIO_ReadPin)
    i.HAL_GPIO_TogglePin                     0x08001172   Section        0  stm32l0xx_hal_gpio.o(i.HAL_GPIO_TogglePin)
    i.HAL_GPIO_WritePin                      0x0800117a   Section        0  stm32l0xx_hal_gpio.o(i.HAL_GPIO_WritePin)
    i.HAL_GetTick                            0x08001188   Section        0  stm32l0xx_hal.o(i.HAL_GetTick)
    i.HAL_IncTick                            0x08001194   Section        0  stm32l0xx_hal.o(i.HAL_IncTick)
    i.HAL_Init                               0x080011a4   Section        0  stm32l0xx_hal.o(i.HAL_Init)
    i.HAL_InitTick                           0x080011c4   Section        0  stm32l0xx_hal.o(i.HAL_InitTick)
    i.HAL_MspInit                            0x080011ec   Section        0  stm32l0xx_hal.o(i.HAL_MspInit)
    i.HAL_NVIC_DisableIRQ                    0x080011f0   Section        0  stm32l0xx_hal_cortex.o(i.HAL_NVIC_DisableIRQ)
    i.HAL_NVIC_EnableIRQ                     0x08001208   Section        0  stm32l0xx_hal_cortex.o(i.HAL_NVIC_EnableIRQ)
    i.HAL_NVIC_SetPriority                   0x08001220   Section        0  stm32l0xx_hal_cortex.o(i.HAL_NVIC_SetPriority)
    i.HAL_NVIC_SystemReset                   0x08001234   Section        0  stm32l0xx_hal_cortex.o(i.HAL_NVIC_SystemReset)
    i.HAL_RCCEx_GetPeriphCLKFreq             0x0800126c   Section        0  stm32l0xx_hal_rcc_ex.o(i.HAL_RCCEx_GetPeriphCLKFreq)
    i.HAL_RCC_ClockConfig                    0x080015a4   Section        0  stm32l0xx_hal_rcc.o(i.HAL_RCC_ClockConfig)
    i.HAL_RCC_GetHCLKFreq                    0x0800179c   Section        0  stm32l0xx_hal_rcc.o(i.HAL_RCC_GetHCLKFreq)
    i.HAL_RCC_GetPCLK1Freq                   0x080017a8   Section        0  stm32l0xx_hal_rcc.o(i.HAL_RCC_GetPCLK1Freq)
    i.HAL_RCC_GetPCLK2Freq                   0x080017cc   Section        0  stm32l0xx_hal_rcc.o(i.HAL_RCC_GetPCLK2Freq)
    i.HAL_RCC_GetSysClockFreq                0x080017f0   Section        0  stm32l0xx_hal_rcc.o(i.HAL_RCC_GetSysClockFreq)
    i.HAL_RCC_OscConfig                      0x080018d4   Section        0  stm32l0xx_hal_rcc.o(i.HAL_RCC_OscConfig)
    i.HAL_SPI_Init                           0x08001fa8   Section        0  stm32l0xx_hal_spi.o(i.HAL_SPI_Init)
    i.HAL_SPI_MspInit                        0x08002038   Section        0  stm32l0xx_hal_msp.o(i.HAL_SPI_MspInit)
    i.HAL_SPI_TransmitReceive                0x080021e8   Section        0  stm32l0xx_hal_spi.o(i.HAL_SPI_TransmitReceive)
    i.HAL_SYSTICK_Config                     0x08002568   Section        0  stm32l0xx_hal_cortex.o(i.HAL_SYSTICK_Config)
    i.HAL_UART_Init                          0x080025a0   Section        0  stm32l0xx_hal_uart.o(i.HAL_UART_Init)
    i.HAL_UART_MspInit                       0x08002624   Section        0  main.o(i.HAL_UART_MspInit)
    i.HAL_UART_Transmit                      0x080026a8   Section        0  stm32l0xx_hal_uart.o(i.HAL_UART_Transmit)
    i.HCI_Event_CB                           0x08002798   Section        0  sample_service.o(i.HCI_Event_CB)
    i.HCI_Init                               0x08002870   Section        0  hci.o(i.HCI_Init)
    i.HCI_Isr                                0x080028a8   Section        0  hci.o(i.HCI_Isr)
    i.HCI_Process                            0x08002924   Section        0  hci.o(i.HCI_Process)
    i.HCI_Queue_Empty                        0x08002978   Section        0  hci.o(i.HCI_Queue_Empty)
    i.HCI_verify                             0x08002988   Section        0  hci.o(i.HCI_verify)
    i.Hal_Write_Serial                       0x080029ac   Section        0  stm32_bluenrg_ble.o(i.Hal_Write_Serial)
    i.HardFault_Handler                      0x080029e4   Section        0  stm32xx_it.o(i.HardFault_Handler)
    i.Init                                   0x080029e8   Section        0  main.o(i.Init)
    i.NMI_Handler                            0x08002a0e   Section        0  stm32xx_it.o(i.NMI_Handler)
    i.NVIC_SetPriority                       0x08002a10   Section        0  stm32l0xx_hal_cortex.o(i.NVIC_SetPriority)
    NVIC_SetPriority                         0x08002a11   Thumb Code   110  stm32l0xx_hal_cortex.o(i.NVIC_SetPriority)
    i.Osal_MemCpy                            0x08002a88   Section        0  osal.o(i.Osal_MemCpy)
    i.Osal_MemSet                            0x08002a9c   Section        0  osal.o(i.Osal_MemSet)
    i.PRINT_MESG_UART                        0x08002ab0   Section        0  uart_support.o(i.PRINT_MESG_UART)
    i.PendSV_Handler                         0x08002af0   Section        0  stm32xx_it.o(i.PendSV_Handler)
    i.RCC_SetFlashLatencyFromMSIRange        0x08002af4   Section        0  stm32l0xx_hal_rcc.o(i.RCC_SetFlashLatencyFromMSIRange)
    RCC_SetFlashLatencyFromMSIRange          0x08002af5   Thumb Code   138  stm32l0xx_hal_rcc.o(i.RCC_SetFlashLatencyFromMSIRange)
    i.RssiToDis                              0x08002b8c   Section        0  sample_service.o(i.RssiToDis)
    i.SPI_WaitOnFlagUntilTimeout             0x08002c00   Section        0  stm32l0xx_hal_spi.o(i.SPI_WaitOnFlagUntilTimeout)
    SPI_WaitOnFlagUntilTimeout               0x08002c01   Thumb Code   280  stm32l0xx_hal_spi.o(i.SPI_WaitOnFlagUntilTimeout)
    i.SVC_Handler                            0x08002d18   Section        0  stm32xx_it.o(i.SVC_Handler)
    i.SysTick_Handler                        0x08002d1c   Section        0  stm32xx_it.o(i.SysTick_Handler)
    i.SystemClock_Config                     0x08002d34   Section        0  cube_hal_l0.o(i.SystemClock_Config)
    i.SystemInit                             0x08002dac   Section        0  system_stm32l0xx.o(i.SystemInit)
    i.Timer_Expired                          0x08002e14   Section        0  gp_timer.o(i.Timer_Expired)
    i.Timer_Reset                            0x08002e30   Section        0  gp_timer.o(i.Timer_Reset)
    i.Timer_Set                              0x08002e3a   Section        0  gp_timer.o(i.Timer_Set)
    i.UART_AdvFeatureConfig                  0x08002e4a   Section        0  stm32l0xx_hal_uart.o(i.UART_AdvFeatureConfig)
    i.UART_CheckIdleState                    0x08002f3c   Section        0  stm32l0xx_hal_uart.o(i.UART_CheckIdleState)
    i.UART_SetConfig                         0x08002fb0   Section        0  stm32l0xx_hal_uart.o(i.UART_SetConfig)
    i.UART_WaitOnFlagUntilTimeout            0x08003380   Section        0  stm32l0xx_hal_uart.o(i.UART_WaitOnFlagUntilTimeout)
    i.User_Process                           0x080033f0   Section        0  main.o(i.User_Process)
    i.__0sprintf                             0x08003534   Section        0  printfa.o(i.__0sprintf)
    i.__0vsnprintf                           0x0800355c   Section        0  printfa.o(i.__0vsnprintf)
    i.__ARM_clz                              0x08003588   Section        0  depilogue.o(i.__ARM_clz)
    i.__ARM_common_ll_muluu                  0x080035b6   Section        0  stm32l0xx_hal_uart.o(i.__ARM_common_ll_muluu)
    i.__ARM_common_switch8                   0x080035e6   Section        0  main.o(i.__ARM_common_switch8)
    i.__ARM_fpclassify                       0x08003604   Section        0  fpclassify.o(i.__ARM_fpclassify)
    i.__get_PRIMASK                          0x08003630   Section        0  ble_list.o(i.__get_PRIMASK)
    __get_PRIMASK                            0x08003631   Thumb Code     6  ble_list.o(i.__get_PRIMASK)
    i.__kernel_poly                          0x08003636   Section        0  poly.o(i.__kernel_poly)
    i.__mathlib_dbl_divzero                  0x080036e4   Section        0  dunder.o(i.__mathlib_dbl_divzero)
    i.__mathlib_dbl_infnan2                  0x080036f8   Section        0  dunder.o(i.__mathlib_dbl_infnan2)
    i.__mathlib_dbl_invalid                  0x08003700   Section        0  dunder.o(i.__mathlib_dbl_invalid)
    i.__mathlib_dbl_overflow                 0x08003710   Section        0  dunder.o(i.__mathlib_dbl_overflow)
    i.__mathlib_dbl_underflow                0x08003724   Section        0  dunder.o(i.__mathlib_dbl_underflow)
    i.__scatterload_copy                     0x08003738   Section       14  handlers.o(i.__scatterload_copy)
    i.__scatterload_null                     0x08003746   Section        2  handlers.o(i.__scatterload_null)
    i.__scatterload_zeroinit                 0x08003748   Section       14  handlers.o(i.__scatterload_zeroinit)
    i.__set_PRIMASK                          0x08003756   Section        0  ble_list.o(i.__set_PRIMASK)
    __set_PRIMASK                            0x08003757   Thumb Code     6  ble_list.o(i.__set_PRIMASK)
    i.__set_errno                            0x0800375c   Section        0  errno.o(i.__set_errno)
    i._fp_digits                             0x08003768   Section        0  printfa.o(i._fp_digits)
    _fp_digits                               0x08003769   Thumb Code   344  printfa.o(i._fp_digits)
    i._printf_core                           0x080038dc   Section        0  printfa.o(i._printf_core)
    _printf_core                             0x080038dd   Thumb Code  1754  printfa.o(i._printf_core)
    i._printf_post_padding                   0x08003fc8   Section        0  printfa.o(i._printf_post_padding)
    _printf_post_padding                     0x08003fc9   Thumb Code    32  printfa.o(i._printf_post_padding)
    i._printf_pre_padding                    0x08003fe8   Section        0  printfa.o(i._printf_pre_padding)
    _printf_pre_padding                      0x08003fe9   Thumb Code    44  printfa.o(i._printf_pre_padding)
    i._snputc                                0x08004014   Section        0  printfa.o(i._snputc)
    _snputc                                  0x08004015   Thumb Code    22  printfa.o(i._snputc)
    i._sputc                                 0x0800402a   Section        0  printfa.o(i._sputc)
    _sputc                                   0x0800402b   Thumb Code    10  printfa.o(i._sputc)
    i.aci_gap_create_connection              0x08004034   Section        0  bluenrg_gap_aci.o(i.aci_gap_create_connection)
    i.aci_gap_init_IDB05A1                   0x080040b0   Section        0  bluenrg_gap_aci.o(i.aci_gap_init_IDB05A1)
    i.aci_gap_start_general_discovery_proc   0x0800413c   Section        0  bluenrg_gap_aci.o(i.aci_gap_start_general_discovery_proc)
    i.aci_gap_terminate                      0x08004192   Section        0  bluenrg_gap_aci.o(i.aci_gap_terminate)
    i.aci_gap_terminate_gap_procedure        0x080041e0   Section        0  bluenrg_gap_aci.o(i.aci_gap_terminate_gap_procedure)
    i.aci_gatt_disc_charac_by_uuid           0x08004220   Section        0  bluenrg_gatt_aci.o(i.aci_gatt_disc_charac_by_uuid)
    i.aci_gatt_init                          0x080042c4   Section        0  bluenrg_gatt_aci.o(i.aci_gatt_init)
    i.aci_gatt_write_without_response        0x080042fc   Section        0  bluenrg_gatt_aci.o(i.aci_gatt_write_without_response)
    i.aci_hal_set_tx_power_level             0x08004360   Section        0  bluenrg_hal_aci.o(i.aci_hal_set_tx_power_level)
    i.aci_hal_write_config_data              0x080043aa   Section        0  bluenrg_hal_aci.o(i.aci_hal_write_config_data)
    i.dataPack                               0x0800441c   Section        0  sample_service.o(i.dataPack)
    i.free_event_list                        0x08004468   Section        0  hci.o(i.free_event_list)
    free_event_list                          0x08004469   Thumb Code    44  hci.o(i.free_event_list)
    i.hci_send_cmd                           0x0800449c   Section        0  hci.o(i.hci_send_cmd)
    i.hci_send_req                           0x080044d4   Section        0  hci.o(i.hci_send_req)
    i.hci_write                              0x080046a4   Section        0  hci.o(i.hci_write)
    i.list_get_size                          0x080046bc   Section        0  ble_list.o(i.list_get_size)
    i.list_init_head                         0x080046e0   Section        0  ble_list.o(i.list_init_head)
    i.list_insert_head                       0x080046e6   Section        0  ble_list.o(i.list_insert_head)
    i.list_insert_tail                       0x08004708   Section        0  ble_list.o(i.list_insert_tail)
    i.list_is_empty                          0x0800472a   Section        0  ble_list.o(i.list_is_empty)
    i.list_remove_head                       0x0800474c   Section        0  ble_list.o(i.list_remove_head)
    i.list_remove_node                       0x08004776   Section        0  ble_list.o(i.list_remove_node)
    i.list_remove_tail                       0x08004796   Section        0  ble_list.o(i.list_remove_tail)
    i.main                                   0x080047c0   Section        0  main.o(i.main)
    i.move_list                              0x080048b8   Section        0  hci.o(i.move_list)
    move_list                                0x080048b9   Thumb Code    36  hci.o(i.move_list)
    i.pow                                    0x080048dc   Section        0  pow.o(i.pow)
    i.set_irq_as_input                       0x080052d8   Section        0  stm32_bluenrg_ble.o(i.set_irq_as_input)
    i.set_irq_as_output                      0x08005310   Section        0  stm32_bluenrg_ble.o(i.set_irq_as_output)
    i.sqrt                                   0x0800533c   Section        0  sqrt.o(i.sqrt)
    i.us150Delay                             0x08005384   Section        0  stm32_bluenrg_ble.o(i.us150Delay)
    us150Delay                               0x08005385   Thumb Code    28  stm32_bluenrg_ble.o(i.us150Delay)
    i.vcom_init                              0x080053a0   Section        0  main.o(i.vcom_init)
    .constdata                               0x080053d4   Section       56  sample_service.o(.constdata)
    .constdata                               0x0800540c   Section        5  stm32l0xx_nucleo.o(.constdata)
    .constdata                               0x08005411   Section       33  system_stm32l0xx.o(.constdata)
    .constdata                               0x08005438   Section      136  pow.o(.constdata)
    bp                                       0x08005438   Data          16  pow.o(.constdata)
    dp_h                                     0x08005448   Data          16  pow.o(.constdata)
    dp_l                                     0x08005458   Data          16  pow.o(.constdata)
    L                                        0x08005468   Data          48  pow.o(.constdata)
    P                                        0x08005498   Data          40  pow.o(.constdata)
    .constdata                               0x080054c0   Section        8  qnan.o(.constdata)
    .data                                    0x20000000   Section       16  main.o(.data)
    .data                                    0x20000010   Section      120  sample_service.o(.data)
    .data                                    0x20000088   Section        5  stm32xx_it.o(.data)
    .data                                    0x20000090   Section       20  stm32l0xx_nucleo.o(.data)
    sConfig                                  0x2000009c   Data           8  stm32l0xx_nucleo.o(.data)
    .data                                    0x200000a4   Section        4  system_stm32l0xx.o(.data)
    .data                                    0x200000a8   Section        4  stm32l0xx_hal.o(.data)
    .data                                    0x200000ac   Section       18  hci.o(.data)
    hci_timer_id                             0x200000bc   Data           1  hci.o(.data)
    hci_timeout                              0x200000bd   Data           1  hci.o(.data)
    .data                                    0x200000c0   Section        4  errno.o(.data)
    _errno                                   0x200000c0   Data           4  errno.o(.data)
    .bss                                     0x200000c4   Section      112  main.o(.bss)
    .bss                                     0x20000134   Section       88  stm32_bluenrg_ble.o(.bss)
    .bss                                     0x2000018c   Section      700  hci.o(.bss)
    hciReadPacketBuffer                      0x2000018c   Data         700  hci.o(.bss)
    STACK                                    0x20000448   Section     1024  startup_stm32l053xx.o(STACK)

    Global Symbols

    Symbol Name                              Value     Ov Type        Size  Object(Section)

    BuildAttributes$$THM_ISAv3M$S$PE$A:L22$X:L11$S22$IEEE1$IW$USESV6$~STKCKD$USESV7$~SHL$OTIME$ROPI$IEEEX$EBA8$MICROLIB$REQ8$PRES8$EABIv2 0x00000000   Number         0  anon$$obj.o ABSOLUTE
    __ARM_use_no_argv                        0x00000000   Number         0  main.o ABSOLUTE
    _printf_a                                0x00000000   Number         0  stubs.o ABSOLUTE
    _printf_c                                0x00000000   Number         0  stubs.o ABSOLUTE
    _printf_charcount                        0x00000000   Number         0  stubs.o ABSOLUTE
    _printf_d                                0x00000000   Number         0  stubs.o ABSOLUTE
    _printf_e                                0x00000000   Number         0  stubs.o ABSOLUTE
    _printf_f                                0x00000000   Number         0  stubs.o ABSOLUTE
    _printf_flags                            0x00000000   Number         0  stubs.o ABSOLUTE
    _printf_fp_dec                           0x00000000   Number         0  stubs.o ABSOLUTE
    _printf_fp_hex                           0x00000000   Number         0  stubs.o ABSOLUTE
    _printf_g                                0x00000000   Number         0  stubs.o ABSOLUTE
    _printf_i                                0x00000000   Number         0  stubs.o ABSOLUTE
    _printf_int_dec                          0x00000000   Number         0  stubs.o ABSOLUTE
    _printf_l                                0x00000000   Number         0  stubs.o ABSOLUTE
    _printf_lc                               0x00000000   Number         0  stubs.o ABSOLUTE
    _printf_ll                               0x00000000   Number         0  stubs.o ABSOLUTE
    _printf_lld                              0x00000000   Number         0  stubs.o ABSOLUTE
    _printf_lli                              0x00000000   Number         0  stubs.o ABSOLUTE
    _printf_llo                              0x00000000   Number         0  stubs.o ABSOLUTE
    _printf_llu                              0x00000000   Number         0  stubs.o ABSOLUTE
    _printf_llx                              0x00000000   Number         0  stubs.o ABSOLUTE
    _printf_longlong_dec                     0x00000000   Number         0  stubs.o ABSOLUTE
    _printf_longlong_hex                     0x00000000   Number         0  stubs.o ABSOLUTE
    _printf_longlong_oct                     0x00000000   Number         0  stubs.o ABSOLUTE
    _printf_ls                               0x00000000   Number         0  stubs.o ABSOLUTE
    _printf_mbtowc                           0x00000000   Number         0  stubs.o ABSOLUTE
    _printf_n                                0x00000000   Number         0  stubs.o ABSOLUTE
    _printf_o                                0x00000000   Number         0  stubs.o ABSOLUTE
    _printf_p                                0x00000000   Number         0  stubs.o ABSOLUTE
    _printf_percent                          0x00000000   Number         0  stubs.o ABSOLUTE
    _printf_pre_padding                      0x00000000   Number         0  stubs.o ABSOLUTE
    _printf_return_value                     0x00000000   Number         0  stubs.o ABSOLUTE
    _printf_s                                0x00000000   Number         0  stubs.o ABSOLUTE
    _printf_sizespec                         0x00000000   Number         0  stubs.o ABSOLUTE
    _printf_str                              0x00000000   Number         0  stubs.o ABSOLUTE
    _printf_truncate_signed                  0x00000000   Number         0  stubs.o ABSOLUTE
    _printf_truncate_unsigned                0x00000000   Number         0  stubs.o ABSOLUTE
    _printf_u                                0x00000000   Number         0  stubs.o ABSOLUTE
    _printf_wc                               0x00000000   Number         0  stubs.o ABSOLUTE
    _printf_wctomb                           0x00000000   Number         0  stubs.o ABSOLUTE
    _printf_widthprec                        0x00000000   Number         0  stubs.o ABSOLUTE
    _printf_x                                0x00000000   Number         0  stubs.o ABSOLUTE
    __cpp_initialize__aeabi_                  - Undefined Weak Reference
    __cxa_finalize                            - Undefined Weak Reference
    __decompress                              - Undefined Weak Reference
    _clock_init                               - Undefined Weak Reference
    _microlib_exit                            - Undefined Weak Reference
    __Vectors_Size                           0x000000c0   Number         0  startup_stm32l053xx.o ABSOLUTE
    __Vectors                                0x08000000   Data           4  startup_stm32l053xx.o(RESET)
    __Vectors_End                            0x080000c0   Data           0  startup_stm32l053xx.o(RESET)
    __main                                   0x080000c1   Thumb Code     0  entry.o(.ARM.Collect$$$$00000000)
    _main_stk                                0x080000c1   Thumb Code     0  entry2.o(.ARM.Collect$$$$00000001)
    _main_scatterload                        0x080000c5   Thumb Code     0  entry5.o(.ARM.Collect$$$$00000004)
    __main_after_scatterload                 0x080000c9   Thumb Code     0  entry5.o(.ARM.Collect$$$$00000004)
    _main_clock                              0x080000c9   Thumb Code     0  entry7b.o(.ARM.Collect$$$$00000008)
    _main_cpp_init                           0x080000c9   Thumb Code     0  entry8b.o(.ARM.Collect$$$$0000000A)
    _main_init                               0x080000c9   Thumb Code     0  entry9a.o(.ARM.Collect$$$$0000000B)
    __rt_final_cpp                           0x080000d1   Thumb Code     0  entry10a.o(.ARM.Collect$$$$0000000D)
    __rt_final_exit                          0x080000d1   Thumb Code     0  entry11a.o(.ARM.Collect$$$$0000000F)
    Reset_Handler                            0x080000d5   Thumb Code     8  startup_stm32l053xx.o(.text)
    ADC1_COMP_IRQHandler                     0x080000e7   Thumb Code     0  startup_stm32l053xx.o(.text)
    DMA1_Channel1_IRQHandler                 0x080000e7   Thumb Code     0  startup_stm32l053xx.o(.text)
    DMA1_Channel2_3_IRQHandler               0x080000e7   Thumb Code     0  startup_stm32l053xx.o(.text)
    DMA1_Channel4_5_6_7_IRQHandler           0x080000e7   Thumb Code     0  startup_stm32l053xx.o(.text)
    EXTI2_3_IRQHandler                       0x080000e7   Thumb Code     0  startup_stm32l053xx.o(.text)
    FLASH_IRQHandler                         0x080000e7   Thumb Code     0  startup_stm32l053xx.o(.text)
    I2C1_IRQHandler                          0x080000e7   Thumb Code     0  startup_stm32l053xx.o(.text)
    I2C2_IRQHandler                          0x080000e7   Thumb Code     0  startup_stm32l053xx.o(.text)
    LCD_IRQHandler                           0x080000e7   Thumb Code     0  startup_stm32l053xx.o(.text)
    LPTIM1_IRQHandler                        0x080000e7   Thumb Code     0  startup_stm32l053xx.o(.text)
    PVD_IRQHandler                           0x080000e7   Thumb Code     0  startup_stm32l053xx.o(.text)
    RCC_CRS_IRQHandler                       0x080000e7   Thumb Code     0  startup_stm32l053xx.o(.text)
    RNG_LPUART1_IRQHandler                   0x080000e7   Thumb Code     0  startup_stm32l053xx.o(.text)
    RTC_IRQHandler                           0x080000e7   Thumb Code     0  startup_stm32l053xx.o(.text)
    SPI1_IRQHandler                          0x080000e7   Thumb Code     0  startup_stm32l053xx.o(.text)
    SPI2_IRQHandler                          0x080000e7   Thumb Code     0  startup_stm32l053xx.o(.text)
    TIM21_IRQHandler                         0x080000e7   Thumb Code     0  startup_stm32l053xx.o(.text)
    TIM22_IRQHandler                         0x080000e7   Thumb Code     0  startup_stm32l053xx.o(.text)
    TIM2_IRQHandler                          0x080000e7   Thumb Code     0  startup_stm32l053xx.o(.text)
    TIM6_DAC_IRQHandler                      0x080000e7   Thumb Code     0  startup_stm32l053xx.o(.text)
    TSC_IRQHandler                           0x080000e7   Thumb Code     0  startup_stm32l053xx.o(.text)
    USART1_IRQHandler                        0x080000e7   Thumb Code     0  startup_stm32l053xx.o(.text)
    USART2_IRQHandler                        0x080000e7   Thumb Code     0  startup_stm32l053xx.o(.text)
    USB_IRQHandler                           0x080000e7   Thumb Code     0  startup_stm32l053xx.o(.text)
    WWDG_IRQHandler                          0x080000e7   Thumb Code     0  startup_stm32l053xx.o(.text)
    __aeabi_uidiv                            0x080000f1   Thumb Code     0  uidiv.o(.text)
    __aeabi_uidivmod                         0x080000f1   Thumb Code    44  uidiv.o(.text)
    __aeabi_uldivmod                         0x0800011d   Thumb Code    96  uldiv.o(.text)
    ___aeabi_memcpy$ret                      0x0800017d   Thumb Code    40  memcpy.o(.text)
    ___aeabi_memcpy4$ret                     0x0800017d   Thumb Code     0  memcpy.o(.text)
    ___aeabi_memcpy8$ret                     0x0800017d   Thumb Code     0  memcpy.o(.text)
    memcpy                                   0x0800017d   Thumb Code     0  memcpy.o(.text)
    __aeabi_memset                           0x080001a5   Thumb Code    14  memseta.o(.text)
    __aeabi_memset4                          0x080001a5   Thumb Code     0  memseta.o(.text)
    __aeabi_memset8                          0x080001a5   Thumb Code     0  memseta.o(.text)
    __aeabi_memclr                           0x080001b3   Thumb Code     4  memseta.o(.text)
    __aeabi_memclr4                          0x080001b3   Thumb Code     0  memseta.o(.text)
    __aeabi_memclr8                          0x080001b3   Thumb Code     0  memseta.o(.text)
    memset                                   0x080001b7   Thumb Code    18  memseta.o(.text)
    __aeabi_dmul                             0x080001c9   Thumb Code   202  dmul.o(.text)
    __aeabi_ddiv                             0x08000299   Thumb Code   234  ddiv.o(.text)
    __aeabi_i2f                              0x08000389   Thumb Code    22  fflti.o(.text)
    __aeabi_i2d                              0x080003a1   Thumb Code    34  dflti.o(.text)
    __aeabi_f2d                              0x080003c9   Thumb Code    40  f2d.o(.text)
    __aeabi_d2f                              0x080003f1   Thumb Code    56  d2f.o(.text)
    __aeabi_cfcmpeq                          0x08000429   Thumb Code     0  cfcmple.o(.text)
    __aeabi_cfcmple                          0x08000429   Thumb Code    20  cfcmple.o(.text)
    __aeabi_llsl                             0x0800043d   Thumb Code    32  llshl.o(.text)
    _ll_shift_l                              0x0800043d   Thumb Code     0  llshl.o(.text)
    __aeabi_llsr                             0x0800045d   Thumb Code    34  llushr.o(.text)
    _ll_ushift_r                             0x0800045d   Thumb Code     0  llushr.o(.text)
    __I$use$fp                               0x0800047f   Thumb Code     0  iusefp.o(.text)
    _float_round                             0x0800047f   Thumb Code    16  fepilogue.o(.text)
    _float_epilogue                          0x0800048f   Thumb Code   114  fepilogue.o(.text)
    _double_round                            0x08000501   Thumb Code    26  depilogue.o(.text)
    _double_epilogue                         0x0800051b   Thumb Code   164  depilogue.o(.text)
    __aeabi_dadd                             0x080005c1   Thumb Code   328  dadd.o(.text)
    __aeabi_dsub                             0x08000709   Thumb Code    12  dadd.o(.text)
    __aeabi_drsub                            0x08000715   Thumb Code    12  dadd.o(.text)
    __ARM_scalbn                             0x08000725   Thumb Code    44  dscalb.o(.text)
    scalbn                                   0x08000725   Thumb Code     0  dscalb.o(.text)
    __aeabi_d2ulz                            0x08000751   Thumb Code    54  dfixul.o(.text)
    __aeabi_cdrcmple                         0x08000791   Thumb Code    38  cdrcmple.o(.text)
    __scatterload                            0x080007b9   Thumb Code    28  init.o(.text)
    __scatterload_rt2                        0x080007b9   Thumb Code     0  init.o(.text)
    __aeabi_lasr                             0x080007dd   Thumb Code    38  llsshr.o(.text)
    _ll_sshift_r                             0x080007dd   Thumb Code     0  llsshr.o(.text)
    _dsqrt                                   0x08000803   Thumb Code   162  dsqrt.o(.text)
    BNRG_SPI_Init                            0x080008a5   Thumb Code    56  stm32_bluenrg_ble.o(i.BNRG_SPI_Init)
    BSP_LED_Init                             0x080008e5   Thumb Code    96  stm32l0xx_nucleo.o(i.BSP_LED_Init)
    BSP_LED_Toggle                           0x08000951   Thumb Code    22  stm32l0xx_nucleo.o(i.BSP_LED_Toggle)
    BSP_PB_Init                              0x08000971   Thumb Code   128  stm32l0xx_nucleo.o(i.BSP_PB_Init)
    BlueNRG_DataPresent                      0x08000a05   Thumb Code    22  stm32_bluenrg_ble.o(i.BlueNRG_DataPresent)
    BlueNRG_RST                              0x08000a1b   Thumb Code    42  stm32_bluenrg_ble.o(i.BlueNRG_RST)
    BlueNRG_SPI_Read_All                     0x08000a45   Thumb Code   150  stm32_bluenrg_ble.o(i.BlueNRG_SPI_Read_All)
    BlueNRG_SPI_Write                        0x08000ae9   Thumb Code   180  stm32_bluenrg_ble.o(i.BlueNRG_SPI_Write)
    Clear_SPI_EXTI_Flag                      0x08000bb1   Thumb Code     8  stm32_bluenrg_ble.o(i.Clear_SPI_EXTI_Flag)
    Disable_SPI_IRQ                          0x08000bbd   Thumb Code    10  stm32_bluenrg_ble.o(i.Disable_SPI_IRQ)
    EXTI0_1_IRQHandler                       0x08000bc7   Thumb Code    10  stm32xx_it.o(i.EXTI0_1_IRQHandler)
    EXTI4_15_IRQHandler                      0x08000bd1   Thumb Code    18  stm32xx_it.o(i.EXTI4_15_IRQHandler)
    Enable_SPI_IRQ                           0x08000be9   Thumb Code    10  stm32_bluenrg_ble.o(i.Enable_SPI_IRQ)
    Error_Handler                            0x08000bf3   Thumb Code    16  main.o(i.Error_Handler)
    Evt_AD_REPORT_GET_DATA                   0x08000c05   Thumb Code   476  sample_service.o(i.Evt_AD_REPORT_GET_DATA)
    Evt_Attribute_Modified_CB                0x08000e39   Thumb Code    14  sample_service.o(i.Evt_Attribute_Modified_CB)
    Evt_ConnectionComplete_CB                0x08000e4d   Thumb Code    30  sample_service.o(i.Evt_ConnectionComplete_CB)
    Evt_DisconnectionComplete_CB             0x08000e79   Thumb Code    18  sample_service.o(i.Evt_DisconnectionComplete_CB)
    Evt_ProcetureComplete                    0x08000e95   Thumb Code    76  sample_service.o(i.Evt_ProcetureComplete)
    Evt_Read_Char_By_Uuid_Resp_CB            0x08000ef9   Thumb Code    36  sample_service.o(i.Evt_Read_Char_By_Uuid_Resp_CB)
    HAL_Delay                                0x08000f31   Thumb Code    26  stm32l0xx_hal.o(i.HAL_Delay)
    HAL_GPIO_EXTI_Callback                   0x08000f4b   Thumb Code    10  bluenrg_interface.o(i.HAL_GPIO_EXTI_Callback)
    HAL_GPIO_EXTI_IRQHandler                 0x08000f55   Thumb Code    26  stm32l0xx_hal_gpio.o(i.HAL_GPIO_EXTI_IRQHandler)
    HAL_GPIO_Init                            0x08000f75   Thumb Code   462  stm32l0xx_hal_gpio.o(i.HAL_GPIO_Init)
    HAL_GPIO_ReadPin                         0x08001161   Thumb Code    18  stm32l0xx_hal_gpio.o(i.HAL_GPIO_ReadPin)
    HAL_GPIO_TogglePin                       0x08001173   Thumb Code     8  stm32l0xx_hal_gpio.o(i.HAL_GPIO_TogglePin)
    HAL_GPIO_WritePin                        0x0800117b   Thumb Code    12  stm32l0xx_hal_gpio.o(i.HAL_GPIO_WritePin)
    HAL_GetTick                              0x08001189   Thumb Code     6  stm32l0xx_hal.o(i.HAL_GetTick)
    HAL_IncTick                              0x08001195   Thumb Code    12  stm32l0xx_hal.o(i.HAL_IncTick)
    HAL_Init                                 0x080011a5   Thumb Code    28  stm32l0xx_hal.o(i.HAL_Init)
    HAL_InitTick                             0x080011c5   Thumb Code    36  stm32l0xx_hal.o(i.HAL_InitTick)
    HAL_MspInit                              0x080011ed   Thumb Code     2  stm32l0xx_hal.o(i.HAL_MspInit)
    HAL_NVIC_DisableIRQ                      0x080011f1   Thumb Code    18  stm32l0xx_hal_cortex.o(i.HAL_NVIC_DisableIRQ)
    HAL_NVIC_EnableIRQ                       0x08001209   Thumb Code    18  stm32l0xx_hal_cortex.o(i.HAL_NVIC_EnableIRQ)
    HAL_NVIC_SetPriority                     0x08001221   Thumb Code    18  stm32l0xx_hal_cortex.o(i.HAL_NVIC_SetPriority)
    HAL_NVIC_SystemReset                     0x08001235   Thumb Code    48  stm32l0xx_hal_cortex.o(i.HAL_NVIC_SystemReset)
    HAL_RCCEx_GetPeriphCLKFreq               0x0800126d   Thumb Code   782  stm32l0xx_hal_rcc_ex.o(i.HAL_RCCEx_GetPeriphCLKFreq)
    HAL_RCC_ClockConfig                      0x080015a5   Thumb Code   482  stm32l0xx_hal_rcc.o(i.HAL_RCC_ClockConfig)
    HAL_RCC_GetHCLKFreq                      0x0800179d   Thumb Code     6  stm32l0xx_hal_rcc.o(i.HAL_RCC_GetHCLKFreq)
    HAL_RCC_GetPCLK1Freq                     0x080017a9   Thumb Code    26  stm32l0xx_hal_rcc.o(i.HAL_RCC_GetPCLK1Freq)
    HAL_RCC_GetPCLK2Freq                     0x080017cd   Thumb Code    26  stm32l0xx_hal_rcc.o(i.HAL_RCC_GetPCLK2Freq)
    HAL_RCC_GetSysClockFreq                  0x080017f1   Thumb Code   206  stm32l0xx_hal_rcc.o(i.HAL_RCC_GetSysClockFreq)
    HAL_RCC_OscConfig                        0x080018d5   Thumb Code  1732  stm32l0xx_hal_rcc.o(i.HAL_RCC_OscConfig)
    HAL_SPI_Init                             0x08001fa9   Thumb Code   142  stm32l0xx_hal_spi.o(i.HAL_SPI_Init)
    HAL_SPI_MspInit                          0x08002039   Thumb Code   414  stm32l0xx_hal_msp.o(i.HAL_SPI_MspInit)
    HAL_SPI_TransmitReceive                  0x080021e9   Thumb Code   894  stm32l0xx_hal_spi.o(i.HAL_SPI_TransmitReceive)
    HAL_SYSTICK_Config                       0x08002569   Thumb Code    46  stm32l0xx_hal_cortex.o(i.HAL_SYSTICK_Config)
    HAL_UART_Init                            0x080025a1   Thumb Code   130  stm32l0xx_hal_uart.o(i.HAL_UART_Init)
    HAL_UART_MspInit                         0x08002625   Thumb Code   128  main.o(i.HAL_UART_MspInit)
    HAL_UART_Transmit                        0x080026a9   Thumb Code   240  stm32l0xx_hal_uart.o(i.HAL_UART_Transmit)
    HCI_Event_CB                             0x08002799   Thumb Code   208  sample_service.o(i.HCI_Event_CB)
    HCI_Init                                 0x08002871   Thumb Code    42  hci.o(i.HCI_Init)
    HCI_Isr                                  0x080028a9   Thumb Code   114  hci.o(i.HCI_Isr)
    HCI_Process                              0x08002925   Thumb Code    74  hci.o(i.HCI_Process)
    HCI_Queue_Empty                          0x08002979   Thumb Code    10  hci.o(i.HCI_Queue_Empty)
    HCI_verify                               0x08002989   Thumb Code    36  hci.o(i.HCI_verify)
    Hal_Write_Serial                         0x080029ad   Thumb Code    56  stm32_bluenrg_ble.o(i.Hal_Write_Serial)
    HardFault_Handler                        0x080029e5   Thumb Code     4  stm32xx_it.o(i.HardFault_Handler)
    Init                                     0x080029e9   Thumb Code    38  main.o(i.Init)
    NMI_Handler                              0x08002a0f   Thumb Code     2  stm32xx_it.o(i.NMI_Handler)
    Osal_MemCpy                              0x08002a89   Thumb Code    20  osal.o(i.Osal_MemCpy)
    Osal_MemSet                              0x08002a9d   Thumb Code    20  osal.o(i.Osal_MemSet)
    PRINT_MESG_UART                          0x08002ab1   Thumb Code    60  uart_support.o(i.PRINT_MESG_UART)
    PendSV_Handler                           0x08002af1   Thumb Code     2  stm32xx_it.o(i.PendSV_Handler)
    RssiToDis                                0x08002b8d   Thumb Code    98  sample_service.o(i.RssiToDis)
    SVC_Handler                              0x08002d19   Thumb Code     2  stm32xx_it.o(i.SVC_Handler)
    SysTick_Handler                          0x08002d1d   Thumb Code    18  stm32xx_it.o(i.SysTick_Handler)
    SystemClock_Config                       0x08002d35   Thumb Code   112  cube_hal_l0.o(i.SystemClock_Config)
    SystemInit                               0x08002dad   Thumb Code    88  system_stm32l0xx.o(i.SystemInit)
    Timer_Expired                            0x08002e15   Thumb Code    28  gp_timer.o(i.Timer_Expired)
    Timer_Reset                              0x08002e31   Thumb Code    10  gp_timer.o(i.Timer_Reset)
    Timer_Set                                0x08002e3b   Thumb Code    16  gp_timer.o(i.Timer_Set)
    UART_AdvFeatureConfig                    0x08002e4b   Thumb Code   240  stm32l0xx_hal_uart.o(i.UART_AdvFeatureConfig)
    UART_CheckIdleState                      0x08002f3d   Thumb Code   112  stm32l0xx_hal_uart.o(i.UART_CheckIdleState)
    UART_SetConfig                           0x08002fb1   Thumb Code   930  stm32l0xx_hal_uart.o(i.UART_SetConfig)
    UART_WaitOnFlagUntilTimeout              0x08003381   Thumb Code   112  stm32l0xx_hal_uart.o(i.UART_WaitOnFlagUntilTimeout)
    User_Process                             0x080033f1   Thumb Code   270  main.o(i.User_Process)
    __0sprintf                               0x08003535   Thumb Code    36  printfa.o(i.__0sprintf)
    __1sprintf                               0x08003535   Thumb Code     0  printfa.o(i.__0sprintf)
    __2sprintf                               0x08003535   Thumb Code     0  printfa.o(i.__0sprintf)
    __c89sprintf                             0x08003535   Thumb Code     0  printfa.o(i.__0sprintf)
    sprintf                                  0x08003535   Thumb Code     0  printfa.o(i.__0sprintf)
    __0vsnprintf                             0x0800355d   Thumb Code    40  printfa.o(i.__0vsnprintf)
    __1vsnprintf                             0x0800355d   Thumb Code     0  printfa.o(i.__0vsnprintf)
    __2vsnprintf                             0x0800355d   Thumb Code     0  printfa.o(i.__0vsnprintf)
    __c89vsnprintf                           0x0800355d   Thumb Code     0  printfa.o(i.__0vsnprintf)
    vsnprintf                                0x0800355d   Thumb Code     0  printfa.o(i.__0vsnprintf)
    __ARM_clz                                0x08003589   Thumb Code    46  depilogue.o(i.__ARM_clz)
    __ARM_common_ll_muluu                    0x080035b7   Thumb Code    48  stm32l0xx_hal_uart.o(i.__ARM_common_ll_muluu)
    __ARM_common_switch8                     0x080035e7   Thumb Code    28  main.o(i.__ARM_common_switch8)
    __ARM_fpclassify                         0x08003605   Thumb Code    40  fpclassify.o(i.__ARM_fpclassify)
    __kernel_poly                            0x08003637   Thumb Code   172  poly.o(i.__kernel_poly)
    __mathlib_dbl_divzero                    0x080036e5   Thumb Code    16  dunder.o(i.__mathlib_dbl_divzero)
    __mathlib_dbl_infnan2                    0x080036f9   Thumb Code     8  dunder.o(i.__mathlib_dbl_infnan2)
    __mathlib_dbl_invalid                    0x08003701   Thumb Code    16  dunder.o(i.__mathlib_dbl_invalid)
    __mathlib_dbl_overflow                   0x08003711   Thumb Code    16  dunder.o(i.__mathlib_dbl_overflow)
    __mathlib_dbl_underflow                  0x08003725   Thumb Code    14  dunder.o(i.__mathlib_dbl_underflow)
    __scatterload_copy                       0x08003739   Thumb Code    14  handlers.o(i.__scatterload_copy)
    __scatterload_null                       0x08003747   Thumb Code     2  handlers.o(i.__scatterload_null)
    __scatterload_zeroinit                   0x08003749   Thumb Code    14  handlers.o(i.__scatterload_zeroinit)
    __set_errno                              0x0800375d   Thumb Code     6  errno.o(i.__set_errno)
    aci_gap_create_connection                0x08004035   Thumb Code   124  bluenrg_gap_aci.o(i.aci_gap_create_connection)
    aci_gap_init_IDB05A1                     0x080040b1   Thumb Code   140  bluenrg_gap_aci.o(i.aci_gap_init_IDB05A1)
    aci_gap_start_general_discovery_proc     0x0800413d   Thumb Code    86  bluenrg_gap_aci.o(i.aci_gap_start_general_discovery_proc)
    aci_gap_terminate                        0x08004193   Thumb Code    78  bluenrg_gap_aci.o(i.aci_gap_terminate)
    aci_gap_terminate_gap_procedure          0x080041e1   Thumb Code    64  bluenrg_gap_aci.o(i.aci_gap_terminate_gap_procedure)
    aci_gatt_disc_charac_by_uuid             0x08004221   Thumb Code   164  bluenrg_gatt_aci.o(i.aci_gatt_disc_charac_by_uuid)
    aci_gatt_init                            0x080042c5   Thumb Code    56  bluenrg_gatt_aci.o(i.aci_gatt_init)
    aci_gatt_write_without_response          0x080042fd   Thumb Code   100  bluenrg_gatt_aci.o(i.aci_gatt_write_without_response)
    aci_hal_set_tx_power_level               0x08004361   Thumb Code    74  bluenrg_hal_aci.o(i.aci_hal_set_tx_power_level)
    aci_hal_write_config_data                0x080043ab   Thumb Code   112  bluenrg_hal_aci.o(i.aci_hal_write_config_data)
    dataPack                                 0x0800441d   Thumb Code    72  sample_service.o(i.dataPack)
    hci_send_cmd                             0x0800449d   Thumb Code    54  hci.o(i.hci_send_cmd)
    hci_send_req                             0x080044d5   Thumb Code   456  hci.o(i.hci_send_req)
    hci_write                                0x080046a5   Thumb Code    24  hci.o(i.hci_write)
    list_get_size                            0x080046bd   Thumb Code    36  ble_list.o(i.list_get_size)
    list_init_head                           0x080046e1   Thumb Code     6  ble_list.o(i.list_init_head)
    list_insert_head                         0x080046e7   Thumb Code    34  ble_list.o(i.list_insert_head)
    list_insert_tail                         0x08004709   Thumb Code    34  ble_list.o(i.list_insert_tail)
    list_is_empty                            0x0800472b   Thumb Code    34  ble_list.o(i.list_is_empty)
    list_remove_head                         0x0800474d   Thumb Code    42  ble_list.o(i.list_remove_head)
    list_remove_node                         0x08004777   Thumb Code    32  ble_list.o(i.list_remove_node)
    list_remove_tail                         0x08004797   Thumb Code    42  ble_list.o(i.list_remove_tail)
    main                                     0x080047c1   Thumb Code   156  main.o(i.main)
    pow                                      0x080048dd   Thumb Code  2548  pow.o(i.pow)
    set_irq_as_input                         0x080052d9   Thumb Code    52  stm32_bluenrg_ble.o(i.set_irq_as_input)
    set_irq_as_output                        0x08005311   Thumb Code    44  stm32_bluenrg_ble.o(i.set_irq_as_output)
    sqrt                                     0x0800533d   Thumb Code    66  sqrt.o(i.sqrt)
    vcom_init                                0x080053a1   Thumb Code    44  main.o(i.vcom_init)
    local_name_anchor                        0x080053d4   Data           8  sample_service.o(.constdata)
    service_uuid                             0x080053dc   Data          16  sample_service.o(.constdata)
    charUuidPosition                         0x080053ec   Data          16  sample_service.o(.constdata)
    charUuidRoomSize                         0x080053fc   Data          16  sample_service.o(.constdata)
    LED_PIN                                  0x0800540c   Data           2  stm32l0xx_nucleo.o(.constdata)
    BUTTON_PIN                               0x0800540e   Data           2  stm32l0xx_nucleo.o(.constdata)
    BUTTON_IRQn                              0x08005410   Data           1  stm32l0xx_nucleo.o(.constdata)
    AHBPrescTable                            0x08005411   Data          16  system_stm32l0xx.o(.constdata)
    APBPrescTable                            0x08005421   Data           8  system_stm32l0xx.o(.constdata)
    PLLMulTable                              0x08005429   Data           9  system_stm32l0xx.o(.constdata)
    __mathlib_zero                           0x080054c0   Data           8  qnan.o(.constdata)
    Region$$Table$$Base                      0x080054c8   Number         0  anon$$obj.o(Region$$Table)
    Region$$Table$$Limit                     0x080054e8   Number         0  anon$$obj.o(Region$$Table)
    t                                        0x20000000   Data           8  main.o(.data)
    ret                                      0x20000008   Data           1  main.o(.data)
    resp                                     0x20000009   Data           1  main.o(.data)
    bdaddr                                   0x2000000a   Data           6  main.o(.data)
    bdaddr_anchor1                           0x20000010   Data           6  sample_service.o(.data)
    bdaddr_anchor2                           0x20000016   Data           6  sample_service.o(.data)
    bdaddr_anchor3                           0x2000001c   Data           6  sample_service.o(.data)
    bdaddr_tag                               0x20000022   Data           6  sample_service.o(.data)
    bdaddr_server                            0x20000028   Data           6  sample_service.o(.data)
    t_event                                  0x20000030   Data           4  sample_service.o(.data)
    t_connection                             0x20000034   Data           4  sample_service.o(.data)
    t_disconnection                          0x20000038   Data           4  sample_service.o(.data)
    t_modified                               0x2000003c   Data           4  sample_service.o(.data)
    t_readChar                               0x20000040   Data           4  sample_service.o(.data)
    t_endpro_other                           0x20000044   Data           4  sample_service.o(.data)
    t_endpro_1                               0x20000048   Data           4  sample_service.o(.data)
    t_endpro_2                               0x2000004c   Data           4  sample_service.o(.data)
    t_recvadv                                0x20000050   Data           4  sample_service.o(.data)
    count1                                   0x20000054   Data           4  sample_service.o(.data)
    count2                                   0x20000058   Data           4  sample_service.o(.data)
    count3                                   0x2000005c   Data           4  sample_service.o(.data)
    tagstate                                 0x20000060   Data           1  sample_service.o(.data)
    c1IsReceving                             0x20000061   Data           1  sample_service.o(.data)
    c2IsReceving                             0x20000062   Data           1  sample_service.o(.data)
    DIS                                      0x20000064   Data           4  sample_service.o(.data)
    d1                                       0x20000068   Data           4  sample_service.o(.data)
    d2                                       0x2000006c   Data           4  sample_service.o(.data)
    d3                                       0x20000070   Data           4  sample_service.o(.data)
    x                                        0x20000074   Data           4  sample_service.o(.data)
    y                                        0x20000078   Data           4  sample_service.o(.data)
    count                                    0x2000007c   Data           4  sample_service.o(.data)
    sampleServHandle                         0x20000080   Data           2  sample_service.o(.data)
    positionCharHandle                       0x20000082   Data           2  sample_service.o(.data)
    roomSizeCharHandle                       0x20000084   Data           2  sample_service.o(.data)
    connection_handle                        0x20000086   Data           2  sample_service.o(.data)
    ms_counter                               0x20000088   Data           4  stm32xx_it.o(.data)
    button_event                             0x2000008c   Data           1  stm32xx_it.o(.data)
    LED_PORT                                 0x20000090   Data           4  stm32l0xx_nucleo.o(.data)
    BUTTON_PORT                              0x20000094   Data           4  stm32l0xx_nucleo.o(.data)
    SpixTimeout                              0x20000098   Data           4  stm32l0xx_nucleo.o(.data)
    SystemCoreClock                          0x200000a4   Data           4  system_stm32l0xx.o(.data)
    uwTick                                   0x200000a8   Data           4  stm32l0xx_hal.o(.data)
    hciReadPktPool                           0x200000ac   Data           8  hci.o(.data)
    hciReadPktRxQueue                        0x200000b4   Data           8  hci.o(.data)
    UartHandle                               0x200000c4   Data         112  main.o(.bss)
    SpiHandle                                0x20000134   Data          88  stm32_bluenrg_ble.o(.bss)
    __initial_sp                             0x20000848   Data           0  startup_stm32l053xx.o(STACK)



==============================================================================

Memory Map of the image

  Image Entry point : 0x080000c1

  Load Region LR_IROM1 (Base: 0x08000000, Size: 0x000055ac, Max: 0x00010000, ABSOLUTE)

    Execution Region ER_IROM1 (Base: 0x08000000, Size: 0x000054e8, Max: 0x00010000, ABSOLUTE)

    Base Addr    Size         Type   Attr      Idx    E Section Name        Object

    0x08000000   0x000000c0   Data   RO            3    RESET               startup_stm32l053xx.o
    0x080000c0   0x00000000   Code   RO         4023  * .ARM.Collect$$$$00000000  mc_p.l(entry.o)
    0x080000c0   0x00000004   Code   RO         4344    .ARM.Collect$$$$00000001  mc_p.l(entry2.o)
    0x080000c4   0x00000004   Code   RO         4347    .ARM.Collect$$$$00000004  mc_p.l(entry5.o)
    0x080000c8   0x00000000   Code   RO         4349    .ARM.Collect$$$$00000008  mc_p.l(entry7b.o)
    0x080000c8   0x00000000   Code   RO         4351    .ARM.Collect$$$$0000000A  mc_p.l(entry8b.o)
    0x080000c8   0x00000008   Code   RO         4352    .ARM.Collect$$$$0000000B  mc_p.l(entry9a.o)
    0x080000d0   0x00000000   Code   RO         4354    .ARM.Collect$$$$0000000D  mc_p.l(entry10a.o)
    0x080000d0   0x00000000   Code   RO         4356    .ARM.Collect$$$$0000000F  mc_p.l(entry11a.o)
    0x080000d0   0x00000004   Code   RO         4345    .ARM.Collect$$$$00002712  mc_p.l(entry2.o)
    0x080000d4   0x0000001c   Code   RO            4    .text               startup_stm32l053xx.o
    0x080000f0   0x0000002c   Code   RO         4026    .text               mc_p.l(uidiv.o)
    0x0800011c   0x00000060   Code   RO         4028    .text               mc_p.l(uldiv.o)
    0x0800017c   0x00000028   Code   RO         4030    .text               mc_p.l(memcpy.o)
    0x080001a4   0x00000024   Code   RO         4034    .text               mc_p.l(memseta.o)
    0x080001c8   0x000000d0   Code   RO         4303    .text               mf_p.l(dmul.o)
    0x08000298   0x000000f0   Code   RO         4305    .text               mf_p.l(ddiv.o)
    0x08000388   0x00000016   Code   RO         4307    .text               mf_p.l(fflti.o)
    0x0800039e   0x00000002   PAD
    0x080003a0   0x00000028   Code   RO         4309    .text               mf_p.l(dflti.o)
    0x080003c8   0x00000028   Code   RO         4311    .text               mf_p.l(f2d.o)
    0x080003f0   0x00000038   Code   RO         4313    .text               mf_p.l(d2f.o)
    0x08000428   0x00000014   Code   RO         4315    .text               mf_p.l(cfcmple.o)
    0x0800043c   0x00000020   Code   RO         4361    .text               mc_p.l(llshl.o)
    0x0800045c   0x00000022   Code   RO         4363    .text               mc_p.l(llushr.o)
    0x0800047e   0x00000000   Code   RO         4374    .text               mc_p.l(iusefp.o)
    0x0800047e   0x00000082   Code   RO         4375    .text               mf_p.l(fepilogue.o)
    0x08000500   0x000000be   Code   RO         4377    .text               mf_p.l(depilogue.o)
    0x080005be   0x00000002   PAD
    0x080005c0   0x00000164   Code   RO         4381    .text               mf_p.l(dadd.o)
    0x08000724   0x0000002c   Code   RO         4383    .text               mf_p.l(dscalb.o)
    0x08000750   0x00000040   Code   RO         4385    .text               mf_p.l(dfixul.o)
    0x08000790   0x00000028   Code   RO         4387    .text               mf_p.l(cdrcmple.o)
    0x080007b8   0x00000024   Code   RO         4389    .text               mc_p.l(init.o)
    0x080007dc   0x00000026   Code   RO         4392    .text               mc_p.l(llsshr.o)
    0x08000802   0x000000a2   Code   RO         4403    .text               mf_p.l(dsqrt.o)
    0x080008a4   0x00000040   Code   RO          781    i.BNRG_SPI_Init     stm32_bluenrg_ble.o
    0x080008e4   0x0000006c   Code   RO          583    i.BSP_LED_Init      stm32l0xx_nucleo.o
    0x08000950   0x00000020   Code   RO          586    i.BSP_LED_Toggle    stm32l0xx_nucleo.o
    0x08000970   0x00000094   Code   RO          589    i.BSP_PB_Init       stm32l0xx_nucleo.o
    0x08000a04   0x00000016   Code   RO          782    i.BlueNRG_DataPresent  stm32_bluenrg_ble.o
    0x08000a1a   0x0000002a   Code   RO          784    i.BlueNRG_RST       stm32_bluenrg_ble.o
    0x08000a44   0x000000a4   Code   RO          785    i.BlueNRG_SPI_Read_All  stm32_bluenrg_ble.o
    0x08000ae8   0x000000c8   Code   RO          786    i.BlueNRG_SPI_Write  stm32_bluenrg_ble.o
    0x08000bb0   0x0000000c   Code   RO          787    i.Clear_SPI_EXTI_Flag  stm32_bluenrg_ble.o
    0x08000bbc   0x0000000a   Code   RO          789    i.Disable_SPI_IRQ   stm32_bluenrg_ble.o
    0x08000bc6   0x0000000a   Code   RO          426    i.EXTI0_1_IRQHandler  stm32xx_it.o
    0x08000bd0   0x00000018   Code   RO          427    i.EXTI4_15_IRQHandler  stm32xx_it.o
    0x08000be8   0x0000000a   Code   RO          790    i.Enable_SPI_IRQ    stm32_bluenrg_ble.o
    0x08000bf2   0x00000010   Code   RO          195    i.Error_Handler     main.o
    0x08000c02   0x00000002   PAD
    0x08000c04   0x00000234   Code   RO          318    i.Evt_AD_REPORT_GET_DATA  sample_service.o
    0x08000e38   0x00000014   Code   RO          319    i.Evt_Attribute_Modified_CB  sample_service.o
    0x08000e4c   0x0000002c   Code   RO          320    i.Evt_ConnectionComplete_CB  sample_service.o
    0x08000e78   0x0000001c   Code   RO          321    i.Evt_DisconnectionComplete_CB  sample_service.o
    0x08000e94   0x00000064   Code   RO          323    i.Evt_ProcetureComplete  sample_service.o
    0x08000ef8   0x00000038   Code   RO          324    i.Evt_Read_Char_By_Uuid_Resp_CB  sample_service.o
    0x08000f30   0x0000001a   Code   RO          930    i.HAL_Delay         stm32l0xx_hal.o
    0x08000f4a   0x0000000a   Code   RO           12    i.HAL_GPIO_EXTI_Callback  bluenrg_interface.o
    0x08000f54   0x00000020   Code   RO         1755    i.HAL_GPIO_EXTI_IRQHandler  stm32l0xx_hal_gpio.o
    0x08000f74   0x000001ec   Code   RO         1756    i.HAL_GPIO_Init     stm32l0xx_hal_gpio.o
    0x08001160   0x00000012   Code   RO         1758    i.HAL_GPIO_ReadPin  stm32l0xx_hal_gpio.o
    0x08001172   0x00000008   Code   RO         1759    i.HAL_GPIO_TogglePin  stm32l0xx_hal_gpio.o
    0x0800117a   0x0000000c   Code   RO         1760    i.HAL_GPIO_WritePin  stm32l0xx_hal_gpio.o
    0x08001186   0x00000002   PAD
    0x08001188   0x0000000c   Code   RO          934    i.HAL_GetTick       stm32l0xx_hal.o
    0x08001194   0x00000010   Code   RO          935    i.HAL_IncTick       stm32l0xx_hal.o
    0x080011a4   0x00000020   Code   RO          936    i.HAL_Init          stm32l0xx_hal.o
    0x080011c4   0x00000028   Code   RO          937    i.HAL_InitTick      stm32l0xx_hal.o
    0x080011ec   0x00000002   Code   RO          939    i.HAL_MspInit       stm32l0xx_hal.o
    0x080011ee   0x00000002   PAD
    0x080011f0   0x00000018   Code   RO         1327    i.HAL_NVIC_DisableIRQ  stm32l0xx_hal_cortex.o
    0x08001208   0x00000018   Code   RO         1328    i.HAL_NVIC_EnableIRQ  stm32l0xx_hal_cortex.o
    0x08001220   0x00000012   Code   RO         1332    i.HAL_NVIC_SetPriority  stm32l0xx_hal_cortex.o
    0x08001232   0x00000002   PAD
    0x08001234   0x00000038   Code   RO         1333    i.HAL_NVIC_SystemReset  stm32l0xx_hal_cortex.o
    0x0800126c   0x00000338   Code   RO         2099    i.HAL_RCCEx_GetPeriphCLKFreq  stm32l0xx_hal_rcc_ex.o
    0x080015a4   0x000001f8   Code   RO         1988    i.HAL_RCC_ClockConfig  stm32l0xx_hal_rcc.o
    0x0800179c   0x0000000c   Code   RO         1992    i.HAL_RCC_GetHCLKFreq  stm32l0xx_hal_rcc.o
    0x080017a8   0x00000024   Code   RO         1994    i.HAL_RCC_GetPCLK1Freq  stm32l0xx_hal_rcc.o
    0x080017cc   0x00000024   Code   RO         1995    i.HAL_RCC_GetPCLK2Freq  stm32l0xx_hal_rcc.o
    0x080017f0   0x000000e4   Code   RO         1996    i.HAL_RCC_GetSysClockFreq  stm32l0xx_hal_rcc.o
    0x080018d4   0x000006d4   Code   RO         1999    i.HAL_RCC_OscConfig  stm32l0xx_hal_rcc.o
    0x08001fa8   0x0000008e   Code   RO         2220    i.HAL_SPI_Init      stm32l0xx_hal_spi.o
    0x08002036   0x00000002   PAD
    0x08002038   0x000001b0   Code   RO          554    i.HAL_SPI_MspInit   stm32l0xx_hal_msp.o
    0x080021e8   0x0000037e   Code   RO         2229    i.HAL_SPI_TransmitReceive  stm32l0xx_hal_spi.o
    0x08002566   0x00000002   PAD
    0x08002568   0x00000038   Code   RO         1336    i.HAL_SYSTICK_Config  stm32l0xx_hal_cortex.o
    0x080025a0   0x00000082   Code   RO         2473    i.HAL_UART_Init     stm32l0xx_hal_uart.o
    0x08002622   0x00000002   PAD
    0x08002624   0x00000084   Code   RO          196    i.HAL_UART_MspInit  main.o
    0x080026a8   0x000000f0   Code   RO         2481    i.HAL_UART_Transmit  stm32l0xx_hal_uart.o
    0x08002798   0x000000d8   Code   RO          325    i.HCI_Event_CB      sample_service.o
    0x08002870   0x00000038   Code   RO         2863    i.HCI_Init          hci.o
    0x080028a8   0x0000007c   Code   RO         2864    i.HCI_Isr           hci.o
    0x08002924   0x00000054   Code   RO         2865    i.HCI_Process       hci.o
    0x08002978   0x00000010   Code   RO         2866    i.HCI_Queue_Empty   hci.o
    0x08002988   0x00000024   Code   RO         2867    i.HCI_verify        hci.o
    0x080029ac   0x00000038   Code   RO          791    i.Hal_Write_Serial  stm32_bluenrg_ble.o
    0x080029e4   0x00000004   Code   RO          428    i.HardFault_Handler  stm32xx_it.o
    0x080029e8   0x00000026   Code   RO          197    i.Init              main.o
    0x08002a0e   0x00000002   Code   RO          429    i.NMI_Handler       stm32xx_it.o
    0x08002a10   0x00000078   Code   RO         1338    i.NVIC_SetPriority  stm32l0xx_hal_cortex.o
    0x08002a88   0x00000014   Code   RO         3991    i.Osal_MemCpy       osal.o
    0x08002a9c   0x00000014   Code   RO         3992    i.Osal_MemSet       osal.o
    0x08002ab0   0x00000040   Code   RO          495    i.PRINT_MESG_UART   uart_support.o
    0x08002af0   0x00000002   Code   RO          430    i.PendSV_Handler    stm32xx_it.o
    0x08002af2   0x00000002   PAD
    0x08002af4   0x00000098   Code   RO         2000    i.RCC_SetFlashLatencyFromMSIRange  stm32l0xx_hal_rcc.o
    0x08002b8c   0x00000074   Code   RO          326    i.RssiToDis         sample_service.o
    0x08002c00   0x00000118   Code   RO         2250    i.SPI_WaitOnFlagUntilTimeout  stm32l0xx_hal_spi.o
    0x08002d18   0x00000002   Code   RO          431    i.SVC_Handler       stm32xx_it.o
    0x08002d1a   0x00000002   PAD
    0x08002d1c   0x00000018   Code   RO          432    i.SysTick_Handler   stm32xx_it.o
    0x08002d34   0x00000078   Code   RO          175    i.SystemClock_Config  cube_hal_l0.o
    0x08002dac   0x00000068   Code   RO          889    i.SystemInit        system_stm32l0xx.o
    0x08002e14   0x0000001c   Code   RO         3850    i.Timer_Expired     gp_timer.o
    0x08002e30   0x0000000a   Code   RO         3852    i.Timer_Reset       gp_timer.o
    0x08002e3a   0x00000010   Code   RO         3854    i.Timer_Set         gp_timer.o
    0x08002e4a   0x000000f0   Code   RO         2486    i.UART_AdvFeatureConfig  stm32l0xx_hal_uart.o
    0x08002f3a   0x00000002   PAD
    0x08002f3c   0x00000074   Code   RO         2487    i.UART_CheckIdleState  stm32l0xx_hal_uart.o
    0x08002fb0   0x000003d0   Code   RO         2502    i.UART_SetConfig    stm32l0xx_hal_uart.o
    0x08003380   0x00000070   Code   RO         2504    i.UART_WaitOnFlagUntilTimeout  stm32l0xx_hal_uart.o
    0x080033f0   0x00000144   Code   RO          198    i.User_Process      main.o
    0x08003534   0x00000028   Code   RO         4273    i.__0sprintf        mc_p.l(printfa.o)
    0x0800355c   0x0000002c   Code   RO         4276    i.__0vsnprintf      mc_p.l(printfa.o)
    0x08003588   0x0000002e   Code   RO         4379    i.__ARM_clz         mf_p.l(depilogue.o)
    0x080035b6   0x00000030   Code   RO         2789    i.__ARM_common_ll_muluu  stm32l0xx_hal_uart.o
    0x080035e6   0x0000001c   Code   RO          244    i.__ARM_common_switch8  main.o
    0x08003602   0x00000002   PAD
    0x08003604   0x0000002c   Code   RO         4331    i.__ARM_fpclassify  m_ps.l(fpclassify.o)
    0x08003630   0x00000006   Code   RO         3894    i.__get_PRIMASK     ble_list.o
    0x08003636   0x000000ac   Code   RO         4333    i.__kernel_poly     m_ps.l(poly.o)
    0x080036e2   0x00000002   PAD
    0x080036e4   0x00000014   Code   RO         4317    i.__mathlib_dbl_divzero  m_ps.l(dunder.o)
    0x080036f8   0x00000008   Code   RO         4319    i.__mathlib_dbl_infnan2  m_ps.l(dunder.o)
    0x08003700   0x00000010   Code   RO         4320    i.__mathlib_dbl_invalid  m_ps.l(dunder.o)
    0x08003710   0x00000014   Code   RO         4321    i.__mathlib_dbl_overflow  m_ps.l(dunder.o)
    0x08003724   0x00000014   Code   RO         4323    i.__mathlib_dbl_underflow  m_ps.l(dunder.o)
    0x08003738   0x0000000e   Code   RO         4416    i.__scatterload_copy  mc_p.l(handlers.o)
    0x08003746   0x00000002   Code   RO         4417    i.__scatterload_null  mc_p.l(handlers.o)
    0x08003748   0x0000000e   Code   RO         4418    i.__scatterload_zeroinit  mc_p.l(handlers.o)
    0x08003756   0x00000006   Code   RO         3895    i.__set_PRIMASK     ble_list.o
    0x0800375c   0x0000000c   Code   RO         4367    i.__set_errno       mc_p.l(errno.o)
    0x08003768   0x00000174   Code   RO         4278    i._fp_digits        mc_p.l(printfa.o)
    0x080038dc   0x000006ec   Code   RO         4279    i._printf_core      mc_p.l(printfa.o)
    0x08003fc8   0x00000020   Code   RO         4280    i._printf_post_padding  mc_p.l(printfa.o)
    0x08003fe8   0x0000002c   Code   RO         4281    i._printf_pre_padding  mc_p.l(printfa.o)
    0x08004014   0x00000016   Code   RO         4282    i._snputc           mc_p.l(printfa.o)
    0x0800402a   0x0000000a   Code   RO         4283    i._sputc            mc_p.l(printfa.o)
    0x08004034   0x0000007c   Code   RO         3159    i.aci_gap_create_connection  bluenrg_gap_aci.o
    0x080040b0   0x0000008c   Code   RO         3164    i.aci_gap_init_IDB05A1  bluenrg_gap_aci.o
    0x0800413c   0x00000056   Code   RO         3188    i.aci_gap_start_general_discovery_proc  bluenrg_gap_aci.o
    0x08004192   0x0000004e   Code   RO         3193    i.aci_gap_terminate  bluenrg_gap_aci.o
    0x080041e0   0x00000040   Code   RO         3194    i.aci_gap_terminate_gap_procedure  bluenrg_gap_aci.o
    0x08004220   0x000000a4   Code   RO         3437    i.aci_gatt_disc_charac_by_uuid  bluenrg_gatt_aci.o
    0x080042c4   0x00000038   Code   RO         3442    i.aci_gatt_init     bluenrg_gatt_aci.o
    0x080042fc   0x00000064   Code   RO         3463    i.aci_gatt_write_without_response  bluenrg_gatt_aci.o
    0x08004360   0x0000004a   Code   RO         3704    i.aci_hal_set_tx_power_level  bluenrg_hal_aci.o
    0x080043aa   0x00000070   Code   RO         3707    i.aci_hal_write_config_data  bluenrg_hal_aci.o
    0x0800441a   0x00000002   PAD
    0x0800441c   0x0000004c   Code   RO          327    i.dataPack          sample_service.o
    0x08004468   0x00000034   Code   RO         2868    i.free_event_list   hci.o
    0x0800449c   0x00000036   Code   RO         2869    i.hci_send_cmd      hci.o
    0x080044d2   0x00000002   PAD
    0x080044d4   0x000001d0   Code   RO         2870    i.hci_send_req      hci.o
    0x080046a4   0x00000018   Code   RO         2872    i.hci_write         hci.o
    0x080046bc   0x00000024   Code   RO         3898    i.list_get_size     ble_list.o
    0x080046e0   0x00000006   Code   RO         3899    i.list_init_head    ble_list.o
    0x080046e6   0x00000022   Code   RO         3900    i.list_insert_head  ble_list.o
    0x08004708   0x00000022   Code   RO         3903    i.list_insert_tail  ble_list.o
    0x0800472a   0x00000022   Code   RO         3904    i.list_is_empty     ble_list.o
    0x0800474c   0x0000002a   Code   RO         3905    i.list_remove_head  ble_list.o
    0x08004776   0x00000020   Code   RO         3906    i.list_remove_node  ble_list.o
    0x08004796   0x0000002a   Code   RO         3907    i.list_remove_tail  ble_list.o
    0x080047c0   0x000000f8   Code   RO          199    i.main              main.o
    0x080048b8   0x00000024   Code   RO         2873    i.move_list         hci.o
    0x080048dc   0x000009fc   Code   RO         4014    i.pow               m_ps.l(pow.o)
    0x080052d8   0x00000038   Code   RO          793    i.set_irq_as_input  stm32_bluenrg_ble.o
    0x08005310   0x0000002c   Code   RO          794    i.set_irq_as_output  stm32_bluenrg_ble.o
    0x0800533c   0x00000048   Code   RO         4337    i.sqrt              m_ps.l(sqrt.o)
    0x08005384   0x0000001c   Code   RO          795    i.us150Delay        stm32_bluenrg_ble.o
    0x080053a0   0x00000034   Code   RO          200    i.vcom_init         main.o
    0x080053d4   0x00000038   Data   RO          329    .constdata          sample_service.o
    0x0800540c   0x00000005   Data   RO          608    .constdata          stm32l0xx_nucleo.o
    0x08005411   0x00000021   Data   RO          890    .constdata          system_stm32l0xx.o
    0x08005432   0x00000006   PAD
    0x08005438   0x00000088   Data   RO         4015    .constdata          m_ps.l(pow.o)
    0x080054c0   0x00000008   Data   RO         4335    .constdata          m_ps.l(qnan.o)
    0x080054c8   0x00000020   Data   RO         4414    Region$$Table       anon$$obj.o


    Execution Region RW_IRAM1 (Base: 0x20000000, Size: 0x00000848, Max: 0x00002000, ABSOLUTE)

    Base Addr    Size         Type   Attr      Idx    E Section Name        Object

    0x20000000   0x00000010   Data   RW          202    .data               main.o
    0x20000010   0x00000078   Data   RW          330    .data               sample_service.o
    0x20000088   0x00000005   Data   RW          433    .data               stm32xx_it.o
    0x2000008d   0x00000003   PAD
    0x20000090   0x00000014   Data   RW          609    .data               stm32l0xx_nucleo.o
    0x200000a4   0x00000004   Data   RW          891    .data               system_stm32l0xx.o
    0x200000a8   0x00000004   Data   RW          946    .data               stm32l0xx_hal.o
    0x200000ac   0x00000012   Data   RW         2875    .data               hci.o
    0x200000be   0x00000002   PAD
    0x200000c0   0x00000004   Data   RW         4368    .data               mc_p.l(errno.o)
    0x200000c4   0x00000070   Zero   RW          201    .bss                main.o
    0x20000134   0x00000058   Zero   RW          796    .bss                stm32_bluenrg_ble.o
    0x2000018c   0x000002bc   Zero   RW         2874    .bss                hci.o
    0x20000448   0x00000400   Zero   RW            1    STACK               startup_stm32l053xx.o


==============================================================================

Image component sizes


      Code (inc. data)   RO Data    RW Data    ZI Data      Debug   Object Name

       272          0          0          0          0       9688   ble_list.o
       492          0          0          0          0       6612   bluenrg_gap_aci.o
       320          0          0          0          0       4037   bluenrg_gatt_aci.o
       186          0          0          0          0       2977   bluenrg_hal_aci.o
        10          0          0          0          0     337528   bluenrg_interface.o
       120          8          0          0          0        697   cube_hal_l0.o
        54          0          0          0          0       2802   gp_timer.o
       946         56          0         18        700      11555   hci.o
       838        166          0         16        112      43487   main.o
        40          0          0          0          0       1668   osal.o
      1220        192         56        120          0      10493   sample_service.o
        28          8        192          0       1024        720   startup_stm32l053xx.o
       708         50          0          0         88      10255   stm32_bluenrg_ble.o
       128         18          0          4          0       5109   stm32l0xx_hal.o
       298         40          0          0          0      12910   stm32l0xx_hal_cortex.o
       562         36          0          0          0       4851   stm32l0xx_hal_gpio.o
       432         18          0          0          0       1498   stm32l0xx_hal_msp.o
      2716        116          0          0          0       7820   stm32l0xx_hal_rcc.o
       824         42          0          0          0       1433   stm32l0xx_hal_rcc_ex.o
      1316          0          0          0          0       3989   stm32l0xx_hal_spi.o
      1862         50          0          0          0       6689   stm32l0xx_hal_uart.o
       288         42          5         20          0       3996   stm32l0xx_nucleo.o
        68         12          0          5          0       4528   stm32xx_it.o
       104         16         33          4          0       1527   system_stm32l0xx.o
        64          4          0          0          0       1330   uart_support.o

    ----------------------------------------------------------------------
     13922        874        324        192       1924     498199   Object Totals
         0          0         32          0          0          0   (incl. Generated)
        26          0          6          5          0          0   (incl. Padding)

    ----------------------------------------------------------------------

      Code (inc. data)   RO Data    RW Data    ZI Data      Debug   Library Member Name

        84         14          0          0          0        340   dunder.o
        44          4          0          0          0         60   fpclassify.o
       172          0          0          0          0         76   poly.o
      2556        196        136          0          0        240   pow.o
         0          0          8          0          0          0   qnan.o
        72          6          0          0          0         76   sqrt.o
         0          0          0          0          0          0   entry.o
         0          0          0          0          0          0   entry10a.o
         0          0          0          0          0          0   entry11a.o
         8          4          0          0          0          0   entry2.o
         4          0          0          0          0          0   entry5.o
         0          0          0          0          0          0   entry7b.o
         0          0          0          0          0          0   entry8b.o
         8          4          0          0          0          0   entry9a.o
        12          6          0          4          0         60   errno.o
        30          0          0          0          0          0   handlers.o
        36          8          0          0          0         68   init.o
         0          0          0          0          0          0   iusefp.o
        32          0          0          0          0         68   llshl.o
        38          0          0          0          0         68   llsshr.o
        34          0          0          0          0         68   llushr.o
        40          0          0          0          0         68   memcpy.o
        36          0          0          0          0        100   memseta.o
      2336         98          0          0          0        604   printfa.o
        44          0          0          0          0         72   uidiv.o
        96          0          0          0          0         84   uldiv.o
        40          2          0          0          0         68   cdrcmple.o
        20          0          0          0          0         68   cfcmple.o
        56          0          0          0          0         68   d2f.o
       356          4          0          0          0        140   dadd.o
       240          6          0          0          0         84   ddiv.o
       236          0          0          0          0        216   depilogue.o
        64         10          0          0          0         68   dfixul.o
        40          6          0          0          0         68   dflti.o
       208          6          0          0          0         88   dmul.o
        44          0          0          0          0         72   dscalb.o
       162          0          0          0          0         80   dsqrt.o
        40          0          0          0          0         60   f2d.o
       130          0          0          0          0        144   fepilogue.o
        22          0          0          0          0         68   fflti.o

    ----------------------------------------------------------------------
      7346        374        144          4          0       3344   Library Totals
         6          0          0          0          0          0   (incl. Padding)

    ----------------------------------------------------------------------

      Code (inc. data)   RO Data    RW Data    ZI Data      Debug   Library Name

      2928        220        144          0          0        792   m_ps.l
      2754        120          0          4          0       1260   mc_p.l
      1658         34          0          0          0       1292   mf_p.l

    ----------------------------------------------------------------------
      7346        374        144          4          0       3344   Library Totals

    ----------------------------------------------------------------------

==============================================================================


      Code (inc. data)   RO Data    RW Data    ZI Data      Debug   

     21268       1248        468        196       1924     495167   Grand Totals
     21268       1248        468        196       1924     495167   ELF Image Totals
     21268       1248        468        196          0          0   ROM Totals

==============================================================================

    Total RO  Size (Code + RO Data)                21736 (  21.23kB)
    Total RW  Size (RW Data + ZI Data)              2120 (   2.07kB)
    Total ROM Size (Code + RO Data + RW Data)      21932 (  21.42kB)

==============================================================================

