<html>
<body>
<pre>
<h1>礦ision Build Log</h1>
<h2>Tool Versions:</h2>
IDE-Version: μVision V5.23.0.0
Copyright (C) 2017 ARM Ltd and ARM Germany GmbH. All rights reserved.
License Information: Orlando GAME, The University of Sydney, LIC=4ZLTG-VV5QG-KTY3H-WUX6M-NF084-Z0IS9
 
Tool Versions:
Toolchain:       MDK-ARM Professional  Version: 5.23
Toolchain Path:  E:\Keil\ARM\ARMCC\Bin
C Compiler:      Armcc.exe V5.06 update 4 (build 422)
Assembler:       Armasm.exe V5.06 update 4 (build 422)
Linker/Locator:  ArmLink.exe V5.06 update 4 (build 422)
Library Manager: ArmAr.exe V5.06 update 4 (build 422)
Hex Converter:   FromElf.exe V5.06 update 4 (build 422)
CPU DLL:         SARMCM3.DLL V5.23
Dialog DLL:      DARMCM1.DLL V1.17.0.0
Target DLL:      STLink\ST-LINKIII-KEIL_SWO.dll V2.0.18.0
Dialog DLL:      TARMCM1.DLL V1.12.0.0
 
<h2>Project:</h2>
E:\通信资料\USYD Postgraduate Project\Thesis\en.X-CUBE-BLE1\STM32CubeExpansion_BLE1_V3.0.0\Projects\Multi\Applications\SampleAppThT\MDK-ARM\STM32L053R8-Nucleo\SampleAppThT.uvprojx
Project File Date:  10/12/2017

<h2>Output:</h2>
*** Using Compiler 'V5.06 update 4 (build 422)', folder: 'E:\Keil\ARM\ARMCC\Bin'
Rebuild target 'SampleApp_SERVER'
assembling startup_stm32l053xx.s...
compiling stm32xx_it.c...
compiling cube_hal_l0.c...
compiling bluenrg_interface.c...
compiling stm32l0xx_hal_msp.c...
compiling uart_support.c...
compiling stm32l0xx_nucleo.c...
compiling main.c...
..\..\Src\main.c(215): warning:  #177-D: variable "name"  was declared but never referenced
  	const char *name = "BlueNRG";
..\..\Src\main.c(122): warning:  #177-D: variable "AppLedStateOn"  was declared but never referenced
  static uint8_t AppLedStateOn = RESET;
..\..\Src\main.c: 2 warnings, 0 errors
compiling sample_service.c...
..\..\Src\sample_service.c(581): warning:  #223-D: function "abs" declared implicitly
    int8_t PRSSI = abs(rssi);
..\..\Src\sample_service.c: 1 warning, 0 errors
compiling stm32l0xx_hal_flash.c...
compiling stm32_bluenrg_ble.c...
compiling stm32l0xx_hal.c...
compiling system_stm32l0xx.c...
compiling stm32l0xx_hal_cortex.c...
compiling stm32l0xx_hal_adc_ex.c...
compiling stm32l0xx_hal_adc.c...
compiling stm32l0xx_hal_dma.c...
compiling stm32l0xx_hal_gpio.c...
compiling stm32l0xx_hal_uart.c...
compiling stm32l0xx_hal_flash_ex.c...
compiling stm32l0xx_hal_pwr_ex.c...
compiling stm32l0xx_hal_pwr.c...
compiling stm32l0xx_hal_spi.c...
compiling stm32l0xx_hal_rcc_ex.c...
compiling stm32l0xx_hal_rcc.c...
compiling stm32l0xx_hal_uart_ex.c...
compiling hci.c...
..\..\..\..\..\..\Middlewares\ST\STM32_BlueNRG\SimpleBlueNRG_HCI\hci\hci.c(165): warning:  #223-D: function "Hal_Write_Serial" declared implicitly
    Hal_Write_Serial(data1, data2, n_bytes1, n_bytes2);
..\..\..\..\..\..\Middlewares\ST\STM32_BlueNRG\SimpleBlueNRG_HCI\hci\hci.c: 1 warning, 0 errors
compiling bluenrg_l2cap_aci.c...
compiling bluenrg_utils_small.c...
compiling bluenrg_hal_aci.c...
compiling hci_le.c...
compiling bluenrg_gatt_aci.c...
compiling bluenrg_gap_aci.c...
compiling osal.c...
compiling bluenrg_itf.c...
compiling gp_timer.c...
compiling ble_list.c...
linking...
Program Size: Code=18024 RO-data=408 RW-data=100 ZI-data=1924  
FromELF: creating hex file...
"STM32L053R8_NUCLEO\SampleApp_SERVER_L053R8.axf" - 0 Error(s), 4 Warning(s).

<h2>Collection of Component include folders:</h2>
  .\RTE\_SampleApp_SERVER
  E:\Keil\ARM\PACK\Keil\STM32L0xx_DFP\1.6.0\Device\Include

<h2>Collection of Component Files used:</h2>
Build Time Elapsed:  00:00:18
</pre>
</body>
</html>
