###############################################################################
#
# IAR ELF Linker V8.10.1.12857/W32 for ARM                11/Sep/2017  11:03:23
# Copyright 2007-2017 IAR Systems AB.
#
#    Output file  =  
#        E:\通信资料\USYD Postgraduate
#        Project\Thesis\en.X-CUBE-BLE1\STM32CubeExpansion_BLE1_V3.0.0\Projects\Multi\Applications\SampleAppThT\EWARM\STM32L476RG-Nucleo\SampleApp_SERVER\Exe\SampleApp_SERVER.out
#    Map file     =  
#        E:\通信资料\USYD Postgraduate
#        Project\Thesis\en.X-CUBE-BLE1\STM32CubeExpansion_BLE1_V3.0.0\Projects\Multi\Applications\SampleAppThT\EWARM\STM32L476RG-Nucleo\SampleApp_SERVER\List\SampleApp_SERVER.map
#    Command line =  
#        -f C:\Users\GAME\AppData\Local\Temp\EW53FE.tmp ("E:\通信资料\USYD
#        Postgraduate
#        Project\Thesis\en.X-CUBE-BLE1\STM32CubeExpansion_BLE1_V3.0.0\Projects\Multi\Applications\SampleAppThT\EWARM\STM32L476RG-Nucleo\SampleApp_SERVER\Obj\ble_list.o"
#        "E:\通信资料\USYD Postgraduate
#        Project\Thesis\en.X-CUBE-BLE1\STM32CubeExpansion_BLE1_V3.0.0\Projects\Multi\Applications\SampleAppThT\EWARM\STM32L476RG-Nucleo\SampleApp_SERVER\Obj\bluenrg_gap_aci.o"
#        "E:\通信资料\USYD Postgraduate
#        Project\Thesis\en.X-CUBE-BLE1\STM32CubeExpansion_BLE1_V3.0.0\Projects\Multi\Applications\SampleAppThT\EWARM\STM32L476RG-Nucleo\SampleApp_SERVER\Obj\bluenrg_gatt_aci.o"
#        "E:\通信资料\USYD Postgraduate
#        Project\Thesis\en.X-CUBE-BLE1\STM32CubeExpansion_BLE1_V3.0.0\Projects\Multi\Applications\SampleAppThT\EWARM\STM32L476RG-Nucleo\SampleApp_SERVER\Obj\bluenrg_hal_aci.o"
#        "E:\通信资料\USYD Postgraduate
#        Project\Thesis\en.X-CUBE-BLE1\STM32CubeExpansion_BLE1_V3.0.0\Projects\Multi\Applications\SampleAppThT\EWARM\STM32L476RG-Nucleo\SampleApp_SERVER\Obj\bluenrg_interface.o"
#        "E:\通信资料\USYD Postgraduate
#        Project\Thesis\en.X-CUBE-BLE1\STM32CubeExpansion_BLE1_V3.0.0\Projects\Multi\Applications\SampleAppThT\EWARM\STM32L476RG-Nucleo\SampleApp_SERVER\Obj\bluenrg_itf.o"
#        "E:\通信资料\USYD Postgraduate
#        Project\Thesis\en.X-CUBE-BLE1\STM32CubeExpansion_BLE1_V3.0.0\Projects\Multi\Applications\SampleAppThT\EWARM\STM32L476RG-Nucleo\SampleApp_SERVER\Obj\bluenrg_l2cap_aci.o"
#        "E:\通信资料\USYD Postgraduate
#        Project\Thesis\en.X-CUBE-BLE1\STM32CubeExpansion_BLE1_V3.0.0\Projects\Multi\Applications\SampleAppThT\EWARM\STM32L476RG-Nucleo\SampleApp_SERVER\Obj\bluenrg_utils_small.o"
#        "E:\通信资料\USYD Postgraduate
#        Project\Thesis\en.X-CUBE-BLE1\STM32CubeExpansion_BLE1_V3.0.0\Projects\Multi\Applications\SampleAppThT\EWARM\STM32L476RG-Nucleo\SampleApp_SERVER\Obj\cube_hal_l4.o"
#        "E:\通信资料\USYD Postgraduate
#        Project\Thesis\en.X-CUBE-BLE1\STM32CubeExpansion_BLE1_V3.0.0\Projects\Multi\Applications\SampleAppThT\EWARM\STM32L476RG-Nucleo\SampleApp_SERVER\Obj\gp_timer.o"
#        "E:\通信资料\USYD Postgraduate
#        Project\Thesis\en.X-CUBE-BLE1\STM32CubeExpansion_BLE1_V3.0.0\Projects\Multi\Applications\SampleAppThT\EWARM\STM32L476RG-Nucleo\SampleApp_SERVER\Obj\hci.o"
#        "E:\通信资料\USYD Postgraduate
#        Project\Thesis\en.X-CUBE-BLE1\STM32CubeExpansion_BLE1_V3.0.0\Projects\Multi\Applications\SampleAppThT\EWARM\STM32L476RG-Nucleo\SampleApp_SERVER\Obj\hci_le.o"
#        "E:\通信资料\USYD Postgraduate
#        Project\Thesis\en.X-CUBE-BLE1\STM32CubeExpansion_BLE1_V3.0.0\Projects\Multi\Applications\SampleAppThT\EWARM\STM32L476RG-Nucleo\SampleApp_SERVER\Obj\main.o"
#        "E:\通信资料\USYD Postgraduate
#        Project\Thesis\en.X-CUBE-BLE1\STM32CubeExpansion_BLE1_V3.0.0\Projects\Multi\Applications\SampleAppThT\EWARM\STM32L476RG-Nucleo\SampleApp_SERVER\Obj\osal.o"
#        "E:\通信资料\USYD Postgraduate
#        Project\Thesis\en.X-CUBE-BLE1\STM32CubeExpansion_BLE1_V3.0.0\Projects\Multi\Applications\SampleAppThT\EWARM\STM32L476RG-Nucleo\SampleApp_SERVER\Obj\sample_service.o"
#        "E:\通信资料\USYD Postgraduate
#        Project\Thesis\en.X-CUBE-BLE1\STM32CubeExpansion_BLE1_V3.0.0\Projects\Multi\Applications\SampleAppThT\EWARM\STM32L476RG-Nucleo\SampleApp_SERVER\Obj\startup_stm32l476xx.o"
#        "E:\通信资料\USYD Postgraduate
#        Project\Thesis\en.X-CUBE-BLE1\STM32CubeExpansion_BLE1_V3.0.0\Projects\Multi\Applications\SampleAppThT\EWARM\STM32L476RG-Nucleo\SampleApp_SERVER\Obj\stm32_bluenrg_ble.o"
#        "E:\通信资料\USYD Postgraduate
#        Project\Thesis\en.X-CUBE-BLE1\STM32CubeExpansion_BLE1_V3.0.0\Projects\Multi\Applications\SampleAppThT\EWARM\STM32L476RG-Nucleo\SampleApp_SERVER\Obj\stm32l4xx_hal.o"
#        "E:\通信资料\USYD Postgraduate
#        Project\Thesis\en.X-CUBE-BLE1\STM32CubeExpansion_BLE1_V3.0.0\Projects\Multi\Applications\SampleAppThT\EWARM\STM32L476RG-Nucleo\SampleApp_SERVER\Obj\stm32l4xx_hal_adc.o"
#        "E:\通信资料\USYD Postgraduate
#        Project\Thesis\en.X-CUBE-BLE1\STM32CubeExpansion_BLE1_V3.0.0\Projects\Multi\Applications\SampleAppThT\EWARM\STM32L476RG-Nucleo\SampleApp_SERVER\Obj\stm32l4xx_hal_adc_ex.o"
#        "E:\通信资料\USYD Postgraduate
#        Project\Thesis\en.X-CUBE-BLE1\STM32CubeExpansion_BLE1_V3.0.0\Projects\Multi\Applications\SampleAppThT\EWARM\STM32L476RG-Nucleo\SampleApp_SERVER\Obj\stm32l4xx_hal_cortex.o"
#        "E:\通信资料\USYD Postgraduate
#        Project\Thesis\en.X-CUBE-BLE1\STM32CubeExpansion_BLE1_V3.0.0\Projects\Multi\Applications\SampleAppThT\EWARM\STM32L476RG-Nucleo\SampleApp_SERVER\Obj\stm32l4xx_hal_dma.o"
#        "E:\通信资料\USYD Postgraduate
#        Project\Thesis\en.X-CUBE-BLE1\STM32CubeExpansion_BLE1_V3.0.0\Projects\Multi\Applications\SampleAppThT\EWARM\STM32L476RG-Nucleo\SampleApp_SERVER\Obj\stm32l4xx_hal_flash.o"
#        "E:\通信资料\USYD Postgraduate
#        Project\Thesis\en.X-CUBE-BLE1\STM32CubeExpansion_BLE1_V3.0.0\Projects\Multi\Applications\SampleAppThT\EWARM\STM32L476RG-Nucleo\SampleApp_SERVER\Obj\stm32l4xx_hal_flash_ex.o"
#        "E:\通信资料\USYD Postgraduate
#        Project\Thesis\en.X-CUBE-BLE1\STM32CubeExpansion_BLE1_V3.0.0\Projects\Multi\Applications\SampleAppThT\EWARM\STM32L476RG-Nucleo\SampleApp_SERVER\Obj\stm32l4xx_hal_gpio.o"
#        "E:\通信资料\USYD Postgraduate
#        Project\Thesis\en.X-CUBE-BLE1\STM32CubeExpansion_BLE1_V3.0.0\Projects\Multi\Applications\SampleAppThT\EWARM\STM32L476RG-Nucleo\SampleApp_SERVER\Obj\stm32l4xx_hal_msp.o"
#        "E:\通信资料\USYD Postgraduate
#        Project\Thesis\en.X-CUBE-BLE1\STM32CubeExpansion_BLE1_V3.0.0\Projects\Multi\Applications\SampleAppThT\EWARM\STM32L476RG-Nucleo\SampleApp_SERVER\Obj\stm32l4xx_hal_pwr.o"
#        "E:\通信资料\USYD Postgraduate
#        Project\Thesis\en.X-CUBE-BLE1\STM32CubeExpansion_BLE1_V3.0.0\Projects\Multi\Applications\SampleAppThT\EWARM\STM32L476RG-Nucleo\SampleApp_SERVER\Obj\stm32l4xx_hal_pwr_ex.o"
#        "E:\通信资料\USYD Postgraduate
#        Project\Thesis\en.X-CUBE-BLE1\STM32CubeExpansion_BLE1_V3.0.0\Projects\Multi\Applications\SampleAppThT\EWARM\STM32L476RG-Nucleo\SampleApp_SERVER\Obj\stm32l4xx_hal_rcc.o"
#        "E:\通信资料\USYD Postgraduate
#        Project\Thesis\en.X-CUBE-BLE1\STM32CubeExpansion_BLE1_V3.0.0\Projects\Multi\Applications\SampleAppThT\EWARM\STM32L476RG-Nucleo\SampleApp_SERVER\Obj\stm32l4xx_hal_rcc_ex.o"
#        "E:\通信资料\USYD Postgraduate
#        Project\Thesis\en.X-CUBE-BLE1\STM32CubeExpansion_BLE1_V3.0.0\Projects\Multi\Applications\SampleAppThT\EWARM\STM32L476RG-Nucleo\SampleApp_SERVER\Obj\stm32l4xx_hal_spi.o"
#        "E:\通信资料\USYD Postgraduate
#        Project\Thesis\en.X-CUBE-BLE1\STM32CubeExpansion_BLE1_V3.0.0\Projects\Multi\Applications\SampleAppThT\EWARM\STM32L476RG-Nucleo\SampleApp_SERVER\Obj\stm32l4xx_hal_uart.o"
#        "E:\通信资料\USYD Postgraduate
#        Project\Thesis\en.X-CUBE-BLE1\STM32CubeExpansion_BLE1_V3.0.0\Projects\Multi\Applications\SampleAppThT\EWARM\STM32L476RG-Nucleo\SampleApp_SERVER\Obj\stm32l4xx_hal_uart_ex.o"
#        "E:\通信资料\USYD Postgraduate
#        Project\Thesis\en.X-CUBE-BLE1\STM32CubeExpansion_BLE1_V3.0.0\Projects\Multi\Applications\SampleAppThT\EWARM\STM32L476RG-Nucleo\SampleApp_SERVER\Obj\stm32l4xx_nucleo.o"
#        "E:\通信资料\USYD Postgraduate
#        Project\Thesis\en.X-CUBE-BLE1\STM32CubeExpansion_BLE1_V3.0.0\Projects\Multi\Applications\SampleAppThT\EWARM\STM32L476RG-Nucleo\SampleApp_SERVER\Obj\stm32xx_it.o"
#        "E:\通信资料\USYD Postgraduate
#        Project\Thesis\en.X-CUBE-BLE1\STM32CubeExpansion_BLE1_V3.0.0\Projects\Multi\Applications\SampleAppThT\EWARM\STM32L476RG-Nucleo\SampleApp_SERVER\Obj\system_stm32l4xx.o"
#        "E:\通信资料\USYD Postgraduate
#        Project\Thesis\en.X-CUBE-BLE1\STM32CubeExpansion_BLE1_V3.0.0\Projects\Multi\Applications\SampleAppThT\EWARM\STM32L476RG-Nucleo\SampleApp_SERVER\Obj\uart_support.o"
#        --redirect _Printf=_PrintfSmall --redirect _Scanf=_ScanfSmall -o
#        "E:\通信资料\USYD Postgraduate
#        Project\Thesis\en.X-CUBE-BLE1\STM32CubeExpansion_BLE1_V3.0.0\Projects\Multi\Applications\SampleAppThT\EWARM\STM32L476RG-Nucleo\SampleApp_SERVER\Exe\SampleApp_SERVER.out"
#        --map "E:\通信资料\USYD Postgraduate
#        Project\Thesis\en.X-CUBE-BLE1\STM32CubeExpansion_BLE1_V3.0.0\Projects\Multi\Applications\SampleAppThT\EWARM\STM32L476RG-Nucleo\SampleApp_SERVER\List\SampleApp_SERVER.map"
#        --config "E:\通信资料\USYD Postgraduate
#        Project\Thesis\en.X-CUBE-BLE1\STM32CubeExpansion_BLE1_V3.0.0\Projects\Multi\Applications\SampleAppThT\EWARM\STM32L476RG-Nucleo\stm32l476xx_flash.icf"
#        --semihosting --entry __iar_program_start --vfe --text_out locale)
#
###############################################################################

*******************************************************************************
*** RUNTIME MODEL ATTRIBUTES
***

CppFlavor       = *
__SystemLibrary = DLib
__dlib_version  = 6


*******************************************************************************
*** HEAP SELECTION
***

The basic heap was selected because no calls to memory allocation
functions were found in the application outside of system library
functions, and there are calls to deallocation functions in the
application.


*******************************************************************************
*** PLACEMENT SUMMARY
***

"A0":  place at 0x08000000 { ro section .intvec };
"P1":  place in [from 0x08000000 to 0x080fffff] { ro };
"P2":  place in [from 0x20000000 to 0x20017fff] { rw, block CSTACK, block HEAP };
initialize by copy { rw };

  Section            Kind        Address    Size  Object
  -------            ----        -------    ----  ------
"A0":                                      0x188
  .intvec            ro code  0x08000000   0x188  startup_stm32l476xx.o [1]
                            - 0x08000188   0x188

"P1":                                     0x3c88
  .text              ro code  0x08000188   0x758  sample_service.o [1]
  .text              ro code  0x080008e0   0x32e  bluenrg_gatt_aci.o [1]
  .text              ro code  0x08000c0e    0x1a  xsnprout.o [3]
  .text              ro code  0x08000c28    0x30  uart_support.o [1]
  .text              ro code  0x08000c58   0x14a  stm32l4xx_nucleo.o [1]
  .text              ro code  0x08000da2   0x2d0  bluenrg_gap_aci.o [1]
  .text              ro code  0x08001072    0x1e  stm32l4xx_hal.o [1]
  .text              ro code  0x08001090    0xfe  hci_le.o [1]
  .text              ro code  0x08001190     0xc  stm32l4xx_hal.o [1]
  .text              ro code  0x0800119c    0xa6  ABImemcpy.o [5]
  .text              ro code  0x08001242    0x28  gp_timer.o [1]
  .text              ro code  0x0800126a    0x20  osal.o [1]
  .text              ro code  0x0800128c   0x2b8  hci.o [1]
  .text              ro code  0x08001544    0x3c  vsnprint.o [3]
  .text              ro code  0x08001580   0x53c  stm32l4xx_hal_uart.o [1]
  .text              ro code  0x08001abc   0x3d8  main.o [1]
  .text              ro code  0x08001e94   0x20c  stm32l4xx_hal_gpio.o [1]
  .text              ro code  0x080020a0    0xe4  stm32l4xx_hal_cortex.o [1]
  .text              ro code  0x08002184     0x6  ABImemclr4.o [5]
  .text              ro code  0x0800218c    0x66  ABImemset.o [5]
  .text              ro code  0x080021f2    0xb0  ble_list.o [1]
  .text              ro code  0x080022a4   0x220  stm32_bluenrg_ble.o [1]
  .text              ro code  0x080024c4   0x518  xprintfsmall.o [3]
  .text              ro code  0x080029dc   0x6d0  stm32l4xx_hal_rcc.o [1]
  .text              ro code  0x080030ac    0xee  I64DivMod.o [5]
  .text              ro code  0x0800319c    0x18  stm32l4xx_hal.o [1]
  .text              ro code  0x080031b4    0x66  cube_hal_l4.o [1]
  .text              ro code  0x0800321a    0x58  bluenrg_utils_small.o [1]
  .text              ro code  0x08003272    0xae  bluenrg_hal_aci.o [1]
  .text              ro code  0x08003320     0x4  bluenrg_interface.o [1]
  .text              ro code  0x08003324    0x32  ABImemset48.o [5]
  .text              ro code  0x08003358   0x44c  stm32l4xx_hal_spi.o [1]
  .text              ro code  0x080037a4    0x64  xlocale_c.o [3]
  .text              ro code  0x08003808    0x16  strchr.o [5]
  .text              ro code  0x08003820    0x44  xfail_s.o [3]
  .text              ro code  0x08003864    0x36  strlen.o [5]
  .text              ro code  0x0800389c    0x58  memchr.o [5]
  .text              ro code  0x080038f4    0x28  stm32l4xx_hal.o [1]
  .text              ro code  0x0800391c    0x10  stm32l4xx_hal_pwr_ex.o [1]
  .text              ro code  0x0800392c     0x2  I64DivZer.o [5]
  .text              ro code  0x08003930   0x13c  stm32l4xx_hal_msp.o [1]
  .text              ro code  0x08003a6c     0x6  abort.o [3]
  .text              ro code  0x08003a74    0x14  exit.o [6]
  .text              ro code  0x08003a88    0x8c  system_stm32l4xx.o [1]
  .text              ro code  0x08003b14    0x40  zero_init3.o [5]
  .text              ro code  0x08003b54    0x3c  stm32xx_it.o [1]
  .text              ro code  0x08003b90    0x10  stm32l4xx_hal.o [1]
  .text              ro code  0x08003ba0    0x38  packbits_init_single.o [5]
  .text              ro code  0x08003bd8    0x28  data_init.o [5]
  .text              ro code  0x08003c00    0x22  fpinit_M.o [4]
  .iar.init_table    const    0x08003c24    0x20  - Linker created -
  .text              ro code  0x08003c44    0x1a  cmain.o [5]
  .text              ro code  0x08003c5e     0x4  low_level_init.o [3]
  .text              ro code  0x08003c62     0x4  exit.o [3]
  .text              ro code  0x08003c68     0xa  cexit.o [5]
  .text              ro code  0x08003c74    0x10  startup_stm32l476xx.o [1]
  .text              ro code  0x08003c84     0xc  cstartup_M.o [5]
  .text              ro code  0x08003c90     0xc  xencoding_8859_1.o [3]
  .rodata            const    0x08003c9c     0x8  system_stm32l4xx.o [1]
  .text              ro code  0x08003ca4     0x4  startup_stm32l476xx.o [1]
  .text              ro code  0x08003ca8     0x4  startup_stm32l476xx.o [1]
  .text              ro code  0x08003cac     0x4  startup_stm32l476xx.o [1]
  .text              ro code  0x08003cb0     0x4  startup_stm32l476xx.o [1]
  .text              ro code  0x08003cb4     0x4  startup_stm32l476xx.o [1]
  .text              ro code  0x08003cb8     0x4  startup_stm32l476xx.o [1]
  .text              ro code  0x08003cbc     0x4  startup_stm32l476xx.o [1]
  .text              ro code  0x08003cc0     0x4  startup_stm32l476xx.o [1]
  .text              ro code  0x08003cc4     0x4  startup_stm32l476xx.o [1]
  .text              ro code  0x08003cc8     0x4  startup_stm32l476xx.o [1]
  .text              ro code  0x08003ccc     0x4  startup_stm32l476xx.o [1]
  .text              ro code  0x08003cd0     0x4  startup_stm32l476xx.o [1]
  .text              ro code  0x08003cd4     0x4  startup_stm32l476xx.o [1]
  .text              ro code  0x08003cd8     0x4  startup_stm32l476xx.o [1]
  .text              ro code  0x08003cdc     0x4  startup_stm32l476xx.o [1]
  .text              ro code  0x08003ce0     0x4  startup_stm32l476xx.o [1]
  .text              ro code  0x08003ce4     0x4  startup_stm32l476xx.o [1]
  .text              ro code  0x08003ce8     0x4  startup_stm32l476xx.o [1]
  .text              ro code  0x08003cec     0x4  startup_stm32l476xx.o [1]
  .text              ro code  0x08003cf0     0x4  startup_stm32l476xx.o [1]
  .text              ro code  0x08003cf4     0x4  startup_stm32l476xx.o [1]
  .text              ro code  0x08003cf8     0x4  startup_stm32l476xx.o [1]
  .text              ro code  0x08003cfc     0x4  startup_stm32l476xx.o [1]
  .text              ro code  0x08003d00     0x4  startup_stm32l476xx.o [1]
  .text              ro code  0x08003d04     0x4  startup_stm32l476xx.o [1]
  .text              ro code  0x08003d08     0x4  startup_stm32l476xx.o [1]
  .text              ro code  0x08003d0c     0x4  startup_stm32l476xx.o [1]
  .text              ro code  0x08003d10     0x4  startup_stm32l476xx.o [1]
  .text              ro code  0x08003d14     0x4  startup_stm32l476xx.o [1]
  .text              ro code  0x08003d18     0x4  startup_stm32l476xx.o [1]
  .text              ro code  0x08003d1c     0x4  startup_stm32l476xx.o [1]
  .text              ro code  0x08003d20     0x4  startup_stm32l476xx.o [1]
  .text              ro code  0x08003d24     0x4  startup_stm32l476xx.o [1]
  .text              ro code  0x08003d28     0x4  startup_stm32l476xx.o [1]
  .text              ro code  0x08003d2c     0x4  startup_stm32l476xx.o [1]
  .text              ro code  0x08003d30     0x4  startup_stm32l476xx.o [1]
  .text              ro code  0x08003d34     0x4  startup_stm32l476xx.o [1]
  .text              ro code  0x08003d38     0x4  startup_stm32l476xx.o [1]
  .text              ro code  0x08003d3c     0x4  startup_stm32l476xx.o [1]
  .text              ro code  0x08003d40     0x4  startup_stm32l476xx.o [1]
  .text              ro code  0x08003d44     0x4  startup_stm32l476xx.o [1]
  .text              ro code  0x08003d48     0x4  startup_stm32l476xx.o [1]
  .text              ro code  0x08003d4c     0x4  startup_stm32l476xx.o [1]
  .text              ro code  0x08003d50     0x4  startup_stm32l476xx.o [1]
  .text              ro code  0x08003d54     0x4  startup_stm32l476xx.o [1]
  .text              ro code  0x08003d58     0x4  startup_stm32l476xx.o [1]
  .text              ro code  0x08003d5c     0x4  startup_stm32l476xx.o [1]
  .text              ro code  0x08003d60     0x4  startup_stm32l476xx.o [1]
  .text              ro code  0x08003d64     0x4  startup_stm32l476xx.o [1]
  .text              ro code  0x08003d68     0x4  startup_stm32l476xx.o [1]
  .text              ro code  0x08003d6c     0x4  startup_stm32l476xx.o [1]
  .text              ro code  0x08003d70     0x4  startup_stm32l476xx.o [1]
  .text              ro code  0x08003d74     0x4  startup_stm32l476xx.o [1]
  .text              ro code  0x08003d78     0x4  startup_stm32l476xx.o [1]
  .text              ro code  0x08003d7c     0x4  startup_stm32l476xx.o [1]
  .text              ro code  0x08003d80     0x4  startup_stm32l476xx.o [1]
  .text              ro code  0x08003d84     0x4  startup_stm32l476xx.o [1]
  .text              ro code  0x08003d88     0x4  startup_stm32l476xx.o [1]
  .text              ro code  0x08003d8c     0x4  startup_stm32l476xx.o [1]
  .text              ro code  0x08003d90     0x4  startup_stm32l476xx.o [1]
  .text              ro code  0x08003d94     0x4  startup_stm32l476xx.o [1]
  .text              ro code  0x08003d98     0x4  startup_stm32l476xx.o [1]
  .text              ro code  0x08003d9c     0x4  startup_stm32l476xx.o [1]
  .text              ro code  0x08003da0     0x4  startup_stm32l476xx.o [1]
  .text              ro code  0x08003da4     0x4  startup_stm32l476xx.o [1]
  .text              ro code  0x08003da8     0x4  startup_stm32l476xx.o [1]
  .text              ro code  0x08003dac     0x4  startup_stm32l476xx.o [1]
  .text              ro code  0x08003db0     0x4  startup_stm32l476xx.o [1]
  .text              ro code  0x08003db4     0x4  startup_stm32l476xx.o [1]
  .text              ro code  0x08003db8     0x4  startup_stm32l476xx.o [1]
  .text              ro code  0x08003dbc     0x4  startup_stm32l476xx.o [1]
  .text              ro code  0x08003dc0     0x4  startup_stm32l476xx.o [1]
  .text              ro code  0x08003dc4     0x4  startup_stm32l476xx.o [1]
  .text              ro code  0x08003dc8     0x4  startup_stm32l476xx.o [1]
  .text              ro code  0x08003dcc     0x4  startup_stm32l476xx.o [1]
  .text              ro code  0x08003dd0     0x4  startup_stm32l476xx.o [1]
  .text              ro code  0x08003dd4     0x4  startup_stm32l476xx.o [1]
  .text              ro code  0x08003dd8     0x4  startup_stm32l476xx.o [1]
  .text              ro code  0x08003ddc     0x4  startup_stm32l476xx.o [1]
  .text              ro code  0x08003de0     0x4  startup_stm32l476xx.o [1]
  .text              ro code  0x08003de4     0x4  startup_stm32l476xx.o [1]
  .text              ro code  0x08003de8     0x4  startup_stm32l476xx.o [1]
  .rodata            const    0x08003dec     0x2  xlocale_c.o [3]
  .rodata            const    0x08003dee     0x0  zero_init3.o [5]
  .rodata            const    0x08003dee     0x0  packbits_init_single.o [5]
  Initializer bytes  const    0x08003dee    0x22  <for P2-1>
                            - 0x08003e10  0x3c88

"P2", part 1 of 3:                          0x86
  P2-1                        0x20000000    0x86  <Init block>
    .data            inited   0x20000000    0x30  sample_service.o [1]
    .data            inited   0x20000030     0x4  stm32l4xx_nucleo.o [1]
    .data            inited   0x20000034     0x4  stm32l4xx_nucleo.o [1]
    .data            inited   0x20000038     0x4  system_stm32l4xx.o [1]
    .data            inited   0x2000003c    0x48  xlocale_c.o [3]
    .data            inited   0x20000084     0x2  main.o [1]
                            - 0x20000086    0x86

"P2", part 2 of 3:                         0x400
  CSTACK                      0x20000088   0x400  <Block>
    CSTACK           uninit   0x20000088   0x400  <Block tail>
                            - 0x20000488   0x400

"P2", part 3 of 3:                         0x3b0
  .bss               zero     0x20000488   0x2cc  hci.o [1]
  .bss               zero     0x20000754    0x70  main.o [1]
  .bss               zero     0x200007c4    0x64  stm32_bluenrg_ble.o [1]
  .bss               zero     0x20000828     0x4  stm32l4xx_hal.o [1]
  .bss               zero     0x2000082c     0x4  stm32xx_it.o [1]
  .bss               zero     0x20000830     0x4  xfail_s.o [3]
  .bss               zero     0x20000834     0x1  main.o [1]
  .bss               zero     0x20000835     0x1  stm32xx_it.o [1]
                            - 0x20000836   0x3ae


*******************************************************************************
*** INIT TABLE
***

          Address     Size
          -------     ----
Zero (__iar_zero_init3)
    1 destination range, total size 0x3ae:
          0x20000488  0x3ae

Copy/packbits (__iar_packbits_init_single3)
    1 source range, total size 0x22 (25% of destination):
          0x08003dee   0x22
    1 destination range, total size 0x86:
          0x20000000   0x86



*******************************************************************************
*** MODULE SUMMARY
***

    Module                  ro code  ro data  rw data
    ------                  -------  -------  -------
E:\通信资料\USYD Postgraduate Project\Thesis\en.X-CUBE-BLE1\STM32CubeExpansion_BLE1_V3.0.0\Projects\Multi\Applications\SampleAppThT\EWARM\STM32L476RG-Nucleo\SampleApp_SERVER\Obj: [1]
    ble_list.o                  176
    bluenrg_gap_aci.o           720
    bluenrg_gatt_aci.o          814
    bluenrg_hal_aci.o           174
    bluenrg_interface.o           4
    bluenrg_utils_small.o        88
    cube_hal_l4.o               102
    gp_timer.o                   40
    hci.o                       696               716
    hci_le.o                    254
    main.o                      984        1      115
    osal.o                       32
    sample_service.o          1 880       12       48
    startup_stm32l476xx.o       736
    stm32_bluenrg_ble.o         544               100
    stm32l4xx_hal.o             122                 4
    stm32l4xx_hal_cortex.o      228
    stm32l4xx_hal_gpio.o        524
    stm32l4xx_hal_msp.o         316
    stm32l4xx_hal_pwr_ex.o       16
    stm32l4xx_hal_rcc.o       1 744
    stm32l4xx_hal_spi.o       1 100
    stm32l4xx_hal_uart.o      1 340
    stm32l4xx_nucleo.o          330        2        8
    stm32xx_it.o                 60                 5
    system_stm32l4xx.o          140        9        4
    uart_support.o               48
    -------------------------------------------------
    Total:                   13 212       24    1 000

command line: [2]
    -------------------------------------------------
    Total:

dl7M_tlf.a: [3]
    abort.o                       6
    exit.o                        4
    low_level_init.o              4
    vsnprint.o                   60
    xencoding_8859_1.o           12
    xfail_s.o                    68                 4
    xlocale_c.o                 100       20       72
    xprintfsmall.o            1 304
    xsnprout.o                   26
    -------------------------------------------------
    Total:                    1 584       20       76

m7M_tls.a: [4]
    fpinit_M.o                   34
    -------------------------------------------------
    Total:                       34

rt7M_tl.a: [5]
    ABImemclr4.o                  6
    ABImemcpy.o                 166
    ABImemset.o                 102
    ABImemset48.o                50
    I64DivMod.o                 238
    I64DivZer.o                   2
    cexit.o                      10
    cmain.o                      26
    cstartup_M.o                 12
    data_init.o                  40
    memchr.o                     88
    packbits_init_single.o       56
    strchr.o                     22
    strlen.o                     54
    zero_init3.o                 64
    -------------------------------------------------
    Total:                      936

shb_l.a: [6]
    exit.o                       20
    -------------------------------------------------
    Total:                       20

    Gaps                         24        2
    Linker created                        32    1 024
-----------------------------------------------------
    Grand Total:             15 810       78    2 100


*******************************************************************************
*** ENTRY LIST
***

Entry                      Address   Size  Type      Object
-----                      -------   ----  ----      ------
.iar.init_table$$Base   0x08003c24          --   Gb  - Linker created -
.iar.init_table$$Limit  0x08003c44          --   Gb  - Linker created -
?main                   0x08003c45         Code  Gb  cmain.o [5]
AHBPrescTable           0x08003ad4   0x10  Data  Gb  system_stm32l4xx.o [1]
APBPrescTable           0x08003c9c    0x8  Data  Gb  system_stm32l4xx.o [1]
Add_Sample_Service      0x08000189   0x8a  Code  Gb  sample_service.o [1]
Add_Sample_Service::charUuidRX
                        0x080008a0   0x10  Data  Lc  sample_service.o [1]
Add_Sample_Service::charUuidTX
                        0x08000890   0x10  Data  Lc  sample_service.o [1]
Add_Sample_Service::service_uuid
                        0x08000880   0x10  Data  Lc  sample_service.o [1]
Attribute_Modified_CB   0x0800041b   0x26  Code  Gb  sample_service.o [1]
BLE_Role                0x20000085    0x1  Data  Gb  main.o [1]
BNRG_SPI_Init           0x080022d3   0x38  Code  Gb  stm32_bluenrg_ble.o [1]
BSP_LED_Init            0x08000c59   0x40  Code  Gb  stm32l4xx_nucleo.o [1]
BSP_LED_Off             0x08000caf   0x16  Code  Gb  stm32l4xx_nucleo.o [1]
BSP_LED_On              0x08000c99   0x16  Code  Gb  stm32l4xx_nucleo.o [1]
BSP_LED_Toggle          0x08000cc5   0x14  Code  Gb  stm32l4xx_nucleo.o [1]
BSP_PB_GetState         0x08000d61   0x14  Code  Gb  stm32l4xx_nucleo.o [1]
BSP_PB_Init             0x08000cd9   0x7c  Code  Gb  stm32l4xx_nucleo.o [1]
BUTTON_IRQn             0x08000da0    0x2  Data  Gb  stm32l4xx_nucleo.o [1]
BUTTON_PIN              0x08000d9c    0x2  Data  Gb  stm32l4xx_nucleo.o [1]
BUTTON_PORT             0x20000034    0x4  Data  Gb  stm32l4xx_nucleo.o [1]
BlueNRG_DataPresent     0x08002331   0x14  Code  Gb  stm32_bluenrg_ble.o [1]
BlueNRG_RST             0x0800230b   0x26  Code  Gb  stm32_bluenrg_ble.o [1]
BlueNRG_SPI_Read_All    0x08002345   0x98  Code  Gb  stm32_bluenrg_ble.o [1]
BlueNRG_SPI_Write       0x080023e9   0xa0  Code  Gb  stm32_bluenrg_ble.o [1]
CSTACK$$Base            0x20000088          --   Gb  - Linker created -
CSTACK$$Limit           0x20000488          --   Gb  - Linker created -
CacheMore               0x080037a5   0x24  Code  Lc  xlocale_c.o [3]
Clear_SPI_EXTI_Flag     0x08002495    0x8  Code  Gb  stm32_bluenrg_ble.o [1]
DebugMon_Handler        0x08003b5b    0x2  Code  Gb  stm32xx_it.o [1]
Disable_SPI_IRQ         0x0800248f    0x6  Code  Gb  stm32_bluenrg_ble.o [1]
EXTI0_IRQHandler        0x08003b6f    0x6  Code  Gb  stm32xx_it.o [1]
EXTI15_10_IRQHandler    0x08003b75   0x12  Code  Gb  stm32xx_it.o [1]
Enable_SPI_IRQ          0x08002489    0x6  Code  Gb  stm32_bluenrg_ble.o [1]
Error_Handler           0x08001d6d   0x10  Code  Gb  main.o [1]
GAP_ConnectionComplete_CB
                        0x08000441   0x36  Code  Gb  sample_service.o [1]
GAP_DisconnectionComplete_CB
                        0x08000477   0x22  Code  Gb  sample_service.o [1]
GATT_Notification_CB    0x08000499   0x96  Code  Gb  sample_service.o [1]
GATT_Notification_CB{1}{2}::lost_packets
                        0x2000002c    0x4  Data  Lc  sample_service.o [1]
GATT_Notification_CB{1}{2}::n_packet1
                        0x20000028    0x4  Data  Lc  sample_service.o [1]
GATT_Notification_CB{1}{2}::packets
                        0x20000024    0x4  Data  Lc  sample_service.o [1]
GATT_Notification_CB{1}{2}::time
                        0x20000020    0x4  Data  Lc  sample_service.o [1]
GPIO_PIN                0x08000d98    0x2  Data  Gb  stm32l4xx_nucleo.o [1]
GPIO_PORT               0x20000030    0x4  Data  Gb  stm32l4xx_nucleo.o [1]
HAL_Delay               0x08001073   0x1e  Code  Wk  stm32l4xx_hal.o [1]
HAL_GPIO_EXTI_Callback  0x08003321    0x4  Code  Gb  bluenrg_interface.o [1]
HAL_GPIO_EXTI_IRQHandler
                        0x08002067   0x10  Code  Gb  stm32l4xx_hal_gpio.o [1]
HAL_GPIO_Init           0x08001e95  0x1b4  Code  Gb  stm32l4xx_hal_gpio.o [1]
HAL_GPIO_ReadPin        0x08002049    0xc  Code  Gb  stm32l4xx_hal_gpio.o [1]
HAL_GPIO_TogglePin      0x0800205f    0x8  Code  Gb  stm32l4xx_hal_gpio.o [1]
HAL_GPIO_WritePin       0x08002055    0xa  Code  Gb  stm32l4xx_hal_gpio.o [1]
HAL_GetTick             0x08001191    0xc  Code  Wk  stm32l4xx_hal.o [1]
HAL_IncTick             0x08003b91   0x10  Code  Wk  stm32l4xx_hal.o [1]
HAL_Init                0x0800319d   0x16  Code  Gb  stm32l4xx_hal.o [1]
HAL_InitTick            0x080038f5   0x28  Code  Wk  stm32l4xx_hal.o [1]
HAL_NVIC_DisableIRQ     0x08002127   0x18  Code  Gb  stm32l4xx_hal_cortex.o [1]
HAL_NVIC_EnableIRQ      0x0800210f   0x18  Code  Gb  stm32l4xx_hal_cortex.o [1]
HAL_NVIC_SetPriority    0x080020d5   0x3a  Code  Gb  stm32l4xx_hal_cortex.o [1]
HAL_NVIC_SetPriorityGrouping
                        0x080020bb   0x1a  Code  Gb  stm32l4xx_hal_cortex.o [1]
HAL_PWREx_GetVoltageRange
                        0x0800391d    0xc  Code  Gb  stm32l4xx_hal_pwr_ex.o [1]
HAL_RCC_ClockConfig     0x08002de3  0x122  Code  Gb  stm32l4xx_hal_rcc.o [1]
HAL_RCC_GetPCLK1Freq    0x08002fdb   0x10  Code  Gb  stm32l4xx_hal_rcc.o [1]
HAL_RCC_GetPCLK2Freq    0x08002feb    0xe  Code  Gb  stm32l4xx_hal_rcc.o [1]
HAL_RCC_GetSysClockFreq
                        0x08002f2d   0xae  Code  Gb  stm32l4xx_hal_rcc.o [1]
HAL_RCC_OscConfig       0x080029dd  0x3da  Code  Gb  stm32l4xx_hal_rcc.o [1]
HAL_SPI_Init            0x08003359   0xa2  Code  Gb  stm32l4xx_hal_spi.o [1]
HAL_SPI_MspInit         0x08003931   0xee  Code  Gb  stm32l4xx_hal_msp.o [1]
HAL_SPI_TransmitReceive
                        0x08003407  0x206  Code  Gb  stm32l4xx_hal_spi.o [1]
HAL_SYSTICK_Config      0x0800213f   0x28  Code  Gb  stm32l4xx_hal_cortex.o [1]
HAL_UART_Init           0x08001581   0x30  Code  Gb  stm32l4xx_hal_uart.o [1]
HAL_UART_MspInit        0x08001abd   0x4a  Code  Gb  main.o [1]
HAL_UART_Transmit       0x08001601   0xa4  Code  Gb  stm32l4xx_hal_uart.o [1]
HCI_Event_CB            0x08000589   0xd4  Code  Gb  sample_service.o [1]
HCI_Init                0x0800128d   0x2c  Code  Gb  hci.o [1]
HCI_Isr                 0x0800131b   0x62  Code  Gb  hci.o [1]
HCI_Process             0x080012d7   0x3a  Code  Gb  hci.o [1]
HCI_verify              0x080012b9   0x1e  Code  Gb  hci.o [1]
Hal_Write_Serial        0x080022a5   0x2e  Code  Gb  stm32_bluenrg_ble.o [1]
HardFault_Handler       0x08003b57    0x2  Code  Gb  stm32xx_it.o [1]
LoadInt                 0x08002723   0x56  Code  Lc  xprintfsmall.o [3]
MSIRangeTable           0x08003ae4   0x30  Data  Gb  system_stm32l4xx.o [1]
Make_Connection         0x08000213   0x9e  Code  Gb  sample_service.o [1]
Make_Connection{1}{5}::local_name
                        0x080008b0   0x10  Data  Lc  sample_service.o [1]
NMI_Handler             0x08003b55    0x2  Code  Gb  stm32xx_it.o [1]
Osal_MemCpy             0x0800126b    0xc  Code  Gb  osal.o [1]
Osal_MemSet             0x08001277   0x14  Code  Gb  osal.o [1]
PRINT_MESG_UART         0x08000c29   0x2c  Code  Gb  uart_support.o [1]
PendSV_Handler          0x08003b5d    0x2  Code  Gb  stm32xx_it.o [1]
RCC_SetFlashLatencyFromMSIRange
                        0x08002fff   0x76  Code  Lc  stm32l4xx_hal_rcc.o [1]
RXCharHandle            0x20000010    0x2  Data  Gb  sample_service.o [1]
Region$$Table$$Base     0x08003c24          --   Gb  - Linker created -
Region$$Table$$Limit    0x08003c44          --   Gb  - Linker created -
SPI_EndRxTxTransaction  0x0800376d   0x2c  Code  Lc  stm32l4xx_hal_spi.o [1]
SPI_WaitFifoStateUntilTimeout
                        0x080036b3   0x94  Code  Lc  stm32l4xx_hal_spi.o [1]
SPI_WaitFlagStateUntilTimeout
                        0x0800362f   0x84  Code  Lc  stm32l4xx_hal_spi.o [1]
SVC_Handler             0x08003b59    0x2  Code  Gb  stm32xx_it.o [1]
SpiHandle               0x200007c4   0x64  Data  Gb  stm32_bluenrg_ble.o [1]
SysTick_Handler         0x08003b5f   0x10  Code  Gb  stm32xx_it.o [1]
SystemClock_Config      0x080031b5   0x66  Code  Gb  cube_hal_l4.o [1]
SystemCoreClock         0x20000038    0x4  Data  Gb  system_stm32l4xx.o [1]
SystemInit              0x08003a89   0x3c  Code  Gb  system_stm32l4xx.o [1]
TXCharHandle            0x2000000e    0x2  Data  Gb  sample_service.o [1]
Timer_Expired           0x08001253   0x18  Code  Gb  gp_timer.o [1]
Timer_Set               0x08001243    0x8  Code  Gb  gp_timer.o [1]
UART_AdvFeatureConfig   0x08001939   0xc6  Code  Gb  stm32l4xx_hal_uart.o [1]
UART_CheckIdleState     0x080019ff   0x5a  Code  Gb  stm32l4xx_hal_uart.o [1]
UART_SetConfig          0x080016a5  0x264  Code  Gb  stm32l4xx_hal_uart.o [1]
UART_WaitOnFlagUntilTimeout
                        0x08001a59   0x58  Code  Gb  stm32l4xx_hal_uart.o [1]
UartHandle              0x20000754   0x70  Data  Gb  main.o [1]
User_Process            0x08001cb9   0x8c  Code  Gb  main.o [1]
_Encoding_8859_1_Mbrlen
                        0x08003c91    0x2  Code  Gb  xencoding_8859_1.o [3]
_LitobSmall             0x080028b5   0xce  Code  Lc  xprintfsmall.o [3]
_PrintfSmall            0x080024c5  0x252  Code  Gb  xprintfsmall.o [3]
_PutcharsSmall          0x08002983   0x2e  Code  Lc  xprintfsmall.o [3]
_PutfldSmall            0x08002779  0x13c  Code  Lc  xprintfsmall.o [3]
_SNProut                0x08000c0f   0x1a  Code  Gb  xsnprout.o [3]
__NVIC_SetPriority      0x080020a1   0x1a  Code  Lc  stm32l4xx_hal_cortex.o [1]
__aeabi_ldiv0           0x0800392d         Code  Gb  I64DivZer.o [5]
__aeabi_memclr4         0x08002185         Code  Gb  ABImemclr4.o [5]
__aeabi_memcpy          0x0800119d         Code  Gb  ABImemcpy.o [5]
__aeabi_memcpy4         0x080011bd         Code  Gb  ABImemcpy.o [5]
__aeabi_memcpy8         0x080011bd         Code  Gb  ABImemcpy.o [5]
__aeabi_memset          0x0800218d         Code  Gb  ABImemset.o [5]
__aeabi_uldivmod        0x080030ad         Code  Gb  I64DivMod.o [5]
__cmain                 0x08003c45         Code  Gb  cmain.o [5]
__exit                  0x08003a75   0x14  Code  Gb  exit.o [6]
__iar_Fail_s            0x08003821   0x1e  Code  Gb  xfail_s.o [3]
__iar_Memchr            0x0800389d         Code  Gb  memchr.o [5]
__iar_Memset            0x0800218d         Code  Gb  ABImemset.o [5]
__iar_Memset4_word      0x08003325         Code  Gb  ABImemset48.o [5]
__iar_Memset8_word      0x08003325         Code  Gb  ABImemset48.o [5]
__iar_Memset_word       0x08002195         Code  Gb  ABImemset.o [5]
__iar_Strchr            0x08003809         Code  Gb  strchr.o [5]
__iar_data_init3        0x08003bd9   0x28  Code  Gb  data_init.o [5]
__iar_globLocale        0x2000003c   0x48  Data  Lc  xlocale_c.o [3]
__iar_init_vfp          0x08003c01         Code  Gb  fpinit_M.o [4]
__iar_packbits_init_single3
                        0x08003ba1   0x38  Code  Gb  packbits_init_single.o [5]
__iar_program_start     0x08003c85         Code  Gb  cstartup_M.o [5]
__iar_systems$$module {Abs}
                        0x00000001         Data  Gb  command line/config [2]
__iar_zero_init3        0x08003b15   0x40  Code  Gb  zero_init3.o [5]
__low_level_init        0x08003c5f    0x4  Code  Gb  low_level_init.o [3]
__vector_table          0x08000000         Data  Gb  startup_stm32l476xx.o [1]
_call_main              0x08003c51         Code  Gb  cmain.o [5]
_exit                   0x08003c69         Code  Gb  cexit.o [5]
_gLocale_mblen          0x08003801    0x4  Code  Gb  xlocale_c.o [3]
_gLocale_mblenInt       0x080037c9   0x2c  Code  Gb  xlocale_c.o [3]
_main                   0x08003c5b         Code  Gb  cmain.o [5]
abort                   0x08003a6d    0x6  Code  Gb  abort.o [3]
aci_gap_create_connection
                        0x08000fc3   0x24  Code  Gb  bluenrg_gap_aci.o [1]
aci_gap_init_IDB04A1    0x08000df7   0x4c  Code  Gb  bluenrg_gap_aci.o [1]
aci_gap_init_IDB05A1    0x08000da3   0x54  Code  Gb  bluenrg_gap_aci.o [1]
aci_gap_set_auth_requirement
                        0x08000f1b   0x68  Code  Gb  bluenrg_gap_aci.o [1]
aci_gap_set_discoverable
                        0x08000e57   0x4c  Code  Gb  bluenrg_gap_aci.o [1]
aci_gatt_add_char       0x08000983   0xa8  Code  Gb  bluenrg_gatt_aci.o [1]
aci_gatt_add_serv       0x0800090d   0x66  Code  Gb  bluenrg_gatt_aci.o [1]
aci_gatt_disc_charac_by_uuid
                        0x08000ab7   0x64  Code  Gb  bluenrg_gatt_aci.o [1]
aci_gatt_init           0x080008e1   0x2c  Code  Gb  bluenrg_gatt_aci.o [1]
aci_gatt_update_char_value
                        0x08000a4d   0x50  Code  Gb  bluenrg_gatt_aci.o [1]
aci_gatt_write_charac_descriptor
                        0x08000b37   0x40  Code  Gb  bluenrg_gatt_aci.o [1]
aci_gatt_write_without_response
                        0x08000b9d   0x46  Code  Gb  bluenrg_gatt_aci.o [1]
aci_hal_set_tx_power_level
                        0x080032cf   0x36  Code  Gb  bluenrg_hal_aci.o [1]
aci_hal_write_config_data
                        0x08003273   0x5c  Code  Gb  bluenrg_hal_aci.o [1]
bnrg_expansion_board    0x20000084    0x1  Data  Gb  main.o [1]
button_event            0x20000835    0x1  Data  Gb  stm32xx_it.o [1]
connected               0x20000014    0x4  Data  Gb  sample_service.o [1]
connection_handle       0x20000006    0x2  Data  Gb  sample_service.o [1]
enableNotification      0x080003dd   0x3e  Code  Gb  sample_service.o [1]
end_read_rx_char_handle
                        0x20000005    0x1  Data  Gb  sample_service.o [1]
end_read_tx_char_handle
                        0x20000004    0x1  Data  Gb  sample_service.o [1]
exit                    0x08003c63    0x4  Code  Gb  exit.o [3]
getBlueNRGVersion       0x0800321b   0x58  Code  Gb  bluenrg_utils_small.o [1]
hciReadPacketBuffer     0x20000498  0x2bc  Data  Lc  hci.o [1]
hciReadPktPool          0x20000488    0x8  Data  Gb  hci.o [1]
hciReadPktRxQueue       0x20000490    0x8  Data  Gb  hci.o [1]
hci_le_read_local_version
                        0x08001091   0x54  Code  Gb  hci_le.o [1]
hci_le_set_scan_resp_data
                        0x080010f7   0x3a  Code  Gb  hci_le.o [1]
hci_send_cmd            0x08001381   0x38  Code  Gb  hci.o [1]
hci_send_req            0x080013d9  0x144  Code  Gb  hci.o [1]
hci_write               0x0800137d    0x4  Code  Gb  hci.o [1]
list_get_size           0x08002283   0x18  Code  Gb  ble_list.o [1]
list_init_head          0x080021f3    0x6  Code  Gb  ble_list.o [1]
list_insert_head        0x0800220b   0x14  Code  Gb  ble_list.o [1]
list_insert_tail        0x0800221f   0x14  Code  Gb  ble_list.o [1]
list_is_empty           0x080021f9   0x12  Code  Gb  ble_list.o [1]
list_remove_head        0x0800224b   0x12  Code  Gb  ble_list.o [1]
list_remove_node        0x08002233   0x12  Code  Gb  ble_list.o [1]
list_remove_tail        0x0800225d   0x10  Code  Gb  ble_list.o [1]
main                    0x08001b55  0x144  Code  Gb  main.o [1]
memchr                  0x0800389d         Code  Gb  memchr.o [5]
move_list               0x080013b9   0x20  Code  Lc  hci.o [1]
ms_counter              0x2000082c    0x4  Data  Gb  stm32xx_it.o [1]
notification_enabled    0x20000001    0x1  Data  Gb  sample_service.o [1]
receiveData             0x08000305   0x22  Code  Gb  sample_service.o [1]
rx_handle               0x2000000a    0x2  Data  Gb  sample_service.o [1]
sampleServHandle        0x2000000c    0x2  Data  Gb  sample_service.o [1]
sec_hand                0x20000830    0x4  Data  Lc  xfail_s.o [3]
sendData                0x08000327   0xb6  Code  Gb  sample_service.o [1]
sendData{1}{2}{3}{4}{5}{6}::packets
                        0x20000018    0x4  Data  Lc  sample_service.o [1]
sendData{1}{2}{3}{4}{5}{6}::time
                        0x2000001c    0x4  Data  Lc  sample_service.o [1]
set_connectable         0x20000000    0x1  Data  Gb  sample_service.o [1]
startReadRXCharHandle   0x080002d3   0x22  Code  Gb  sample_service.o [1]
startReadRXCharHandle{1}{2}::charUuid128_RX
                        0x080008d0   0x10  Data  Lc  sample_service.o [1]
startReadTXCharHandle   0x080002b1   0x22  Code  Gb  sample_service.o [1]
startReadTXCharHandle{1}{2}::charUuid128_TX
                        0x080008c0   0x10  Data  Lc  sample_service.o [1]
start_read_rx_char_handle
                        0x20000003    0x1  Data  Gb  sample_service.o [1]
start_read_tx_char_handle
                        0x20000002    0x1  Data  Gb  sample_service.o [1]
strchr                  0x08003809         Code  Gb  strchr.o [5]
strlen                  0x08003865         Code  Gb  strlen.o [5]
throughput_test         0x20000834    0x1  Data  Gb  main.o [1]
tx_handle               0x20000008    0x2  Data  Gb  sample_service.o [1]
uwTick                  0x20000828    0x4  Data  Gb  stm32l4xx_hal.o [1]
vcom_init               0x08001b23   0x32  Code  Gb  main.o [1]
vsnprintf               0x08001545   0x3c  Code  Gb  vsnprint.o [3]


[1] = E:\通信资料\USYD Postgraduate Project\Thesis\en.X-CUBE-BLE1\STM32CubeExpansion_BLE1_V3.0.0\Projects\Multi\Applications\SampleAppThT\EWARM\STM32L476RG-Nucleo\SampleApp_SERVER\Obj
[2] = command line
[3] = dl7M_tlf.a
[4] = m7M_tls.a
[5] = rt7M_tl.a
[6] = shb_l.a

  15 810 bytes of readonly  code memory
      78 bytes of readonly  data memory
   2 100 bytes of readwrite data memory

Errors: none
Warnings: none
