Component: ARM Compiler 5.06 update 5 (build 528) Tool: armlink [4d35e2]

==============================================================================

Section Cross References

    startup_stm32l053xx.o(RESET) refers to startup_stm32l053xx.o(STACK) for __initial_sp
    startup_stm32l053xx.o(RESET) refers to startup_stm32l053xx.o(.text) for Reset_Handler
    startup_stm32l053xx.o(RESET) refers to stm32xx_it.o(i.NMI_Handler) for NMI_Handler
    startup_stm32l053xx.o(RESET) refers to stm32xx_it.o(i.HardFault_Handler) for HardFault_Handler
    startup_stm32l053xx.o(RESET) refers to stm32xx_it.o(i.SVC_Handler) for SVC_Handler
    startup_stm32l053xx.o(RESET) refers to stm32xx_it.o(i.PendSV_Handler) for PendSV_Handler
    startup_stm32l053xx.o(RESET) refers to stm32xx_it.o(i.SysTick_Handler) for SysTick_Handler
    startup_stm32l053xx.o(RESET) refers to stm32xx_it.o(i.EXTI0_1_IRQHandler) for EXTI0_1_IRQHandler
    startup_stm32l053xx.o(RESET) refers to stm32xx_it.o(i.EXTI4_15_IRQHandler) for EXTI4_15_IRQHandler
    startup_stm32l053xx.o(.text) refers to system_stm32l0xx.o(i.SystemInit) for SystemInit
    startup_stm32l053xx.o(.text) refers to entry.o(.ARM.Collect$$$$00000000) for __main
    bluenrg_interface.o(i.HAL_GPIO_EXTI_Callback) refers to hci.o(i.HCI_Isr) for HCI_Isr
    cube_hal_l0.o(i.SystemClock_Config) refers to stm32l0xx_hal_rcc.o(i.HAL_RCC_OscConfig) for HAL_RCC_OscConfig
    cube_hal_l0.o(i.SystemClock_Config) refers to stm32l0xx_hal_rcc.o(i.HAL_RCC_ClockConfig) for HAL_RCC_ClockConfig
    main.o(i.Error_Handler) refers to stm32l0xx_nucleo.o(i.BSP_LED_Toggle) for BSP_LED_Toggle
    main.o(i.Error_Handler) refers to stm32l0xx_hal.o(i.HAL_Delay) for HAL_Delay
    main.o(i.HAL_UART_MspInit) refers to stm32l0xx_hal_gpio.o(i.HAL_GPIO_Init) for HAL_GPIO_Init
    main.o(i.User_Process) refers to sample_service.o(i.Make_Connection) for Make_Connection
    main.o(i.User_Process) refers to sample_service.o(i.startReadTXCharHandle) for startReadTXCharHandle
    main.o(i.User_Process) refers to sample_service.o(i.startReadRXCharHandle) for startReadRXCharHandle
    main.o(i.User_Process) refers to stm32l0xx_nucleo.o(i.BSP_LED_Off) for BSP_LED_Off
    main.o(i.User_Process) refers to sample_service.o(i.enableNotification) for enableNotification
    main.o(i.User_Process) refers to stm32l0xx_nucleo.o(i.BSP_PB_GetState) for BSP_PB_GetState
    main.o(i.User_Process) refers to memcpy.o(.text) for __aeabi_memcpy4
    main.o(i.User_Process) refers to sample_service.o(i.sendData) for sendData
    main.o(i.User_Process) refers to sample_service.o(.data) for set_connectable
    main.o(i.User_Process) refers to main.o(.data) for .data
    main.o(i.main) refers to stm32l0xx_hal.o(i.HAL_Init) for HAL_Init
    main.o(i.main) refers to stm32l0xx_nucleo.o(i.BSP_LED_Init) for BSP_LED_Init
    main.o(i.main) refers to stm32l0xx_nucleo.o(i.BSP_PB_Init) for BSP_PB_Init
    main.o(i.main) refers to cube_hal_l0.o(i.SystemClock_Config) for SystemClock_Config
    main.o(i.main) refers to main.o(i.vcom_init) for vcom_init
    main.o(i.main) refers to stm32_bluenrg_ble.o(i.BNRG_SPI_Init) for BNRG_SPI_Init
    main.o(i.main) refers to hci.o(i.HCI_Init) for HCI_Init
    main.o(i.main) refers to stm32_bluenrg_ble.o(i.BlueNRG_RST) for BlueNRG_RST
    main.o(i.main) refers to bluenrg_utils_small.o(i.getBlueNRGVersion) for getBlueNRGVersion
    main.o(i.main) refers to uart_support.o(i.PRINT_MESG_UART) for PRINT_MESG_UART
    main.o(i.main) refers to osal.o(i.Osal_MemCpy) for Osal_MemCpy
    main.o(i.main) refers to bluenrg_hal_aci.o(i.aci_hal_write_config_data) for aci_hal_write_config_data
    main.o(i.main) refers to bluenrg_gatt_aci.o(i.aci_gatt_init) for aci_gatt_init
    main.o(i.main) refers to bluenrg_gap_aci.o(i.aci_gap_init_IDB04A1) for aci_gap_init_IDB04A1
    main.o(i.main) refers to bluenrg_gap_aci.o(i.aci_gap_set_auth_requirement) for aci_gap_set_auth_requirement
    main.o(i.main) refers to bluenrg_gap_aci.o(i.aci_gap_init_IDB05A1) for aci_gap_init_IDB05A1
    main.o(i.main) refers to sample_service.o(i.Add_Sample_Service) for Add_Sample_Service
    main.o(i.main) refers to bluenrg_hal_aci.o(i.aci_hal_set_tx_power_level) for aci_hal_set_tx_power_level
    main.o(i.main) refers to hci.o(i.HCI_Process) for HCI_Process
    main.o(i.main) refers to main.o(i.User_Process) for User_Process
    main.o(i.main) refers to main.o(.data) for .data
    main.o(i.vcom_init) refers to stm32l0xx_hal_uart.o(i.HAL_UART_Init) for HAL_UART_Init
    main.o(i.vcom_init) refers to main.o(i.Error_Handler) for Error_Handler
    main.o(i.vcom_init) refers to main.o(.bss) for .bss
    sample_service.o(i.Add_Sample_Service) refers to bluenrg_gatt_aci.o(i.aci_gatt_add_serv) for aci_gatt_add_serv
    sample_service.o(i.Add_Sample_Service) refers to bluenrg_gatt_aci.o(i.aci_gatt_add_char) for aci_gatt_add_char
    sample_service.o(i.Add_Sample_Service) refers to uart_support.o(i.PRINT_MESG_UART) for PRINT_MESG_UART
[...]
    Removing stm32l0xx_hal_uart_ex.o(i.HAL_RS485Ex_Init), (144 bytes).
    Removing stm32l0xx_hal_uart_ex.o(i.HAL_UARTEx_DisableClockStopMode), (44 bytes).
    Removing stm32l0xx_hal_uart_ex.o(i.HAL_UARTEx_DisableStopMode), (42 bytes).
    Removing stm32l0xx_hal_uart_ex.o(i.HAL_UARTEx_EnableClockStopMode), (44 bytes).
    Removing stm32l0xx_hal_uart_ex.o(i.HAL_UARTEx_EnableStopMode), (42 bytes).
    Removing stm32l0xx_hal_uart_ex.o(i.HAL_UARTEx_StopModeWakeUpSourceConfig), (152 bytes).
    Removing stm32l0xx_hal_uart_ex.o(i.HAL_UARTEx_WakeupCallback), (2 bytes).
    Removing hci.o(.rev16_text), (4 bytes).
    Removing hci.o(.revsh_text), (4 bytes).
    Removing hci.o(i.hci_timeout_callback), (12 bytes).
    Removing hci_le.o(.rev16_text), (4 bytes).
    Removing hci_le.o(.revsh_text), (4 bytes).
    Removing hci_le.o(i.hci_disconnect), (70 bytes).
    Removing hci_le.o(i.hci_le_add_device_to_white_list), (76 bytes).
    Removing hci_le.o(i.hci_le_clear_white_list), (54 bytes).
    Removing hci_le.o(i.hci_le_create_connection), (160 bytes).
    Removing hci_le.o(i.hci_le_create_connection_cancel), (54 bytes).
    Removing hci_le.o(i.hci_le_encrypt), (116 bytes).
    Removing hci_le.o(i.hci_le_ltk_request_neg_reply), (80 bytes).
    Removing hci_le.o(i.hci_le_ltk_request_reply), (92 bytes).
    Removing hci_le.o(i.hci_le_rand), (90 bytes).
    Removing hci_le.o(i.hci_le_read_advertising_channel_tx_power), (86 bytes).
    Removing hci_le.o(i.hci_le_read_buffer_size), (100 bytes).
    Removing hci_le.o(i.hci_le_read_channel_map), (96 bytes).
    Removing hci_le.o(i.hci_le_read_local_supported_features), (84 bytes).
    Removing hci_le.o(i.hci_le_read_supported_states), (84 bytes).
    Removing hci_le.o(i.hci_le_read_white_list_size), (78 bytes).
    Removing hci_le.o(i.hci_le_receiver_test), (64 bytes).
    Removing hci_le.o(i.hci_le_remove_device_from_white_list), (76 bytes).
    Removing hci_le.o(i.hci_le_set_advertise_enable), (86 bytes).
    Removing hci_le.o(i.hci_le_set_advertising_data), (96 bytes).
    Removing hci_le.o(i.hci_le_set_advertising_parameters), (122 bytes).
    Removing hci_le.o(i.hci_le_set_random_address), (86 bytes).
    Removing hci_le.o(i.hci_le_set_scan_enable), (92 bytes).
    Removing hci_le.o(i.hci_le_set_scan_parameters), (102 bytes).
    Removing hci_le.o(i.hci_le_test_end), (84 bytes).
    Removing hci_le.o(i.hci_le_transmitter_test), (70 bytes).
    Removing hci_le.o(i.hci_read_bd_addr), (90 bytes).
    Removing hci_le.o(i.hci_read_rssi), (104 bytes).
    Removing hci_le.o(i.hci_read_transmit_power_level), (108 bytes).
    Removing hci_le.o(i.hci_reset), (52 bytes).
    Removing bluenrg_gap_aci.o(.rev16_text), (4 bytes).
    Removing bluenrg_gap_aci.o(.revsh_text), (4 bytes).
    Removing bluenrg_gap_aci.o(i.aci_gap_allow_rebond_IDB04A1), (54 bytes).
    Removing bluenrg_gap_aci.o(i.aci_gap_allow_rebond_IDB05A1), (66 bytes).
    Removing bluenrg_gap_aci.o(i.aci_gap_authorization_response), (68 bytes).
    Removing bluenrg_gap_aci.o(i.aci_gap_clear_security_database), (54 bytes).
    Removing bluenrg_gap_aci.o(i.aci_gap_configure_whitelist), (54 bytes).
    Removing bluenrg_gap_aci.o(i.aci_gap_delete_ad_type), (64 bytes).
    Removing bluenrg_gap_aci.o(i.aci_gap_get_bonded_devices), (100 bytes).
    Removing bluenrg_gap_aci.o(i.aci_gap_get_security_level), (104 bytes).
    Removing bluenrg_gap_aci.o(i.aci_gap_is_device_bonded), (76 bytes).
    Removing bluenrg_gap_aci.o(i.aci_gap_pass_key_response), (80 bytes).
    Removing bluenrg_gap_aci.o(i.aci_gap_resolve_private_address_IDB04A1), (74 bytes).
    Removing bluenrg_gap_aci.o(i.aci_gap_resolve_private_address_IDB05A1), (92 bytes).
    Removing bluenrg_gap_aci.o(i.aci_gap_send_pairing_request), (72 bytes).
    Removing bluenrg_gap_aci.o(i.aci_gap_set_author_requirement), (68 bytes).
    Removing bluenrg_gap_aci.o(i.aci_gap_set_broadcast_mode), (136 bytes).
    Removing bluenrg_gap_aci.o(i.aci_gap_set_direct_connectable_IDB04A1), (84 bytes).
    Removing bluenrg_gap_aci.o(i.aci_gap_set_direct_connectable_IDB05A1), (100 bytes).
    Removing bluenrg_gap_aci.o(i.aci_gap_set_io_capability), (64 bytes).
    Removing bluenrg_gap_aci.o(i.aci_gap_set_limited_discoverable), (176 bytes).
    Removing bluenrg_gap_aci.o(i.aci_gap_set_non_connectable_IDB04A1), (64 bytes).
    Removing bluenrg_gap_aci.o(i.aci_gap_set_non_connectable_IDB05A1), (68 bytes).
    Removing bluenrg_gap_aci.o(i.aci_gap_set_non_discoverable), (54 bytes).
    Removing bluenrg_gap_aci.o(i.aci_gap_set_undirected_connectable), (68 bytes).
    Removing bluenrg_gap_aci.o(i.aci_gap_slave_security_request), (74 bytes).
    Removing bluenrg_gap_aci.o(i.aci_gap_start_auto_conn_establish_proc_IDB04A1), (208 bytes).
    Removing bluenrg_gap_aci.o(i.aci_gap_start_auto_conn_establish_proc_IDB05A1), (196 bytes).
    Removing bluenrg_gap_aci.o(i.aci_gap_start_connection_update), (84 bytes).
    Removing bluenrg_gap_aci.o(i.aci_gap_start_general_conn_establish_proc_IDB04A1), (100 bytes).
    Removing bluenrg_gap_aci.o(i.aci_gap_start_general_conn_establish_proc_IDB05A1), (86 bytes).
    Removing bluenrg_gap_aci.o(i.aci_gap_start_general_discovery_proc), (74 bytes).
    Removing bluenrg_gap_aci.o(i.aci_gap_start_limited_discovery_proc), (74 bytes).
    Removing bluenrg_gap_aci.o(i.aci_gap_start_name_discovery_proc), (114 bytes).
    Removing bluenrg_gap_aci.o(i.aci_gap_start_observation_procedure), (78 bytes).
    Removing bluenrg_gap_aci.o(i.aci_gap_start_selective_conn_establish_proc), (116 bytes).
    Removing bluenrg_gap_aci.o(i.aci_gap_terminate), (72 bytes).
    Removing bluenrg_gap_aci.o(i.aci_gap_terminate_gap_procedure), (62 bytes).
    Removing bluenrg_gap_aci.o(i.aci_gap_update_adv_data), (86 bytes).
    Removing bluenrg_gatt_aci.o(.rev16_text), (4 bytes).
    Removing bluenrg_gatt_aci.o(.revsh_text), (4 bytes).
    Removing bluenrg_gatt_aci.o(i.aci_att_execute_write_req), (70 bytes).
    Removing bluenrg_gatt_aci.o(i.aci_att_find_by_type_value_req), (114 bytes).
    Removing bluenrg_gatt_aci.o(i.aci_att_find_information_req), (72 bytes).
    Removing bluenrg_gatt_aci.o(i.aci_att_prepare_write_req), (100 bytes).
    Removing bluenrg_gatt_aci.o(i.aci_att_read_by_group_type_req), (98 bytes).
    Removing bluenrg_gatt_aci.o(i.aci_att_read_by_type_req), (98 bytes).
    Removing bluenrg_gatt_aci.o(i.aci_gatt_add_char_desc), (220 bytes).
    Removing bluenrg_gatt_aci.o(i.aci_gatt_allow_read), (68 bytes).
    Removing bluenrg_gatt_aci.o(i.aci_gatt_confirm_indication), (68 bytes).
    Removing bluenrg_gatt_aci.o(i.aci_gatt_del_char), (70 bytes).
    Removing bluenrg_gatt_aci.o(i.aci_gatt_del_include_service), (70 bytes).
    Removing bluenrg_gatt_aci.o(i.aci_gatt_del_service), (68 bytes).
    Removing bluenrg_gatt_aci.o(i.aci_gatt_disc_all_charac_descriptors), (76 bytes).
    Removing bluenrg_gatt_aci.o(i.aci_gatt_disc_all_charac_of_serv), (76 bytes).
    Removing bluenrg_gatt_aci.o(i.aci_gatt_disc_all_prim_services), (72 bytes).
    Removing bluenrg_gatt_aci.o(i.aci_gatt_disc_prim_service_by_uuid), (98 bytes).
    Removing bluenrg_gatt_aci.o(i.aci_gatt_exchange_configuration), (72 bytes).
    Removing bluenrg_gatt_aci.o(i.aci_gatt_find_included_services), (76 bytes).
    Removing bluenrg_gatt_aci.o(i.aci_gatt_include_service), (154 bytes).
    Removing bluenrg_gatt_aci.o(i.aci_gatt_read_charac_desc), (74 bytes).
    Removing bluenrg_gatt_aci.o(i.aci_gatt_read_charac_val), (74 bytes).
    Removing bluenrg_gatt_aci.o(i.aci_gatt_read_handle_value), (116 bytes).
    Removing bluenrg_gatt_aci.o(i.aci_gatt_read_handle_value_offset_IDB05A1), (112 bytes).
    Removing bluenrg_gatt_aci.o(i.aci_gatt_read_long_charac_desc), (76 bytes).
    Removing bluenrg_gatt_aci.o(i.aci_gatt_read_long_charac_val), (76 bytes).
    Removing bluenrg_gatt_aci.o(i.aci_gatt_read_multiple_charac_val), (98 bytes).
    Removing bluenrg_gatt_aci.o(i.aci_gatt_read_using_charac_uuid), (98 bytes).
    Removing bluenrg_gatt_aci.o(i.aci_gatt_set_desc_value), (136 bytes).
    Removing bluenrg_gatt_aci.o(i.aci_gatt_set_event_mask), (68 bytes).
    Removing bluenrg_gatt_aci.o(i.aci_gatt_set_security_permission), (72 bytes).
    Removing bluenrg_gatt_aci.o(i.aci_gatt_signed_write_without_resp), (96 bytes).
    Removing bluenrg_gatt_aci.o(i.aci_gatt_update_char_value), (116 bytes).
    Removing bluenrg_gatt_aci.o(i.aci_gatt_update_char_value_ext_IDB05A1), (114 bytes).
    Removing bluenrg_gatt_aci.o(i.aci_gatt_write_charac_descriptor), (116 bytes).
    Removing bluenrg_gatt_aci.o(i.aci_gatt_write_charac_reliable), (104 bytes).
    Removing bluenrg_gatt_aci.o(i.aci_gatt_write_charac_value), (116 bytes).
    Removing bluenrg_gatt_aci.o(i.aci_gatt_write_long_charac_desc), (104 bytes).
    Removing bluenrg_gatt_aci.o(i.aci_gatt_write_long_charac_val), (104 bytes).
    Removing bluenrg_gatt_aci.o(i.aci_gatt_write_response), (120 bytes).
    Removing bluenrg_hal_aci.o(.rev16_text), (4 bytes).
    Removing bluenrg_hal_aci.o(.revsh_text), (4 bytes).
    Removing bluenrg_hal_aci.o(i.aci_hal_device_standby), (54 bytes).
    Removing bluenrg_hal_aci.o(i.aci_hal_get_anchor_period), (82 bytes).
    Removing bluenrg_hal_aci.o(i.aci_hal_get_fw_build_number), (72 bytes).
    Removing bluenrg_hal_aci.o(i.aci_hal_get_link_status), (98 bytes).
    Removing bluenrg_hal_aci.o(i.aci_hal_le_tx_test_packet_number), (72 bytes).
    Removing bluenrg_hal_aci.o(i.aci_hal_read_config_data), (102 bytes).
    Removing bluenrg_hal_aci.o(i.aci_hal_tone_start), (64 bytes).
    Removing bluenrg_hal_aci.o(i.aci_hal_tone_stop), (54 bytes).
    Removing bluenrg_l2cap_aci.o(.rev16_text), (4 bytes).
    Removing bluenrg_l2cap_aci.o(.revsh_text), (4 bytes).
    Removing bluenrg_l2cap_aci.o(i.aci_l2cap_connection_parameter_update_request), (80 bytes).
    Removing bluenrg_l2cap_aci.o(i.aci_l2cap_connection_parameter_update_response_IDB04A1), (82 bytes).
    Removing bluenrg_l2cap_aci.o(i.aci_l2cap_connection_parameter_update_response_IDB05A1), (92 bytes).
    Removing bluenrg_utils_small.o(.rev16_text), (4 bytes).
    Removing bluenrg_utils_small.o(.revsh_text), (4 bytes).
    Removing bluenrg_itf.o(.rev16_text), (4 bytes).
    Removing bluenrg_itf.o(.revsh_text), (4 bytes).
    Removing gp_timer.o(.rev16_text), (4 bytes).
    Removing gp_timer.o(.revsh_text), (4 bytes).
    Removing gp_timer.o(i.Timer_Remaining), (16 bytes).
    Removing gp_timer.o(i.Timer_Reset), (10 bytes).
    Removing gp_timer.o(i.Timer_Restart), (12 bytes).
    Removing ble_list.o(.rev16_text), (4 bytes).
    Removing ble_list.o(.revsh_text), (4 bytes).
    Removing ble_list.o(i.list_get_next_node), (16 bytes).
    Removing ble_list.o(i.list_get_prev_node), (16 bytes).
    Removing ble_list.o(i.list_insert_node_after), (24 bytes).
    Removing ble_list.o(i.list_insert_node_before), (24 bytes).
    Removing fdiv.o(.text), (124 bytes).
    Removing ffltui.o(.text), (14 bytes).
    Removing ffixi.o(.text), (50 bytes).
    Removing fepilogue.o(.text), (130 bytes).

491 unused section(s) (total 31906 bytes) removed from the image.

==============================================================================

Image Symbol Table

    Local Symbols

    Symbol Name                              Value     Ov Type        Size  Object(Section)

    ../clib/microlib/division.c              0x00000000   Number         0  uldiv.o ABSOLUTE
    ../clib/microlib/division.c              0x00000000   Number         0  uidiv.o ABSOLUTE
    ../clib/microlib/init/entry.s            0x00000000   Number         0  entry8a.o ABSOLUTE
    ../clib/microlib/init/entry.s            0x00000000   Number         0  entry.o ABSOLUTE
    ../clib/microlib/init/entry.s            0x00000000   Number         0  entry7b.o ABSOLUTE
    ../clib/microlib/init/entry.s            0x00000000   Number         0  entry7a.o ABSOLUTE
    ../clib/microlib/init/entry.s            0x00000000   Number         0  entry5.o ABSOLUTE
    ../clib/microlib/init/entry.s            0x00000000   Number         0  entry2.o ABSOLUTE
    ../clib/microlib/init/entry.s            0x00000000   Number         0  entry8b.o ABSOLUTE
    ../clib/microlib/init/entry.s            0x00000000   Number         0  entry9a.o ABSOLUTE
    ../clib/microlib/init/entry.s            0x00000000   Number         0  entry9b.o ABSOLUTE
    ../clib/microlib/init/entry.s            0x00000000   Number         0  entry10b.o ABSOLUTE
    ../clib/microlib/init/entry.s            0x00000000   Number         0  entry11a.o ABSOLUTE
    ../clib/microlib/init/entry.s            0x00000000   Number         0  entry10a.o ABSOLUTE
    ../clib/microlib/init/entry.s            0x00000000   Number         0  entry11b.o ABSOLUTE
    ../clib/microlib/longlong.c              0x00000000   Number         0  llushr.o ABSOLUTE
    ../clib/microlib/longlong.c              0x00000000   Number         0  llsshr.o ABSOLUTE
    ../clib/microlib/longlong.c              0x00000000   Number         0  llshl.o ABSOLUTE
    ../clib/microlib/printf/printf.c         0x00000000   Number         0  printfa.o ABSOLUTE
    ../clib/microlib/stdio/fputc.c           0x00000000   Number         0  fputc.o ABSOLUTE
    ../clib/microlib/stdio/semi.s            0x00000000   Number         0  semi.o ABSOLUTE
    ../clib/microlib/stdio/streams.c         0x00000000   Number         0  stdout.o ABSOLUTE
    ../clib/microlib/string/memcpy.c         0x00000000   Number         0  memcpyc.o ABSOLUTE
    ../clib/microlib/string/memcpy.c         0x00000000   Number         0  memcpyb.o ABSOLUTE
    ../clib/microlib/string/memcpy.c         0x00000000   Number         0  memcpya.o ABSOLUTE
    ../clib/microlib/string/memcpy.c         0x00000000   Number         0  memcpy.o ABSOLUTE
    ../clib/microlib/string/memset.c         0x00000000   Number         0  memseta.o ABSOLUTE
    ../clib/microlib/string/memset.c         0x00000000   Number         0  memset.o ABSOLUTE
    ../clib/microlib/stubs.s                 0x00000000   Number         0  iusefp.o ABSOLUTE
    ../clib/microlib/stubs.s                 0x00000000   Number         0  iusesemip.o ABSOLUTE
    ../clib/microlib/unhosted.c              0x00000000   Number         0  uread4.o ABSOLUTE
    ../clib/microlib/unhosted.c              0x00000000   Number         0  uwrite4.o ABSOLUTE
    ../fplib/microlib/fpadd.c                0x00000000   Number         0  dadd.o ABSOLUTE
    ../fplib/microlib/fpdiv.c                0x00000000   Number         0  ddiv.o ABSOLUTE
    ../fplib/microlib/fpdiv.c                0x00000000   Number         0  fdiv.o ABSOLUTE
    ../fplib/microlib/fpepilogue.c           0x00000000   Number         0  depilogue.o ABSOLUTE
    ../fplib/microlib/fpepilogue.c           0x00000000   Number         0  fepilogue.o ABSOLUTE
    ../fplib/microlib/fpfix.c                0x00000000   Number         0  dfixul.o ABSOLUTE
    ../fplib/microlib/fpfix.c                0x00000000   Number         0  ffixi.o ABSOLUTE
    ../fplib/microlib/fpflt.c                0x00000000   Number         0  ffltui.o ABSOLUTE
    ../fplib/microlib/fpmul.c                0x00000000   Number         0  dmul.o ABSOLUTE
    ..\..\..\..\..\..\Drivers\BSP\STM32L0xx_Nucleo\stm32l0xx_nucleo.c 0x00000000   Number         0  stm32l0xx_nucleo.o ABSOLUTE
    ..\..\..\..\..\..\Drivers\BSP\X-NUCLEO-IDB0xA1\stm32_bluenrg_ble.c 0x00000000   Number         0  stm32_bluenrg_ble.o ABSOLUTE
    ..\..\..\..\..\..\Drivers\STM32L0xx_HAL_Driver\Src\stm32l0xx_hal.c 0x00000000   Number         0  stm32l0xx_hal.o ABSOLUTE
    ..\..\..\..\..\..\Drivers\STM32L0xx_HAL_Driver\Src\stm32l0xx_hal_adc.c 0x00000000   Number         0  stm32l0xx_hal_adc.o ABSOLUTE
    ..\..\..\..\..\..\Drivers\STM32L0xx_HAL_Driver\Src\stm32l0xx_hal_adc_ex.c 0x00000000   Number         0  stm32l0xx_hal_adc_ex.o ABSOLUTE
    ..\..\..\..\..\..\Drivers\STM32L0xx_HAL_Driver\Src\stm32l0xx_hal_cortex.c 0x00000000   Number         0  stm32l0xx_hal_cortex.o ABSOLUTE
    ..\..\..\..\..\..\Drivers\STM32L0xx_HAL_Driver\Src\stm32l0xx_hal_dma.c 0x00000000   Number         0  stm32l0xx_hal_dma.o ABSOLUTE
    ..\..\..\..\..\..\Drivers\STM32L0xx_HAL_Driver\Src\stm32l0xx_hal_flash.c 0x00000000   Number         0  stm32l0xx_hal_flash.o ABSOLUTE
    ..\..\..\..\..\..\Drivers\STM32L0xx_HAL_Driver\Src\stm32l0xx_hal_flash_ex.c 0x00000000   Number         0  stm32l0xx_hal_flash_ex.o ABSOLUTE
    ..\..\..\..\..\..\Drivers\STM32L0xx_HAL_Driver\Src\stm32l0xx_hal_gpio.c 0x00000000   Number         0  stm32l0xx_hal_gpio.o ABSOLUTE
    ..\..\..\..\..\..\Drivers\STM32L0xx_HAL_Driver\Src\stm32l0xx_hal_pwr.c 0x00000000   Number         0  stm32l0xx_hal_pwr.o ABSOLUTE
    ..\..\..\..\..\..\Drivers\STM32L0xx_HAL_Driver\Src\stm32l0xx_hal_pwr_ex.c 0x00000000   Number         0  stm32l0xx_hal_pwr_ex.o ABSOLUTE
    ..\..\..\..\..\..\Drivers\STM32L0xx_HAL_Driver\Src\stm32l0xx_hal_rcc.c 0x00000000   Number         0  stm32l0xx_hal_rcc.o ABSOLUTE
    ..\..\..\..\..\..\Drivers\STM32L0xx_HAL_Driver\Src\stm32l0xx_hal_rcc_ex.c 0x00000000   Number         0  stm32l0xx_hal_rcc_ex.o ABSOLUTE
    ..\..\..\..\..\..\Drivers\STM32L0xx_HAL_Driver\Src\stm32l0xx_hal_spi.c 0x00000000   Number         0  stm32l0xx_hal_spi.o ABSOLUTE
    ..\..\..\..\..\..\Drivers\STM32L0xx_HAL_Driver\Src\stm32l0xx_hal_uart.c 0x00000000   Number         0  stm32l0xx_hal_uart.o ABSOLUTE
    ..\..\..\..\..\..\Drivers\STM32L0xx_HAL_Driver\Src\stm32l0xx_hal_uart_ex.c 0x00000000   Number         0  stm32l0xx_hal_uart_ex.o ABSOLUTE
    ..\..\..\..\..\..\Middlewares\ST\STM32_BlueNRG\Interface\bluenrg_itf.c 0x00000000   Number         0  bluenrg_itf.o ABSOLUTE
    ..\..\..\..\..\..\Middlewares\ST\STM32_BlueNRG\SimpleBlueNRG_HCI\hci\controller\bluenrg_gap_aci.c 0x00000000   Number         0  bluenrg_gap_aci.o ABSOLUTE
    ..\..\..\..\..\..\Middlewares\ST\STM32_BlueNRG\SimpleBlueNRG_HCI\hci\controller\bluenrg_gatt_aci.c 0x00000000   Number         0  bluenrg_gatt_aci.o ABSOLUTE
    ..\..\..\..\..\..\Middlewares\ST\STM32_BlueNRG\SimpleBlueNRG_HCI\hci\controller\bluenrg_hal_aci.c 0x00000000   Number         0  bluenrg_hal_aci.o ABSOLUTE
    ..\..\..\..\..\..\Middlewares\ST\STM32_BlueNRG\SimpleBlueNRG_HCI\hci\controller\bluenrg_l2cap_aci.c 0x00000000   Number         0  bluenrg_l2cap_aci.o ABSOLUTE
    ..\..\..\..\..\..\Middlewares\ST\STM32_BlueNRG\SimpleBlueNRG_HCI\hci\controller\bluenrg_utils_small.c 0x00000000   Number         0  bluenrg_utils_small.o ABSOLUTE
    ..\..\..\..\..\..\Middlewares\ST\STM32_BlueNRG\SimpleBlueNRG_HCI\hci\hci.c 0x00000000   Number         0  hci.o ABSOLUTE
    ..\..\..\..\..\..\Middlewares\ST\STM32_BlueNRG\SimpleBlueNRG_HCI\hci\hci_le.c 0x00000000   Number         0  hci_le.o ABSOLUTE
    ..\..\..\..\..\..\Middlewares\ST\STM32_BlueNRG\SimpleBlueNRG_HCI\utils\ble_list.c 0x00000000   Number         0  ble_list.o ABSOLUTE
    ..\..\..\..\..\..\Middlewares\ST\STM32_BlueNRG\SimpleBlueNRG_HCI\utils\gp_timer.c 0x00000000   Number         0  gp_timer.o ABSOLUTE
    ..\..\..\..\..\..\Middlewares\ST\STM32_BlueNRG\SimpleBlueNRG_HCI\utils\osal.c 0x00000000   Number         0  osal.o ABSOLUTE
    ..\..\Src\bluenrg_interface.c            0x00000000   Number         0  bluenrg_interface.o ABSOLUTE
    ..\..\Src\cube_hal_l0.c                  0x00000000   Number         0  cube_hal_l0.o ABSOLUTE
    ..\..\Src\main.c                         0x00000000   Number         0  main.o ABSOLUTE
    ..\..\Src\sample_service.c               0x00000000   Number         0  sample_service.o ABSOLUTE
    ..\..\Src\stm32l0xx_hal_msp.c            0x00000000   Number         0  stm32l0xx_hal_msp.o ABSOLUTE
    ..\..\Src\stm32xx_it.c                   0x00000000   Number         0  stm32xx_it.o ABSOLUTE
    ..\..\Src\system_stm32l0xx.c             0x00000000   Number         0  system_stm32l0xx.o ABSOLUTE
    ..\..\Src\uart_support.c                 0x00000000   Number         0  uart_support.o ABSOLUTE
    ..\\..\\..\\..\\..\\..\\Drivers\\BSP\\STM32L0xx_Nucleo\\stm32l0xx_nucleo.c 0x00000000   Number         0  stm32l0xx_nucleo.o ABSOLUTE
    ..\\..\\..\\..\\..\\..\\Drivers\\BSP\\X-NUCLEO-IDB0xA1\\stm32_bluenrg_ble.c 0x00000000   Number         0  stm32_bluenrg_ble.o ABSOLUTE
    ..\\..\\..\\..\\..\\..\\Drivers\\STM32L0xx_HAL_Driver\\Src\\stm32l0xx_hal.c 0x00000000   Number         0  stm32l0xx_hal.o ABSOLUTE
    ..\\..\\..\\..\\..\\..\\Drivers\\STM32L0xx_HAL_Driver\\Src\\stm32l0xx_hal_adc.c 0x00000000   Number         0  stm32l0xx_hal_adc.o ABSOLUTE
    ..\\..\\..\\..\\..\\..\\Drivers\\STM32L0xx_HAL_Driver\\Src\\stm32l0xx_hal_adc_ex.c 0x00000000   Number         0  stm32l0xx_hal_adc_ex.o ABSOLUTE
    ..\\..\\..\\..\\..\\..\\Drivers\\STM32L0xx_HAL_Driver\\Src\\stm32l0xx_hal_cortex.c 0x00000000   Number         0  stm32l0xx_hal_cortex.o ABSOLUTE
    ..\\..\\..\\..\\..\\..\\Drivers\\STM32L0xx_HAL_Driver\\Src\\stm32l0xx_hal_dma.c 0x00000000   Number         0  stm32l0xx_hal_dma.o ABSOLUTE
    ..\\..\\..\\..\\..\\..\\Drivers\\STM32L0xx_HAL_Driver\\Src\\stm32l0xx_hal_flash.c 0x00000000   Number         0  stm32l0xx_hal_flash.o ABSOLUTE
    ..\\..\\..\\..\\..\\..\\Drivers\\STM32L0xx_HAL_Driver\\Src\\stm32l0xx_hal_flash_ex.c 0x00000000   Number         0  stm32l0xx_hal_flash_ex.o ABSOLUTE
    ..\\..\\..\\..\\..\\..\\Drivers\\STM32L0xx_HAL_Driver\\Src\\stm32l0xx_hal_gpio.c 0x00000000   Number         0  stm32l0xx_hal_gpio.o ABSOLUTE
    ..\\..\\..\\..\\..\\..\\Drivers\\STM32L0xx_HAL_Driver\\Src\\stm32l0xx_hal_pwr.c 0x00000000   Number         0  stm32l0xx_hal_pwr.o ABSOLUTE
    ..\\..\\..\\..\\..\\..\\Drivers\\STM32L0xx_HAL_Driver\\Src\\stm32l0xx_hal_pwr_ex.c 0x00000000   Number         0  stm32l0xx_hal_pwr_ex.o ABSOLUTE
    ..\\..\\..\\..\\..\\..\\Drivers\\STM32L0xx_HAL_Driver\\Src\\stm32l0xx_hal_rcc.c 0x00000000   Number         0  stm32l0xx_hal_rcc.o ABSOLUTE
    ..\\..\\..\\..\\..\\..\\Drivers\\STM32L0xx_HAL_Driver\\Src\\stm32l0xx_hal_rcc_ex.c 0x00000000   Number         0  stm32l0xx_hal_rcc_ex.o ABSOLUTE
    ..\\..\\..\\..\\..\\..\\Drivers\\STM32L0xx_HAL_Driver\\Src\\stm32l0xx_hal_spi.c 0x00000000   Number         0  stm32l0xx_hal_spi.o ABSOLUTE
    ..\\..\\..\\..\\..\\..\\Drivers\\STM32L0xx_HAL_Driver\\Src\\stm32l0xx_hal_uart.c 0x00000000   Number         0  stm32l0xx_hal_uart.o ABSOLUTE
    ..\\..\\..\\..\\..\\..\\Drivers\\STM32L0xx_HAL_Driver\\Src\\stm32l0xx_hal_uart_ex.c 0x00000000   Number         0  stm32l0xx_hal_uart_ex.o ABSOLUTE
    ..\\..\\..\\..\\..\\..\\Middlewares\\ST\\STM32_BlueNRG\\Interface\\bluenrg_itf.c 0x00000000   Number         0  bluenrg_itf.o ABSOLUTE
    ..\\..\\..\\..\\..\\..\\Middlewares\\ST\\STM32_BlueNRG\\SimpleBlueNRG_HCI\\hci\\controller\\bluenrg_gap_aci.c 0x00000000   Number         0  bluenrg_gap_aci.o ABSOLUTE
    ..\\..\\..\\..\\..\\..\\Middlewares\\ST\\STM32_BlueNRG\\SimpleBlueNRG_HCI\\hci\\controller\\bluenrg_gatt_aci.c 0x00000000   Number         0  bluenrg_gatt_aci.o ABSOLUTE
    ..\\..\\..\\..\\..\\..\\Middlewares\\ST\\STM32_BlueNRG\\SimpleBlueNRG_HCI\\hci\\controller\\bluenrg_hal_aci.c 0x00000000   Number         0  bluenrg_hal_aci.o ABSOLUTE
    ..\\..\\..\\..\\..\\..\\Middlewares\\ST\\STM32_BlueNRG\\SimpleBlueNRG_HCI\\hci\\controller\\bluenrg_l2cap_aci.c 0x00000000   Number         0  bluenrg_l2cap_aci.o ABSOLUTE
    ..\\..\\..\\..\\..\\..\\Middlewares\\ST\\STM32_BlueNRG\\SimpleBlueNRG_HCI\\hci\\controller\\bluenrg_utils_small.c 0x00000000   Number         0  bluenrg_utils_small.o ABSOLUTE
    ..\\..\\..\\..\\..\\..\\Middlewares\\ST\\STM32_BlueNRG\\SimpleBlueNRG_HCI\\hci\\hci.c 0x00000000   Number         0  hci.o ABSOLUTE
    ..\\..\\..\\..\\..\\..\\Middlewares\\ST\\STM32_BlueNRG\\SimpleBlueNRG_HCI\\hci\\hci_le.c 0x00000000   Number         0  hci_le.o ABSOLUTE
    ..\\..\\..\\..\\..\\..\\Middlewares\\ST\\STM32_BlueNRG\\SimpleBlueNRG_HCI\\utils\\ble_list.c 0x00000000   Number         0  ble_list.o ABSOLUTE
    ..\\..\\..\\..\\..\\..\\Middlewares\\ST\\STM32_BlueNRG\\SimpleBlueNRG_HCI\\utils\\gp_timer.c 0x00000000   Number         0  gp_timer.o ABSOLUTE
    ..\\..\\Src\\bluenrg_interface.c         0x00000000   Number         0  bluenrg_interface.o ABSOLUTE
    ..\\..\\Src\\cube_hal_l0.c               0x00000000   Number         0  cube_hal_l0.o ABSOLUTE
    ..\\..\\Src\\main.c                      0x00000000   Number         0  main.o ABSOLUTE
    ..\\..\\Src\\sample_service.c            0x00000000   Number         0  sample_service.o ABSOLUTE
    ..\\..\\Src\\stm32l0xx_hal_msp.c         0x00000000   Number         0  stm32l0xx_hal_msp.o ABSOLUTE
    ..\\..\\Src\\stm32xx_it.c                0x00000000   Number         0  stm32xx_it.o ABSOLUTE
    ..\\..\\Src\\system_stm32l0xx.c          0x00000000   Number         0  system_stm32l0xx.o ABSOLUTE
    ..\\..\\Src\\uart_support.c              0x00000000   Number         0  uart_support.o ABSOLUTE
    cdrcmple.s                               0x00000000   Number         0  cdrcmple.o ABSOLUTE
    dc.s                                     0x00000000   Number         0  dc.o ABSOLUTE
    handlers.s                               0x00000000   Number         0  handlers.o ABSOLUTE
    init.s                                   0x00000000   Number         0  init.o ABSOLUTE
    startup_stm32l053xx.s                    0x00000000   Number         0  startup_stm32l053xx.o ABSOLUTE
    RESET                                    0x08000000   Section      192  startup_stm32l053xx.o(RESET)
    .ARM.Collect$$$$00000000                 0x080000c0   Section        0  entry.o(.ARM.Collect$$$$00000000)
    .ARM.Collect$$$$00000001                 0x080000c0   Section        4  entry2.o(.ARM.Collect$$$$00000001)
    .ARM.Collect$$$$00000004                 0x080000c4   Section        4  entry5.o(.ARM.Collect$$$$00000004)
    .ARM.Collect$$$$00000008                 0x080000c8   Section        0  entry7b.o(.ARM.Collect$$$$00000008)
    .ARM.Collect$$$$0000000A                 0x080000c8   Section        0  entry8b.o(.ARM.Collect$$$$0000000A)
    .ARM.Collect$$$$0000000B                 0x080000c8   Section        8  entry9a.o(.ARM.Collect$$$$0000000B)
    .ARM.Collect$$$$0000000D                 0x080000d0   Section        0  entry10a.o(.ARM.Collect$$$$0000000D)
    .ARM.Collect$$$$0000000F                 0x080000d0   Section        0  entry11a.o(.ARM.Collect$$$$0000000F)
    .ARM.Collect$$$$00002712                 0x080000d0   Section        4  entry2.o(.ARM.Collect$$$$00002712)
    __lit__00000000                          0x080000d0   Data           4  entry2.o(.ARM.Collect$$$$00002712)
    .text                                    0x080000d4   Section       28  startup_stm32l053xx.o(.text)
    .text                                    0x080000f0   Section        0  uidiv.o(.text)
    .text                                    0x0800011c   Section        0  uldiv.o(.text)
    .text                                    0x0800017c   Section        0  memcpy.o(.text)
    .text                                    0x080001a4   Section        0  memseta.o(.text)
    .text                                    0x080001c8   Section        0  uwrite4.o(.text)
    .text                                    0x080001da   Section        0  llshl.o(.text)
    .text                                    0x080001fa   Section        0  llushr.o(.text)
    .text                                    0x0800021c   Section        0  dadd.o(.text)
    .text                                    0x0800021c   Section        0  iusefp.o(.text)
    .text                                    0x08000380   Section        0  dmul.o(.text)
    .text                                    0x08000450   Section        0  ddiv.o(.text)
    .text                                    0x08000540   Section        0  dfixul.o(.text)
    .text                                    0x08000580   Section       40  cdrcmple.o(.text)
    .text                                    0x080005a8   Section       36  init.o(.text)
    .text                                    0x080005cc   Section        0  llsshr.o(.text)
    .text                                    0x080005f2   Section        0  depilogue.o(.text)
    i.Add_Sample_Service                     0x080006b0   Section        0  sample_service.o(i.Add_Sample_Service)
    i.Attribute_Modified_CB                  0x080007d8   Section        0  sample_service.o(i.Attribute_Modified_CB)
    i.BNRG_SPI_Init                          0x08000804   Section        0  stm32_bluenrg_ble.o(i.BNRG_SPI_Init)
    i.BSP_LED_Init                           0x08000840   Section        0  stm32l0xx_nucleo.o(i.BSP_LED_Init)
    i.BSP_LED_Off                            0x08000890   Section        0  stm32l0xx_nucleo.o(i.BSP_LED_Off)
    i.BSP_LED_On                             0x080008b0   Section        0  stm32l0xx_nucleo.o(i.BSP_LED_On)
    i.BSP_LED_Toggle                         0x080008d0   Section        0  stm32l0xx_nucleo.o(i.BSP_LED_Toggle)
    i.BSP_PB_GetState                        0x080008ec   Section        0  stm32l0xx_nucleo.o(i.BSP_PB_GetState)
    i.BSP_PB_Init                            0x08000908   Section        0  stm32l0xx_nucleo.o(i.BSP_PB_Init)
    i.BlueNRG_DataPresent                    0x0800097c   Section        0  stm32_bluenrg_ble.o(i.BlueNRG_DataPresent)
    i.BlueNRG_RST                            0x08000990   Section        0  stm32_bluenrg_ble.o(i.BlueNRG_RST)
    i.BlueNRG_SPI_Read_All                   0x080009bc   Section        0  stm32_bluenrg_ble.o(i.BlueNRG_SPI_Read_All)
    i.BlueNRG_SPI_Write                      0x08000a54   Section        0  stm32_bluenrg_ble.o(i.BlueNRG_SPI_Write)
    i.Clear_SPI_EXTI_Flag                    0x08000afc   Section        0  stm32_bluenrg_ble.o(i.Clear_SPI_EXTI_Flag)
    i.Disable_SPI_IRQ                        0x08000b08   Section        0  stm32_bluenrg_ble.o(i.Disable_SPI_IRQ)
    i.EXTI0_1_IRQHandler                     0x08000b12   Section        0  stm32xx_it.o(i.EXTI0_1_IRQHandler)
    i.EXTI4_15_IRQHandler                    0x08000b1c   Section        0  stm32xx_it.o(i.EXTI4_15_IRQHandler)
    i.Enable_SPI_IRQ                         0x08000b34   Section        0  stm32_bluenrg_ble.o(i.Enable_SPI_IRQ)
    i.Error_Handler                          0x08000b3e   Section        0  main.o(i.Error_Handler)
    i.GAP_ConnectionComplete_CB              0x08000b4c   Section        0  sample_service.o(i.GAP_ConnectionComplete_CB)
    i.GAP_DisconnectionComplete_CB           0x08000ba4   Section        0  sample_service.o(i.GAP_DisconnectionComplete_CB)
    i.HAL_Delay                              0x08000bd8   Section        0  stm32l0xx_hal.o(i.HAL_Delay)
    i.HAL_GPIO_EXTI_Callback                 0x08000bee   Section        0  bluenrg_interface.o(i.HAL_GPIO_EXTI_Callback)
    i.HAL_GPIO_EXTI_IRQHandler               0x08000bf8   Section        0  stm32l0xx_hal_gpio.o(i.HAL_GPIO_EXTI_IRQHandler)
    i.HAL_GPIO_Init                          0x08000c10   Section        0  stm32l0xx_hal_gpio.o(i.HAL_GPIO_Init)
    i.HAL_GPIO_ReadPin                       0x08000d88   Section        0  stm32l0xx_hal_gpio.o(i.HAL_GPIO_ReadPin)
    i.HAL_GPIO_TogglePin                     0x08000d92   Section        0  stm32l0xx_hal_gpio.o(i.HAL_GPIO_TogglePin)
    i.HAL_GPIO_WritePin                      0x08000d9a   Section        0  stm32l0xx_hal_gpio.o(i.HAL_GPIO_WritePin)
    i.HAL_GetTick                            0x08000da8   Section        0  stm32l0xx_hal.o(i.HAL_GetTick)
    i.HAL_IncTick                            0x08000db4   Section        0  stm32l0xx_hal.o(i.HAL_IncTick)
    i.HAL_Init                               0x08000dc4   Section        0  stm32l0xx_hal.o(i.HAL_Init)
    i.HAL_InitTick                           0x08000de4   Section        0  stm32l0xx_hal.o(i.HAL_InitTick)
    i.HAL_MspInit                            0x08000e0c   Section        0  stm32l0xx_hal.o(i.HAL_MspInit)
    i.HAL_NVIC_DisableIRQ                    0x08000e10   Section        0  stm32l0xx_hal_cortex.o(i.HAL_NVIC_DisableIRQ)
    i.HAL_NVIC_EnableIRQ                     0x08000e24   Section        0  stm32l0xx_hal_cortex.o(i.HAL_NVIC_EnableIRQ)
    i.HAL_NVIC_SetPriority                   0x08000e38   Section        0  stm32l0xx_hal_cortex.o(i.HAL_NVIC_SetPriority)
    i.HAL_RCCEx_GetPeriphCLKFreq             0x08000e40   Section        0  stm32l0xx_hal_rcc_ex.o(i.HAL_RCCEx_GetPeriphCLKFreq)
    i.HAL_RCC_ClockConfig                    0x08000fe4   Section        0  stm32l0xx_hal_rcc.o(i.HAL_RCC_ClockConfig)
    i.HAL_RCC_GetPCLK1Freq                   0x0800114c   Section        0  stm32l0xx_hal_rcc.o(i.HAL_RCC_GetPCLK1Freq)
    i.HAL_RCC_GetPCLK2Freq                   0x0800116c   Section        0  stm32l0xx_hal_rcc.o(i.HAL_RCC_GetPCLK2Freq)
    i.HAL_RCC_GetSysClockFreq                0x0800118c   Section        0  stm32l0xx_hal_rcc.o(i.HAL_RCC_GetSysClockFreq)
    i.HAL_RCC_OscConfig                      0x08001204   Section        0  stm32l0xx_hal_rcc.o(i.HAL_RCC_OscConfig)
    i.HAL_SPI_Init                           0x08001656   Section        0  stm32l0xx_hal_spi.o(i.HAL_SPI_Init)
    i.HAL_SPI_MspInit                        0x080016dc   Section        0  stm32l0xx_hal_msp.o(i.HAL_SPI_MspInit)
    i.HAL_SPI_TransmitReceive                0x08001800   Section        0  stm32l0xx_hal_spi.o(i.HAL_SPI_TransmitReceive)
    i.HAL_SYSTICK_Config                     0x08001ab8   Section        0  stm32l0xx_hal_cortex.o(i.HAL_SYSTICK_Config)
    i.HAL_UART_Init                          0x08001ae8   Section        0  stm32l0xx_hal_uart.o(i.HAL_UART_Init)
    i.HAL_UART_MspInit                       0x08001b54   Section        0  main.o(i.HAL_UART_MspInit)
    i.HAL_UART_Transmit                      0x08001bac   Section        0  stm32l0xx_hal_uart.o(i.HAL_UART_Transmit)
    i.HCI_Event_CB                           0x08001c74   Section        0  sample_service.o(i.HCI_Event_CB)
    i.HCI_Init                               0x08001dc4   Section        0  hci.o(i.HCI_Init)
    i.HCI_Isr                                0x08001df8   Section        0  hci.o(i.HCI_Isr)
    i.HCI_Process                            0x08001e5c   Section        0  hci.o(i.HCI_Process)
    i.HCI_Queue_Empty                        0x08001ea4   Section        0  hci.o(i.HCI_Queue_Empty)
    i.HCI_verify                             0x08001eb4   Section        0  hci.o(i.HCI_verify)
    i.Hal_Write_Serial                       0x08001ed6   Section        0  stm32_bluenrg_ble.o(i.Hal_Write_Serial)
    i.HardFault_Handler                      0x08001f04   Section        0  stm32xx_it.o(i.HardFault_Handler)
    i.Make_Connection                        0x08001f08   Section        0  sample_service.o(i.Make_Connection)
    i.NMI_Handler                            0x08002020   Section        0  stm32xx_it.o(i.NMI_Handler)
    i.NVIC_SetPriority                       0x08002024   Section        0  stm32l0xx_hal_cortex.o(i.NVIC_SetPriority)
    NVIC_SetPriority                         0x08002025   Thumb Code    60  stm32l0xx_hal_cortex.o(i.NVIC_SetPriority)
    i.Osal_MemCpy                            0x08002068   Section        0  osal.o(i.Osal_MemCpy)
    i.Osal_MemSet                            0x08002070   Section        0  osal.o(i.Osal_MemSet)
    i.PRINT_MESG_UART                        0x08002078   Section        0  uart_support.o(i.PRINT_MESG_UART)
    i.PendSV_Handler                         0x080020ac   Section        0  stm32xx_it.o(i.PendSV_Handler)
    i.RCC_SetFlashLatencyFromMSIRange        0x080020b0   Section        0  stm32l0xx_hal_rcc.o(i.RCC_SetFlashLatencyFromMSIRange)
    RCC_SetFlashLatencyFromMSIRange          0x080020b1   Thumb Code    94  stm32l0xx_hal_rcc.o(i.RCC_SetFlashLatencyFromMSIRange)
    i.SPI_WaitOnFlagUntilTimeout             0x08002120   Section        0  stm32l0xx_hal_spi.o(i.SPI_WaitOnFlagUntilTimeout)
    SPI_WaitOnFlagUntilTimeout               0x08002121   Thumb Code   178  stm32l0xx_hal_spi.o(i.SPI_WaitOnFlagUntilTimeout)
    i.SVC_Handler                            0x080021d2   Section        0  stm32xx_it.o(i.SVC_Handler)
    i.SysTick_Handler                        0x080021d4   Section        0  stm32xx_it.o(i.SysTick_Handler)
    i.SystemClock_Config                     0x080021e8   Section        0  cube_hal_l0.o(i.SystemClock_Config)
    i.SystemInit                             0x0800224c   Section        0  system_stm32l0xx.o(i.SystemInit)
    i.Timer_Expired                          0x080022a0   Section        0  gp_timer.o(i.Timer_Expired)
    i.Timer_Set                              0x080022bc   Section        0  gp_timer.o(i.Timer_Set)
    i.UART_AdvFeatureConfig                  0x080022ca   Section        0  stm32l0xx_hal_uart.o(i.UART_AdvFeatureConfig)
    i.UART_CheckIdleState                    0x08002394   Section        0  stm32l0xx_hal_uart.o(i.UART_CheckIdleState)
    i.UART_SetConfig                         0x080023f4   Section        0  stm32l0xx_hal_uart.o(i.UART_SetConfig)
    i.UART_WaitOnFlagUntilTimeout            0x08002610   Section        0  stm32l0xx_hal_uart.o(i.UART_WaitOnFlagUntilTimeout)
    i.User_Process                           0x08002674   Section        0  main.o(i.User_Process)
    i.__0vsnprintf                           0x08002740   Section        0  printfa.o(i.__0vsnprintf)
    i.__ARM_clz                              0x0800276c   Section        0  depilogue.o(i.__ARM_clz)
    i.__ARM_common_switch8                   0x0800279a   Section        0  stm32l0xx_hal_uart.o(i.__ARM_common_switch8)
    i.__scatterload_copy                     0x080027b4   Section       14  handlers.o(i.__scatterload_copy)
    i.__scatterload_null                     0x080027c2   Section        2  handlers.o(i.__scatterload_null)
    i.__scatterload_zeroinit                 0x080027c4   Section       14  handlers.o(i.__scatterload_zeroinit)
    i._fp_digits                             0x080027d4   Section        0  printfa.o(i._fp_digits)
    _fp_digits                               0x080027d5   Thumb Code   344  printfa.o(i._fp_digits)
    i._printf_core                           0x08002948   Section        0  printfa.o(i._printf_core)
    _printf_core                             0x08002949   Thumb Code  1754  printfa.o(i._printf_core)
    i._printf_post_padding                   0x08003034   Section        0  printfa.o(i._printf_post_padding)
    _printf_post_padding                     0x08003035   Thumb Code    32  printfa.o(i._printf_post_padding)
    i._printf_pre_padding                    0x08003054   Section        0  printfa.o(i._printf_pre_padding)
    _printf_pre_padding                      0x08003055   Thumb Code    44  printfa.o(i._printf_pre_padding)
    i._snputc                                0x08003080   Section        0  printfa.o(i._snputc)
    _snputc                                  0x08003081   Thumb Code    22  printfa.o(i._snputc)
    i.aci_gap_create_connection              0x08003096   Section        0  bluenrg_gap_aci.o(i.aci_gap_create_connection)
    i.aci_gap_init_IDB04A1                   0x08003108   Section        0  bluenrg_gap_aci.o(i.aci_gap_init_IDB04A1)
    i.aci_gap_init_IDB05A1                   0x08003184   Section        0  bluenrg_gap_aci.o(i.aci_gap_init_IDB05A1)
    i.aci_gap_set_auth_requirement           0x08003202   Section        0  bluenrg_gap_aci.o(i.aci_gap_set_auth_requirement)
    i.aci_gap_set_discoverable               0x08003276   Section        0  bluenrg_gap_aci.o(i.aci_gap_set_discoverable)
    i.aci_gatt_add_char                      0x0800332a   Section        0  bluenrg_gatt_aci.o(i.aci_gatt_add_char)
    i.aci_gatt_add_serv                      0x080033da   Section        0  bluenrg_gatt_aci.o(i.aci_gatt_add_serv)
    i.aci_gatt_disc_charac_by_uuid           0x0800345a   Section        0  bluenrg_gatt_aci.o(i.aci_gatt_disc_charac_by_uuid)
    i.aci_gatt_init                          0x080034d8   Section        0  bluenrg_gatt_aci.o(i.aci_gatt_init)
    i.aci_gatt_write_without_response        0x08003510   Section        0  bluenrg_gatt_aci.o(i.aci_gatt_write_without_response)
    i.aci_hal_set_tx_power_level             0x08003570   Section        0  bluenrg_hal_aci.o(i.aci_hal_set_tx_power_level)
    i.aci_hal_write_config_data              0x080035b4   Section        0  bluenrg_hal_aci.o(i.aci_hal_write_config_data)
    i.enableNotification                     0x08003614   Section        0  sample_service.o(i.enableNotification)
    i.getBlueNRGVersion                      0x08003620   Section        0  bluenrg_utils_small.o(i.getBlueNRGVersion)
    i.hci_le_read_local_version              0x08003672   Section        0  hci_le.o(i.hci_le_read_local_version)
    i.hci_le_set_scan_resp_data              0x080036f4   Section        0  hci_le.o(i.hci_le_set_scan_resp_data)
    i.hci_send_cmd                           0x08003756   Section        0  hci.o(i.hci_send_cmd)
    i.hci_send_req                           0x08003788   Section        0  hci.o(i.hci_send_req)
    i.hci_write                              0x08003904   Section        0  hci.o(i.hci_write)
    i.list_get_size                          0x0800390c   Section        0  ble_list.o(i.list_get_size)
    i.list_init_head                         0x08003928   Section        0  ble_list.o(i.list_init_head)
    i.list_insert_head                       0x0800392e   Section        0  ble_list.o(i.list_insert_head)
    i.list_insert_tail                       0x08003946   Section        0  ble_list.o(i.list_insert_tail)
    i.list_is_empty                          0x0800395e   Section        0  ble_list.o(i.list_is_empty)
    i.list_remove_head                       0x08003976   Section        0  ble_list.o(i.list_remove_head)
    i.list_remove_node                       0x0800399a   Section        0  ble_list.o(i.list_remove_node)
    i.list_remove_tail                       0x080039b0   Section        0  ble_list.o(i.list_remove_tail)
    i.main                                   0x080039d4   Section        0  main.o(i.main)
    i.move_list                              0x08003c24   Section        0  hci.o(i.move_list)
    move_list                                0x08003c25   Thumb Code    36  hci.o(i.move_list)
    i.receiveData                            0x08003c48   Section        0  sample_service.o(i.receiveData)
    i.sendData                               0x08003c6c   Section        0  sample_service.o(i.sendData)
    i.startReadRXCharHandle                  0x08003c94   Section        0  sample_service.o(i.startReadRXCharHandle)
    i.startReadTXCharHandle                  0x08003d00   Section        0  sample_service.o(i.startReadTXCharHandle)
    i.vcom_init                              0x08003d6c   Section        0  main.o(i.vcom_init)
    .constdata                               0x08003da0   Section        6  stm32l0xx_nucleo.o(.constdata)
    .constdata                               0x08003da6   Section       25  system_stm32l0xx.o(.constdata)
    .constdata                               0x08003dbf   Section        8  system_stm32l0xx.o(.constdata)
    .data                                    0x20000000   Section        2  main.o(.data)
    .data                                    0x20000004   Section       48  sample_service.o(.data)
    time                                     0x2000001c   Data           4  sample_service.o(.data)
    time2                                    0x20000020   Data           4  sample_service.o(.data)
    packets                                  0x20000024   Data           4  sample_service.o(.data)
    n_packet1                                0x20000028   Data           4  sample_service.o(.data)
    n_packet2                                0x2000002c   Data           4  sample_service.o(.data)
    lost_packets                             0x20000030   Data           4  sample_service.o(.data)
    .data                                    0x20000034   Section        8  stm32xx_it.o(.data)
    .data                                    0x2000003c   Section       20  stm32l0xx_nucleo.o(.data)
    sConfig                                  0x20000048   Data           8  stm32l0xx_nucleo.o(.data)
    .data                                    0x20000050   Section        4  system_stm32l0xx.o(.data)
    .data                                    0x20000054   Section        4  stm32l0xx_hal.o(.data)
    .data                                    0x20000058   Section       20  hci.o(.data)
    hci_timeout                              0x20000058   Data           1  hci.o(.data)
    .bss                                     0x2000006c   Section      112  main.o(.bss)
    .bss                                     0x200000dc   Section       88  stm32_bluenrg_ble.o(.bss)
    .bss                                     0x20000134   Section      700  hci.o(.bss)
    hciReadPacketBuffer                      0x20000134   Data         700  hci.o(.bss)
    STACK                                    0x200003f0   Section     1024  startup_stm32l053xx.o(STACK)

    Global Symbols

    Symbol Name                              Value     Ov Type        Size  Object(Section)

    BuildAttributes$$THM_ISAv3M$S$PE$A:L22$X:L11$S22$IEEE1$IW$USESV6$~STKCKD$USESV7$~SHL$OTIME$ROPI$EBA8$MICROLIB$REQ8$PRES8$EABIv2 0x00000000   Number         0  anon$$obj.o ABSOLUTE
    __ARM_use_no_argv                        0x00000000   Number         0  main.o ABSOLUTE
    __cpp_initialize__aeabi_                  - Undefined Weak Reference
    __cxa_finalize                            - Undefined Weak Reference
    __decompress                              - Undefined Weak Reference
    _clock_init                               - Undefined Weak Reference
    _microlib_exit                            - Undefined Weak Reference
    __Vectors_Size                           0x000000c0   Number         0  startup_stm32l053xx.o ABSOLUTE
    __Vectors                                0x08000000   Data           4  startup_stm32l053xx.o(RESET)
    __Vectors_End                            0x080000c0   Data           0  startup_stm32l053xx.o(RESET)
    __main                                   0x080000c1   Thumb Code     0  entry.o(.ARM.Collect$$$$00000000)
    _main_stk                                0x080000c1   Thumb Code     0  entry2.o(.ARM.Collect$$$$00000001)
    _main_scatterload                        0x080000c5   Thumb Code     0  entry5.o(.ARM.Collect$$$$00000004)
    __main_after_scatterload                 0x080000c9   Thumb Code     0  entry5.o(.ARM.Collect$$$$00000004)
    _main_clock                              0x080000c9   Thumb Code     0  entry7b.o(.ARM.Collect$$$$00000008)
    _main_cpp_init                           0x080000c9   Thumb Code     0  entry8b.o(.ARM.Collect$$$$0000000A)
    _main_init                               0x080000c9   Thumb Code     0  entry9a.o(.ARM.Collect$$$$0000000B)
    __rt_final_cpp                           0x080000d1   Thumb Code     0  entry10a.o(.ARM.Collect$$$$0000000D)
    __rt_final_exit                          0x080000d1   Thumb Code     0  entry11a.o(.ARM.Collect$$$$0000000F)
    Reset_Handler                            0x080000d5   Thumb Code     8  startup_stm32l053xx.o(.text)
    ADC1_COMP_IRQHandler                     0x080000e7   Thumb Code     0  startup_stm32l053xx.o(.text)
    DMA1_Channel1_IRQHandler                 0x080000e7   Thumb Code     0  startup_stm32l053xx.o(.text)
    DMA1_Channel2_3_IRQHandler               0x080000e7   Thumb Code     0  startup_stm32l053xx.o(.text)
    DMA1_Channel4_5_6_7_IRQHandler           0x080000e7   Thumb Code     0  startup_stm32l053xx.o(.text)
    EXTI2_3_IRQHandler                       0x080000e7   Thumb Code     0  startup_stm32l053xx.o(.text)
    FLASH_IRQHandler                         0x080000e7   Thumb Code     0  startup_stm32l053xx.o(.text)
    I2C1_IRQHandler                          0x080000e7   Thumb Code     0  startup_stm32l053xx.o(.text)
    I2C2_IRQHandler                          0x080000e7   Thumb Code     0  startup_stm32l053xx.o(.text)
    LCD_IRQHandler                           0x080000e7   Thumb Code     0  startup_stm32l053xx.o(.text)
    LPTIM1_IRQHandler                        0x080000e7   Thumb Code     0  startup_stm32l053xx.o(.text)
    PVD_IRQHandler                           0x080000e7   Thumb Code     0  startup_stm32l053xx.o(.text)
    RCC_CRS_IRQHandler                       0x080000e7   Thumb Code     0  startup_stm32l053xx.o(.text)
    RNG_LPUART1_IRQHandler                   0x080000e7   Thumb Code     0  startup_stm32l053xx.o(.text)
    RTC_IRQHandler                           0x080000e7   Thumb Code     0  startup_stm32l053xx.o(.text)
    SPI1_IRQHandler                          0x080000e7   Thumb Code     0  startup_stm32l053xx.o(.text)
    SPI2_IRQHandler                          0x080000e7   Thumb Code     0  startup_stm32l053xx.o(.text)
    TIM21_IRQHandler                         0x080000e7   Thumb Code     0  startup_stm32l053xx.o(.text)
    TIM22_IRQHandler                         0x080000e7   Thumb Code     0  startup_stm32l053xx.o(.text)
    TIM2_IRQHandler                          0x080000e7   Thumb Code     0  startup_stm32l053xx.o(.text)
    TIM6_DAC_IRQHandler                      0x080000e7   Thumb Code     0  startup_stm32l053xx.o(.text)
    TSC_IRQHandler                           0x080000e7   Thumb Code     0  startup_stm32l053xx.o(.text)
    USART1_IRQHandler                        0x080000e7   Thumb Code     0  startup_stm32l053xx.o(.text)
    USART2_IRQHandler                        0x080000e7   Thumb Code     0  startup_stm32l053xx.o(.text)
    USB_IRQHandler                           0x080000e7   Thumb Code     0  startup_stm32l053xx.o(.text)
    WWDG_IRQHandler                          0x080000e7   Thumb Code     0  startup_stm32l053xx.o(.text)
    __aeabi_uidiv                            0x080000f1   Thumb Code     0  uidiv.o(.text)
    __aeabi_uidivmod                         0x080000f1   Thumb Code    44  uidiv.o(.text)
    __aeabi_uldivmod                         0x0800011d   Thumb Code    96  uldiv.o(.text)
    ___aeabi_memcpy$ret                      0x0800017d   Thumb Code    40  memcpy.o(.text)
    ___aeabi_memcpy8$ret                     0x0800017d   Thumb Code     0  memcpy.o(.text)
    __aeabi_memcpy4                          0x0800017d   Thumb Code     0  memcpy.o(.text)
    memcpy                                   0x0800017d   Thumb Code     0  memcpy.o(.text)
    __aeabi_memset                           0x080001a5   Thumb Code    14  memseta.o(.text)
    __aeabi_memset4                          0x080001a5   Thumb Code     0  memseta.o(.text)
    __aeabi_memset8                          0x080001a5   Thumb Code     0  memseta.o(.text)
    __aeabi_memclr                           0x080001b3   Thumb Code     4  memseta.o(.text)
    __aeabi_memclr4                          0x080001b3   Thumb Code     0  memseta.o(.text)
    __aeabi_memclr8                          0x080001b3   Thumb Code     0  memseta.o(.text)
    memset                                   0x080001b7   Thumb Code    18  memseta.o(.text)
    __aeabi_uwrite4                          0x080001c9   Thumb Code    18  uwrite4.o(.text)
    __rt_uwrite4                             0x080001c9   Thumb Code     0  uwrite4.o(.text)
    _uwrite4                                 0x080001c9   Thumb Code     0  uwrite4.o(.text)
    __aeabi_llsl                             0x080001db   Thumb Code    32  llshl.o(.text)
    _ll_shift_l                              0x080001db   Thumb Code     0  llshl.o(.text)
    __aeabi_llsr                             0x080001fb   Thumb Code    34  llushr.o(.text)
    _ll_ushift_r                             0x080001fb   Thumb Code     0  llushr.o(.text)
    __I$use$fp                               0x0800021d   Thumb Code     0  iusefp.o(.text)
    __aeabi_dadd                             0x0800021d   Thumb Code   328  dadd.o(.text)
    __aeabi_dsub                             0x08000365   Thumb Code    12  dadd.o(.text)
    __aeabi_drsub                            0x08000371   Thumb Code    12  dadd.o(.text)
    __aeabi_dmul                             0x08000381   Thumb Code   202  dmul.o(.text)
    __aeabi_ddiv                             0x08000451   Thumb Code   234  ddiv.o(.text)
    __aeabi_d2ulz                            0x08000541   Thumb Code    54  dfixul.o(.text)
    __aeabi_cdrcmple                         0x08000581   Thumb Code    38  cdrcmple.o(.text)
    __scatterload                            0x080005a9   Thumb Code    28  init.o(.text)
    __scatterload_rt2                        0x080005a9   Thumb Code     0  init.o(.text)
    __aeabi_lasr                             0x080005cd   Thumb Code    38  llsshr.o(.text)
    _ll_sshift_r                             0x080005cd   Thumb Code     0  llsshr.o(.text)
    _double_round                            0x080005f3   Thumb Code    26  depilogue.o(.text)
    _double_epilogue                         0x0800060d   Thumb Code   164  depilogue.o(.text)
    Add_Sample_Service                       0x080006b1   Thumb Code   144  sample_service.o(i.Add_Sample_Service)
    Attribute_Modified_CB                    0x080007d9   Thumb Code    38  sample_service.o(i.Attribute_Modified_CB)
    BNRG_SPI_Init                            0x08000805   Thumb Code    50  stm32_bluenrg_ble.o(i.BNRG_SPI_Init)
    BSP_LED_Init                             0x08000841   Thumb Code    68  stm32l0xx_nucleo.o(i.BSP_LED_Init)
    BSP_LED_Off                              0x08000891   Thumb Code    22  stm32l0xx_nucleo.o(i.BSP_LED_Off)
    BSP_LED_On                               0x080008b1   Thumb Code    22  stm32l0xx_nucleo.o(i.BSP_LED_On)
    BSP_LED_Toggle                           0x080008d1   Thumb Code    20  stm32l0xx_nucleo.o(i.BSP_LED_Toggle)
    BSP_PB_GetState                          0x080008ed   Thumb Code    20  stm32l0xx_nucleo.o(i.BSP_PB_GetState)
    BSP_PB_Init                              0x08000909   Thumb Code   100  stm32l0xx_nucleo.o(i.BSP_PB_Init)
    BlueNRG_DataPresent                      0x0800097d   Thumb Code    20  stm32_bluenrg_ble.o(i.BlueNRG_DataPresent)
    BlueNRG_RST                              0x08000991   Thumb Code    44  stm32_bluenrg_ble.o(i.BlueNRG_RST)
    BlueNRG_SPI_Read_All                     0x080009bd   Thumb Code   140  stm32_bluenrg_ble.o(i.BlueNRG_SPI_Read_All)
    BlueNRG_SPI_Write                        0x08000a55   Thumb Code   148  stm32_bluenrg_ble.o(i.BlueNRG_SPI_Write)
    Clear_SPI_EXTI_Flag                      0x08000afd   Thumb Code     8  stm32_bluenrg_ble.o(i.Clear_SPI_EXTI_Flag)
    Disable_SPI_IRQ                          0x08000b09   Thumb Code    10  stm32_bluenrg_ble.o(i.Disable_SPI_IRQ)
    EXTI0_1_IRQHandler                       0x08000b13   Thumb Code    10  stm32xx_it.o(i.EXTI0_1_IRQHandler)
    EXTI4_15_IRQHandler                      0x08000b1d   Thumb Code    18  stm32xx_it.o(i.EXTI4_15_IRQHandler)
    Enable_SPI_IRQ                           0x08000b35   Thumb Code    10  stm32_bluenrg_ble.o(i.Enable_SPI_IRQ)
    Error_Handler                            0x08000b3f   Thumb Code    14  main.o(i.Error_Handler)
    GAP_ConnectionComplete_CB                0x08000b4d   Thumb Code    44  sample_service.o(i.GAP_ConnectionComplete_CB)
    GAP_DisconnectionComplete_CB             0x08000ba5   Thumb Code    30  sample_service.o(i.GAP_DisconnectionComplete_CB)
    HAL_Delay                                0x08000bd9   Thumb Code    22  stm32l0xx_hal.o(i.HAL_Delay)
    HAL_GPIO_EXTI_Callback                   0x08000bef   Thumb Code     8  bluenrg_interface.o(i.HAL_GPIO_EXTI_Callback)
    HAL_GPIO_EXTI_IRQHandler                 0x08000bf9   Thumb Code    18  stm32l0xx_hal_gpio.o(i.HAL_GPIO_EXTI_IRQHandler)
    HAL_GPIO_Init                            0x08000c11   Thumb Code   346  stm32l0xx_hal_gpio.o(i.HAL_GPIO_Init)
    HAL_GPIO_ReadPin                         0x08000d89   Thumb Code    10  stm32l0xx_hal_gpio.o(i.HAL_GPIO_ReadPin)
    HAL_GPIO_TogglePin                       0x08000d93   Thumb Code     8  stm32l0xx_hal_gpio.o(i.HAL_GPIO_TogglePin)
    HAL_GPIO_WritePin                        0x08000d9b   Thumb Code    12  stm32l0xx_hal_gpio.o(i.HAL_GPIO_WritePin)
    HAL_GetTick                              0x08000da9   Thumb Code     6  stm32l0xx_hal.o(i.HAL_GetTick)
    HAL_IncTick                              0x08000db5   Thumb Code    10  stm32l0xx_hal.o(i.HAL_IncTick)
    HAL_Init                                 0x08000dc5   Thumb Code    26  stm32l0xx_hal.o(i.HAL_Init)
    HAL_InitTick                             0x08000de5   Thumb Code    34  stm32l0xx_hal.o(i.HAL_InitTick)
    HAL_MspInit                              0x08000e0d   Thumb Code     2  stm32l0xx_hal.o(i.HAL_MspInit)
    HAL_NVIC_DisableIRQ                      0x08000e11   Thumb Code    14  stm32l0xx_hal_cortex.o(i.HAL_NVIC_DisableIRQ)
    HAL_NVIC_EnableIRQ                       0x08000e25   Thumb Code    14  stm32l0xx_hal_cortex.o(i.HAL_NVIC_EnableIRQ)
    HAL_NVIC_SetPriority                     0x08000e39   Thumb Code     8  stm32l0xx_hal_cortex.o(i.HAL_NVIC_SetPriority)
    HAL_RCCEx_GetPeriphCLKFreq               0x08000e41   Thumb Code   380  stm32l0xx_hal_rcc_ex.o(i.HAL_RCCEx_GetPeriphCLKFreq)
    HAL_RCC_ClockConfig                      0x08000fe5   Thumb Code   340  stm32l0xx_hal_rcc.o(i.HAL_RCC_ClockConfig)
    HAL_RCC_GetPCLK1Freq                     0x0800114d   Thumb Code    20  stm32l0xx_hal_rcc.o(i.HAL_RCC_GetPCLK1Freq)
    HAL_RCC_GetPCLK2Freq                     0x0800116d   Thumb Code    20  stm32l0xx_hal_rcc.o(i.HAL_RCC_GetPCLK2Freq)
    HAL_RCC_GetSysClockFreq                  0x0800118d   Thumb Code   100  stm32l0xx_hal_rcc.o(i.HAL_RCC_GetSysClockFreq)
    HAL_RCC_OscConfig                        0x08001205   Thumb Code  1106  stm32l0xx_hal_rcc.o(i.HAL_RCC_OscConfig)
    HAL_SPI_Init                             0x08001657   Thumb Code   132  stm32l0xx_hal_spi.o(i.HAL_SPI_Init)
    HAL_SPI_MspInit                          0x080016dd   Thumb Code   276  stm32l0xx_hal_msp.o(i.HAL_SPI_MspInit)
    HAL_SPI_TransmitReceive                  0x08001801   Thumb Code   696  stm32l0xx_hal_spi.o(i.HAL_SPI_TransmitReceive)
    HAL_SYSTICK_Config                       0x08001ab9   Thumb Code    38  stm32l0xx_hal_cortex.o(i.HAL_SYSTICK_Config)
    HAL_UART_Init                            0x08001ae9   Thumb Code   108  stm32l0xx_hal_uart.o(i.HAL_UART_Init)
    HAL_UART_MspInit                         0x08001b55   Thumb Code    84  main.o(i.HAL_UART_MspInit)
    HAL_UART_Transmit                        0x08001bad   Thumb Code   200  stm32l0xx_hal_uart.o(i.HAL_UART_Transmit)
    HCI_Event_CB                             0x08001c75   Thumb Code   226  sample_service.o(i.HCI_Event_CB)
    HCI_Init                                 0x08001dc5   Thumb Code    42  hci.o(i.HCI_Init)
    HCI_Isr                                  0x08001df9   Thumb Code    96  hci.o(i.HCI_Isr)
    HCI_Process                              0x08001e5d   Thumb Code    66  hci.o(i.HCI_Process)
    HCI_Queue_Empty                          0x08001ea5   Thumb Code    10  hci.o(i.HCI_Queue_Empty)
    HCI_verify                               0x08001eb5   Thumb Code    34  hci.o(i.HCI_verify)
    Hal_Write_Serial                         0x08001ed7   Thumb Code    46  stm32_bluenrg_ble.o(i.Hal_Write_Serial)
    HardFault_Handler                        0x08001f05   Thumb Code     2  stm32xx_it.o(i.HardFault_Handler)
    Make_Connection                          0x08001f09   Thumb Code   154  sample_service.o(i.Make_Connection)
    NMI_Handler                              0x08002021   Thumb Code     2  stm32xx_it.o(i.NMI_Handler)
    Osal_MemCpy                              0x08002069   Thumb Code     8  osal.o(i.Osal_MemCpy)
    Osal_MemSet                              0x08002071   Thumb Code     8  osal.o(i.Osal_MemSet)
    PRINT_MESG_UART                          0x08002079   Thumb Code    48  uart_support.o(i.PRINT_MESG_UART)
    PendSV_Handler                           0x080020ad   Thumb Code     2  stm32xx_it.o(i.PendSV_Handler)
    SVC_Handler                              0x080021d3   Thumb Code     2  stm32xx_it.o(i.SVC_Handler)
    SysTick_Handler                          0x080021d5   Thumb Code    16  stm32xx_it.o(i.SysTick_Handler)
    SystemClock_Config                       0x080021e9   Thumb Code    92  cube_hal_l0.o(i.SystemClock_Config)
    SystemInit                               0x0800224d   Thumb Code    66  system_stm32l0xx.o(i.SystemInit)
    Timer_Expired                            0x080022a1   Thumb Code    28  gp_timer.o(i.Timer_Expired)
    Timer_Set                                0x080022bd   Thumb Code    14  gp_timer.o(i.Timer_Set)
    UART_AdvFeatureConfig                    0x080022cb   Thumb Code   202  stm32l0xx_hal_uart.o(i.UART_AdvFeatureConfig)
    UART_CheckIdleState                      0x08002395   Thumb Code    90  stm32l0xx_hal_uart.o(i.UART_CheckIdleState)
    UART_SetConfig                           0x080023f5   Thumb Code   498  stm32l0xx_hal_uart.o(i.UART_SetConfig)
    UART_WaitOnFlagUntilTimeout              0x08002611   Thumb Code    98  stm32l0xx_hal_uart.o(i.UART_WaitOnFlagUntilTimeout)
    User_Process                             0x08002675   Thumb Code   158  main.o(i.User_Process)
    __0vsnprintf                             0x08002741   Thumb Code    40  printfa.o(i.__0vsnprintf)
    __1vsnprintf                             0x08002741   Thumb Code     0  printfa.o(i.__0vsnprintf)
    __2vsnprintf                             0x08002741   Thumb Code     0  printfa.o(i.__0vsnprintf)
    __c89vsnprintf                           0x08002741   Thumb Code     0  printfa.o(i.__0vsnprintf)
    vsnprintf                                0x08002741   Thumb Code     0  printfa.o(i.__0vsnprintf)
    __ARM_clz                                0x0800276d   Thumb Code    46  depilogue.o(i.__ARM_clz)
    __ARM_common_switch8                     0x0800279b   Thumb Code    26  stm32l0xx_hal_uart.o(i.__ARM_common_switch8)
    __scatterload_copy                       0x080027b5   Thumb Code    14  handlers.o(i.__scatterload_copy)
    __scatterload_null                       0x080027c3   Thumb Code     2  handlers.o(i.__scatterload_null)
    __scatterload_zeroinit                   0x080027c5   Thumb Code    14  handlers.o(i.__scatterload_zeroinit)
    aci_gap_create_connection                0x08003097   Thumb Code   114  bluenrg_gap_aci.o(i.aci_gap_create_connection)
    aci_gap_init_IDB04A1                     0x08003109   Thumb Code   124  bluenrg_gap_aci.o(i.aci_gap_init_IDB04A1)
    aci_gap_init_IDB05A1                     0x08003185   Thumb Code   126  bluenrg_gap_aci.o(i.aci_gap_init_IDB05A1)
    aci_gap_set_auth_requirement             0x08003203   Thumb Code   116  bluenrg_gap_aci.o(i.aci_gap_set_auth_requirement)
    aci_gap_set_discoverable                 0x08003277   Thumb Code   180  bluenrg_gap_aci.o(i.aci_gap_set_discoverable)
    aci_gatt_add_char                        0x0800332b   Thumb Code   176  bluenrg_gatt_aci.o(i.aci_gatt_add_char)
    aci_gatt_add_serv                        0x080033db   Thumb Code   128  bluenrg_gatt_aci.o(i.aci_gatt_add_serv)
    aci_gatt_disc_charac_by_uuid             0x0800345b   Thumb Code   126  bluenrg_gatt_aci.o(i.aci_gatt_disc_charac_by_uuid)
    aci_gatt_init                            0x080034d9   Thumb Code    56  bluenrg_gatt_aci.o(i.aci_gatt_init)
    aci_gatt_write_without_response          0x08003511   Thumb Code    96  bluenrg_gatt_aci.o(i.aci_gatt_write_without_response)
    aci_hal_set_tx_power_level               0x08003571   Thumb Code    68  bluenrg_hal_aci.o(i.aci_hal_set_tx_power_level)
    aci_hal_write_config_data                0x080035b5   Thumb Code    94  bluenrg_hal_aci.o(i.aci_hal_write_config_data)
    enableNotification                       0x08003615   Thumb Code     8  sample_service.o(i.enableNotification)
    getBlueNRGVersion                        0x08003621   Thumb Code    82  bluenrg_utils_small.o(i.getBlueNRGVersion)
    hci_le_read_local_version                0x08003673   Thumb Code   130  hci_le.o(i.hci_le_read_local_version)
    hci_le_set_scan_resp_data                0x080036f5   Thumb Code    98  hci_le.o(i.hci_le_set_scan_resp_data)
    hci_send_cmd                             0x08003757   Thumb Code    48  hci.o(i.hci_send_cmd)
    hci_send_req                             0x08003789   Thumb Code   376  hci.o(i.hci_send_req)
    hci_write                                0x08003905   Thumb Code     8  hci.o(i.hci_write)
    list_get_size                            0x0800390d   Thumb Code    28  ble_list.o(i.list_get_size)
    list_init_head                           0x08003929   Thumb Code     6  ble_list.o(i.list_init_head)
    list_insert_head                         0x0800392f   Thumb Code    24  ble_list.o(i.list_insert_head)
    list_insert_tail                         0x08003947   Thumb Code    24  ble_list.o(i.list_insert_tail)
    list_is_empty                            0x0800395f   Thumb Code    24  ble_list.o(i.list_is_empty)
    list_remove_head                         0x08003977   Thumb Code    36  ble_list.o(i.list_remove_head)
    list_remove_node                         0x0800399b   Thumb Code    22  ble_list.o(i.list_remove_node)
    list_remove_tail                         0x080039b1   Thumb Code    36  ble_list.o(i.list_remove_tail)
    main                                     0x080039d5   Thumb Code   322  main.o(i.main)
    receiveData                              0x08003c49   Thumb Code    32  sample_service.o(i.receiveData)
    sendData                                 0x08003c6d   Thumb Code    30  sample_service.o(i.sendData)
    startReadRXCharHandle                    0x08003c95   Thumb Code    52  sample_service.o(i.startReadRXCharHandle)
    startReadTXCharHandle                    0x08003d01   Thumb Code    52  sample_service.o(i.startReadTXCharHandle)
    vcom_init                                0x08003d6d   Thumb Code    42  main.o(i.vcom_init)
    BUTTON_IRQn                              0x08003da0   Data           1  stm32l0xx_nucleo.o(.constdata)
    LED_PIN                                  0x08003da2   Data           2  stm32l0xx_nucleo.o(.constdata)
    BUTTON_PIN                               0x08003da4   Data           2  stm32l0xx_nucleo.o(.constdata)
    AHBPrescTable                            0x08003da6   Data          16  system_stm32l0xx.o(.constdata)
    PLLMulTable                              0x08003db6   Data           9  system_stm32l0xx.o(.constdata)
    APBPrescTable                            0x08003dbf   Data           8  system_stm32l0xx.o(.constdata)
    Region$$Table$$Base                      0x08003dc8   Number         0  anon$$obj.o(Region$$Table)
    Region$$Table$$Limit                     0x08003de8   Number         0  anon$$obj.o(Region$$Table)
    bnrg_expansion_board                     0x20000000   Data           1  main.o(.data)
    BLE_Role                                 0x20000001   Data           1  main.o(.data)
    set_connectable                          0x20000004   Data           1  sample_service.o(.data)
    notification_enabled                     0x20000005   Data           1  sample_service.o(.data)
    start_read_tx_char_handle                0x20000006   Data           1  sample_service.o(.data)
    start_read_rx_char_handle                0x20000007   Data           1  sample_service.o(.data)
    end_read_tx_char_handle                  0x20000008   Data           1  sample_service.o(.data)
    end_read_rx_char_handle                  0x20000009   Data           1  sample_service.o(.data)
    connection_handle                        0x2000000a   Data           2  sample_service.o(.data)
    tx_handle                                0x2000000c   Data           2  sample_service.o(.data)
    rx_handle                                0x2000000e   Data           2  sample_service.o(.data)
    sampleServHandle                         0x20000010   Data           2  sample_service.o(.data)
    TXCharHandle                             0x20000012   Data           2  sample_service.o(.data)
    RXCharHandle                             0x20000014   Data           2  sample_service.o(.data)
    connected                                0x20000018   Data           4  sample_service.o(.data)
    button_event                             0x20000034   Data           1  stm32xx_it.o(.data)
    ms_counter                               0x20000038   Data           4  stm32xx_it.o(.data)
    LED_PORT                                 0x2000003c   Data           4  stm32l0xx_nucleo.o(.data)
    BUTTON_PORT                              0x20000040   Data           4  stm32l0xx_nucleo.o(.data)
    SpixTimeout                              0x20000044   Data           4  stm32l0xx_nucleo.o(.data)
    SystemCoreClock                          0x20000050   Data           4  system_stm32l0xx.o(.data)
    uwTick                                   0x20000054   Data           4  stm32l0xx_hal.o(.data)
    hciReadPktPool                           0x2000005c   Data           8  hci.o(.data)
    hciReadPktRxQueue                        0x20000064   Data           8  hci.o(.data)
    UartHandle                               0x2000006c   Data         112  main.o(.bss)
    SpiHandle                                0x200000dc   Data          88  stm32_bluenrg_ble.o(.bss)
    __initial_sp                             0x200007f0   Data           0  startup_stm32l053xx.o(STACK)



==============================================================================

Memory Map of the image

  Image Entry point : 0x080000c1

  Load Region LR_IROM1 (Base: 0x08000000, Size: 0x00003e54, Max: 0x00010000, ABSOLUTE)

    Execution Region ER_IROM1 (Exec base: 0x08000000, Load base: 0x08000000, Size: 0x00003de8, Max: 0x00010000, ABSOLUTE)

    Exec Addr    Load Addr    Size         Type   Attr      Idx    E Section Name        Object

    0x08000000   0x08000000   0x000000c0   Data   RO            3    RESET               startup_stm32l053xx.o
    0x080000c0   0x080000c0   0x00000000   Code   RO         3871  * .ARM.Collect$$$$00000000  mc_p.l(entry.o)
    0x080000c0   0x080000c0   0x00000004   Code   RO         3928    .ARM.Collect$$$$00000001  mc_p.l(entry2.o)
    0x080000c4   0x080000c4   0x00000004   Code   RO         3931    .ARM.Collect$$$$00000004  mc_p.l(entry5.o)
    0x080000c8   0x080000c8   0x00000000   Code   RO         3933    .ARM.Collect$$$$00000008  mc_p.l(entry7b.o)
    0x080000c8   0x080000c8   0x00000000   Code   RO         3935    .ARM.Collect$$$$0000000A  mc_p.l(entry8b.o)
    0x080000c8   0x080000c8   0x00000008   Code   RO         3936    .ARM.Collect$$$$0000000B  mc_p.l(entry9a.o)
    0x080000d0   0x080000d0   0x00000000   Code   RO         3938    .ARM.Collect$$$$0000000D  mc_p.l(entry10a.o)
    0x080000d0   0x080000d0   0x00000000   Code   RO         3940    .ARM.Collect$$$$0000000F  mc_p.l(entry11a.o)
    0x080000d0   0x080000d0   0x00000004   Code   RO         3929    .ARM.Collect$$$$00002712  mc_p.l(entry2.o)
    0x080000d4   0x080000d4   0x0000001c   Code   RO            4    .text               startup_stm32l053xx.o
    0x080000f0   0x080000f0   0x0000002c   Code   RO         3874    .text               mc_p.l(uidiv.o)
    0x0800011c   0x0800011c   0x00000060   Code   RO         3876    .text               mc_p.l(uldiv.o)
    0x0800017c   0x0800017c   0x00000028   Code   RO         3878    .text               mc_p.l(memcpy.o)
    0x080001a4   0x080001a4   0x00000024   Code   RO         3884    .text               mc_p.l(memseta.o)
    0x080001c8   0x080001c8   0x00000012   Code   RO         3920    .text               mc_p.l(uwrite4.o)
    0x080001da   0x080001da   0x00000020   Code   RO         3945    .text               mc_p.l(llshl.o)
    0x080001fa   0x080001fa   0x00000022   Code   RO         3947    .text               mc_p.l(llushr.o)
    0x0800021c   0x0800021c   0x00000000   Code   RO         3949    .text               mc_p.l(iusefp.o)
    0x0800021c   0x0800021c   0x00000164   Code   RO         3952    .text               mf_p.l(dadd.o)
    0x08000380   0x08000380   0x000000d0   Code   RO         3954    .text               mf_p.l(dmul.o)
    0x08000450   0x08000450   0x000000f0   Code   RO         3956    .text               mf_p.l(ddiv.o)
    0x08000540   0x08000540   0x00000040   Code   RO         3958    .text               mf_p.l(dfixul.o)
    0x08000580   0x08000580   0x00000028   Code   RO         3960    .text               mf_p.l(cdrcmple.o)
    0x080005a8   0x080005a8   0x00000024   Code   RO         3962    .text               mc_p.l(init.o)
    0x080005cc   0x080005cc   0x00000026   Code   RO         3965    .text               mc_p.l(llsshr.o)
    0x080005f2   0x080005f2   0x000000be   Code   RO         3968    .text               mf_p.l(depilogue.o)
    0x080006b0   0x080006b0   0x00000128   Code   RO          294    i.Add_Sample_Service  sample_service.o
    0x080007d8   0x080007d8   0x0000002c   Code   RO          295    i.Attribute_Modified_CB  sample_service.o
    0x08000804   0x08000804   0x0000003c   Code   RO          724    i.BNRG_SPI_Init     stm32_bluenrg_ble.o
    0x08000840   0x08000840   0x00000050   Code   RO          544    i.BSP_LED_Init      stm32l0xx_nucleo.o
    0x08000890   0x08000890   0x00000020   Code   RO          545    i.BSP_LED_Off       stm32l0xx_nucleo.o
    0x080008b0   0x080008b0   0x00000020   Code   RO          546    i.BSP_LED_On        stm32l0xx_nucleo.o
    0x080008d0   0x080008d0   0x0000001c   Code   RO          547    i.BSP_LED_Toggle    stm32l0xx_nucleo.o
    0x080008ec   0x080008ec   0x0000001c   Code   RO          549    i.BSP_PB_GetState   stm32l0xx_nucleo.o
    0x08000908   0x08000908   0x00000074   Code   RO          550    i.BSP_PB_Init       stm32l0xx_nucleo.o
    0x0800097c   0x0800097c   0x00000014   Code   RO          725    i.BlueNRG_DataPresent  stm32_bluenrg_ble.o
    0x08000990   0x08000990   0x0000002c   Code   RO          727    i.BlueNRG_RST       stm32_bluenrg_ble.o
    0x080009bc   0x080009bc   0x00000098   Code   RO          728    i.BlueNRG_SPI_Read_All  stm32_bluenrg_ble.o
    0x08000a54   0x08000a54   0x000000a8   Code   RO          729    i.BlueNRG_SPI_Write  stm32_bluenrg_ble.o
    0x08000afc   0x08000afc   0x0000000c   Code   RO          730    i.Clear_SPI_EXTI_Flag  stm32_bluenrg_ble.o
    0x08000b08   0x08000b08   0x0000000a   Code   RO          732    i.Disable_SPI_IRQ   stm32_bluenrg_ble.o
    0x08000b12   0x08000b12   0x0000000a   Code   RO          394    i.EXTI0_1_IRQHandler  stm32xx_it.o
    0x08000b1c   0x08000b1c   0x00000018   Code   RO          395    i.EXTI4_15_IRQHandler  stm32xx_it.o
    0x08000b34   0x08000b34   0x0000000a   Code   RO          733    i.Enable_SPI_IRQ    stm32_bluenrg_ble.o
    0x08000b3e   0x08000b3e   0x0000000e   Code   RO          186    i.Error_Handler     main.o
    0x08000b4c   0x08000b4c   0x00000058   Code   RO          296    i.GAP_ConnectionComplete_CB  sample_service.o
    0x08000ba4   0x08000ba4   0x00000034   Code   RO          297    i.GAP_DisconnectionComplete_CB  sample_service.o
    0x08000bd8   0x08000bd8   0x00000016   Code   RO          865    i.HAL_Delay         stm32l0xx_hal.o
    0x08000bee   0x08000bee   0x00000008   Code   RO           12    i.HAL_GPIO_EXTI_Callback  bluenrg_interface.o
    0x08000bf6   0x08000bf6   0x00000002   PAD
    0x08000bf8   0x08000bf8   0x00000018   Code   RO         1644    i.HAL_GPIO_EXTI_IRQHandler  stm32l0xx_hal_gpio.o
    0x08000c10   0x08000c10   0x00000178   Code   RO         1645    i.HAL_GPIO_Init     stm32l0xx_hal_gpio.o
    0x08000d88   0x08000d88   0x0000000a   Code   RO         1647    i.HAL_GPIO_ReadPin  stm32l0xx_hal_gpio.o
    0x08000d92   0x08000d92   0x00000008   Code   RO         1648    i.HAL_GPIO_TogglePin  stm32l0xx_hal_gpio.o
    0x08000d9a   0x08000d9a   0x0000000c   Code   RO         1649    i.HAL_GPIO_WritePin  stm32l0xx_hal_gpio.o
    0x08000da6   0x08000da6   0x00000002   PAD
    0x08000da8   0x08000da8   0x0000000c   Code   RO          869    i.HAL_GetTick       stm32l0xx_hal.o
    0x08000db4   0x08000db4   0x00000010   Code   RO          870    i.HAL_IncTick       stm32l0xx_hal.o
    0x08000dc4   0x08000dc4   0x00000020   Code   RO          871    i.HAL_Init          stm32l0xx_hal.o
    0x08000de4   0x08000de4   0x00000028   Code   RO          872    i.HAL_InitTick      stm32l0xx_hal.o
    0x08000e0c   0x08000e0c   0x00000002   Code   RO          874    i.HAL_MspInit       stm32l0xx_hal.o
    0x08000e0e   0x08000e0e   0x00000002   PAD
    0x08000e10   0x08000e10   0x00000014   Code   RO         1262    i.HAL_NVIC_DisableIRQ  stm32l0xx_hal_cortex.o
    0x08000e24   0x08000e24   0x00000014   Code   RO         1263    i.HAL_NVIC_EnableIRQ  stm32l0xx_hal_cortex.o
    0x08000e38   0x08000e38   0x00000008   Code   RO         1267    i.HAL_NVIC_SetPriority  stm32l0xx_hal_cortex.o
    0x08000e40   0x08000e40   0x000001a4   Code   RO         1988    i.HAL_RCCEx_GetPeriphCLKFreq  stm32l0xx_hal_rcc_ex.o
    0x08000fe4   0x08000fe4   0x00000168   Code   RO         1877    i.HAL_RCC_ClockConfig  stm32l0xx_hal_rcc.o
    0x0800114c   0x0800114c   0x00000020   Code   RO         1883    i.HAL_RCC_GetPCLK1Freq  stm32l0xx_hal_rcc.o
    0x0800116c   0x0800116c   0x00000020   Code   RO         1884    i.HAL_RCC_GetPCLK2Freq  stm32l0xx_hal_rcc.o
    0x0800118c   0x0800118c   0x00000078   Code   RO         1885    i.HAL_RCC_GetSysClockFreq  stm32l0xx_hal_rcc.o
    0x08001204   0x08001204   0x00000452   Code   RO         1888    i.HAL_RCC_OscConfig  stm32l0xx_hal_rcc.o
    0x08001656   0x08001656   0x00000084   Code   RO         2109    i.HAL_SPI_Init      stm32l0xx_hal_spi.o
    0x080016da   0x080016da   0x00000002   PAD
    0x080016dc   0x080016dc   0x00000124   Code   RO          518    i.HAL_SPI_MspInit   stm32l0xx_hal_msp.o
    0x08001800   0x08001800   0x000002b8   Code   RO         2118    i.HAL_SPI_TransmitReceive  stm32l0xx_hal_spi.o
    0x08001ab8   0x08001ab8   0x00000030   Code   RO         1271    i.HAL_SYSTICK_Config  stm32l0xx_hal_cortex.o
    0x08001ae8   0x08001ae8   0x0000006c   Code   RO         2362    i.HAL_UART_Init     stm32l0xx_hal_uart.o
    0x08001b54   0x08001b54   0x00000058   Code   RO          187    i.HAL_UART_MspInit  main.o
    0x08001bac   0x08001bac   0x000000c8   Code   RO         2370    i.HAL_UART_Transmit  stm32l0xx_hal_uart.o
    0x08001c74   0x08001c74   0x00000150   Code   RO          299    i.HCI_Event_CB      sample_service.o
    0x08001dc4   0x08001dc4   0x00000034   Code   RO         2742    i.HCI_Init          hci.o
    0x08001df8   0x08001df8   0x00000064   Code   RO         2743    i.HCI_Isr           hci.o
    0x08001e5c   0x08001e5c   0x00000048   Code   RO         2744    i.HCI_Process       hci.o
    0x08001ea4   0x08001ea4   0x00000010   Code   RO         2745    i.HCI_Queue_Empty   hci.o
    0x08001eb4   0x08001eb4   0x00000022   Code   RO         2746    i.HCI_verify        hci.o
    0x08001ed6   0x08001ed6   0x0000002e   Code   RO          734    i.Hal_Write_Serial  stm32_bluenrg_ble.o
    0x08001f04   0x08001f04   0x00000002   Code   RO          396    i.HardFault_Handler  stm32xx_it.o
    0x08001f06   0x08001f06   0x00000002   PAD
    0x08001f08   0x08001f08   0x00000118   Code   RO          300    i.Make_Connection   sample_service.o
    0x08002020   0x08002020   0x00000002   Code   RO          397    i.NMI_Handler       stm32xx_it.o
    0x08002022   0x08002022   0x00000002   PAD
    0x08002024   0x08002024   0x00000044   Code   RO         1273    i.NVIC_SetPriority  stm32l0xx_hal_cortex.o
    0x08002068   0x08002068   0x00000008   Code   RO         3853    i.Osal_MemCpy       osal.o
    0x08002070   0x08002070   0x00000008   Code   RO         3854    i.Osal_MemSet       osal.o
    0x08002078   0x08002078   0x00000034   Code   RO          463    i.PRINT_MESG_UART   uart_support.o
    0x080020ac   0x080020ac   0x00000002   Code   RO          398    i.PendSV_Handler    stm32xx_it.o
    0x080020ae   0x080020ae   0x00000002   PAD
    0x080020b0   0x080020b0   0x00000070   Code   RO         1889    i.RCC_SetFlashLatencyFromMSIRange  stm32l0xx_hal_rcc.o
    0x08002120   0x08002120   0x000000b2   Code   RO         2139    i.SPI_WaitOnFlagUntilTimeout  stm32l0xx_hal_spi.o
    0x080021d2   0x080021d2   0x00000002   Code   RO          399    i.SVC_Handler       stm32xx_it.o
    0x080021d4   0x080021d4   0x00000014   Code   RO          400    i.SysTick_Handler   stm32xx_it.o
    0x080021e8   0x080021e8   0x00000064   Code   RO          166    i.SystemClock_Config  cube_hal_l0.o
    0x0800224c   0x0800224c   0x00000054   Code   RO          823    i.SystemInit        system_stm32l0xx.o
    0x080022a0   0x080022a0   0x0000001c   Code   RO         3722    i.Timer_Expired     gp_timer.o
    0x080022bc   0x080022bc   0x0000000e   Code   RO         3726    i.Timer_Set         gp_timer.o
    0x080022ca   0x080022ca   0x000000ca   Code   RO         2375    i.UART_AdvFeatureConfig  stm32l0xx_hal_uart.o
    0x08002394   0x08002394   0x00000060   Code   RO         2376    i.UART_CheckIdleState  stm32l0xx_hal_uart.o
    0x080023f4   0x080023f4   0x0000021c   Code   RO         2390    i.UART_SetConfig    stm32l0xx_hal_uart.o
    0x08002610   0x08002610   0x00000062   Code   RO         2392    i.UART_WaitOnFlagUntilTimeout  stm32l0xx_hal_uart.o
    0x08002672   0x08002672   0x00000002   PAD
    0x08002674   0x08002674   0x000000cc   Code   RO          188    i.User_Process      main.o
    0x08002740   0x08002740   0x0000002c   Code   RO         3896    i.__0vsnprintf      mc_p.l(printfa.o)
    0x0800276c   0x0800276c   0x0000002e   Code   RO         3970    i.__ARM_clz         mf_p.l(depilogue.o)
    0x0800279a   0x0800279a   0x0000001a   Code   RO         2673    i.__ARM_common_switch8  stm32l0xx_hal_uart.o
    0x080027b4   0x080027b4   0x0000000e   Code   RO         3974    i.__scatterload_copy  mc_p.l(handlers.o)
    0x080027c2   0x080027c2   0x00000002   Code   RO         3975    i.__scatterload_null  mc_p.l(handlers.o)
    0x080027c4   0x080027c4   0x0000000e   Code   RO         3976    i.__scatterload_zeroinit  mc_p.l(handlers.o)
    0x080027d2   0x080027d2   0x00000002   PAD
    0x080027d4   0x080027d4   0x00000174   Code   RO         3898    i._fp_digits        mc_p.l(printfa.o)
    0x08002948   0x08002948   0x000006ec   Code   RO         3899    i._printf_core      mc_p.l(printfa.o)
    0x08003034   0x08003034   0x00000020   Code   RO         3900    i._printf_post_padding  mc_p.l(printfa.o)
    0x08003054   0x08003054   0x0000002c   Code   RO         3901    i._printf_pre_padding  mc_p.l(printfa.o)
    0x08003080   0x08003080   0x00000016   Code   RO         3902    i._snputc           mc_p.l(printfa.o)
    0x08003096   0x08003096   0x00000072   Code   RO         3031    i.aci_gap_create_connection  bluenrg_gap_aci.o
    0x08003108   0x08003108   0x0000007c   Code   RO         3035    i.aci_gap_init_IDB04A1  bluenrg_gap_aci.o
    0x08003184   0x08003184   0x0000007e   Code   RO         3036    i.aci_gap_init_IDB05A1  bluenrg_gap_aci.o
    0x08003202   0x08003202   0x00000074   Code   RO         3042    i.aci_gap_set_auth_requirement  bluenrg_gap_aci.o
    0x08003276   0x08003276   0x000000b4   Code   RO         3047    i.aci_gap_set_discoverable  bluenrg_gap_aci.o
    0x0800332a   0x0800332a   0x000000b0   Code   RO         3298    i.aci_gatt_add_char  bluenrg_gatt_aci.o
    0x080033da   0x080033da   0x00000080   Code   RO         3300    i.aci_gatt_add_serv  bluenrg_gatt_aci.o
    0x0800345a   0x0800345a   0x0000007e   Code   RO         3309    i.aci_gatt_disc_charac_by_uuid  bluenrg_gatt_aci.o
    0x080034d8   0x080034d8   0x00000038   Code   RO         3314    i.aci_gatt_init     bluenrg_gatt_aci.o
    0x08003510   0x08003510   0x00000060   Code   RO         3335    i.aci_gatt_write_without_response  bluenrg_gatt_aci.o
    0x08003570   0x08003570   0x00000044   Code   RO         3576    i.aci_hal_set_tx_power_level  bluenrg_hal_aci.o
    0x080035b4   0x080035b4   0x0000005e   Code   RO         3579    i.aci_hal_write_config_data  bluenrg_hal_aci.o
    0x08003612   0x08003612   0x00000002   PAD
    0x08003614   0x08003614   0x0000000c   Code   RO          301    i.enableNotification  sample_service.o
    0x08003620   0x08003620   0x00000052   Code   RO         3676    i.getBlueNRGVersion  bluenrg_utils_small.o
    0x08003672   0x08003672   0x00000082   Code   RO         2839    i.hci_le_read_local_version  hci_le.o
    0x080036f4   0x080036f4   0x00000062   Code   RO         2850    i.hci_le_set_scan_resp_data  hci_le.o
    0x08003756   0x08003756   0x00000030   Code   RO         2747    i.hci_send_cmd      hci.o
    0x08003786   0x08003786   0x00000002   PAD
    0x08003788   0x08003788   0x0000017c   Code   RO         2748    i.hci_send_req      hci.o
    0x08003904   0x08003904   0x00000008   Code   RO         2750    i.hci_write         hci.o
    0x0800390c   0x0800390c   0x0000001c   Code   RO         3768    i.list_get_size     ble_list.o
    0x08003928   0x08003928   0x00000006   Code   RO         3769    i.list_init_head    ble_list.o
    0x0800392e   0x0800392e   0x00000018   Code   RO         3770    i.list_insert_head  ble_list.o
    0x08003946   0x08003946   0x00000018   Code   RO         3773    i.list_insert_tail  ble_list.o
    0x0800395e   0x0800395e   0x00000018   Code   RO         3774    i.list_is_empty     ble_list.o
    0x08003976   0x08003976   0x00000024   Code   RO         3775    i.list_remove_head  ble_list.o
    0x0800399a   0x0800399a   0x00000016   Code   RO         3776    i.list_remove_node  ble_list.o
    0x080039b0   0x080039b0   0x00000024   Code   RO         3777    i.list_remove_tail  ble_list.o
    0x080039d4   0x080039d4   0x00000250   Code   RO          189    i.main              main.o
    0x08003c24   0x08003c24   0x00000024   Code   RO         2751    i.move_list         hci.o
    0x08003c48   0x08003c48   0x00000024   Code   RO          302    i.receiveData       sample_service.o
    0x08003c6c   0x08003c6c   0x00000028   Code   RO          303    i.sendData          sample_service.o
    0x08003c94   0x08003c94   0x0000006c   Code   RO          304    i.startReadRXCharHandle  sample_service.o
    0x08003d00   0x08003d00   0x0000006c   Code   RO          305    i.startReadTXCharHandle  sample_service.o
    0x08003d6c   0x08003d6c   0x00000034   Code   RO          190    i.vcom_init         main.o
    0x08003da0   0x08003da0   0x00000006   Data   RO          568    .constdata          stm32l0xx_nucleo.o
    0x08003da6   0x08003da6   0x00000019   Data   RO          824    .constdata          system_stm32l0xx.o
    0x08003dbf   0x08003dbf   0x00000008   Data   RO          825    .constdata          system_stm32l0xx.o
    0x08003dc7   0x08003dc7   0x00000001   PAD
    0x08003dc8   0x08003dc8   0x00000020   Data   RO         3972    Region$$Table       anon$$obj.o


    Execution Region RW_IRAM1 (Exec base: 0x20000000, Load base: 0x08003de8, Size: 0x000007f0, Max: 0x00002000, ABSOLUTE)

    Exec Addr    Load Addr    Size         Type   Attr      Idx    E Section Name        Object

    0x20000000   0x08003de8   0x00000002   Data   RW          192    .data               main.o
    0x20000002   0x08003dea   0x00000002   PAD
    0x20000004   0x08003dec   0x00000030   Data   RW          306    .data               sample_service.o
    0x20000034   0x08003e1c   0x00000008   Data   RW          401    .data               stm32xx_it.o
    0x2000003c   0x08003e24   0x00000014   Data   RW          569    .data               stm32l0xx_nucleo.o
    0x20000050   0x08003e38   0x00000004   Data   RW          826    .data               system_stm32l0xx.o
    0x20000054   0x08003e3c   0x00000004   Data   RW          881    .data               stm32l0xx_hal.o
    0x20000058   0x08003e40   0x00000014   Data   RW         2753    .data               hci.o
    0x2000006c        -       0x00000070   Zero   RW          191    .bss                main.o
    0x200000dc        -       0x00000058   Zero   RW          738    .bss                stm32_bluenrg_ble.o
    0x20000134        -       0x000002bc   Zero   RW         2752    .bss                hci.o
    0x200003f0        -       0x00000400   Zero   RW            1    STACK               startup_stm32l053xx.o


==============================================================================

Image component sizes


      Code (inc. data)   RO Data    RW Data    ZI Data      Debug   Object Name

       200          0          0          0          0       8712   ble_list.o
       660          0          0          0          0       6564   bluenrg_gap_aci.o
       582          0          0          0          0       6533   bluenrg_gatt_aci.o
       162          0          0          0          0       2789   bluenrg_hal_aci.o
         8          0          0          0          0     337844   bluenrg_interface.o
        82          0          0          0          0       1788   bluenrg_utils_small.o
       100          8          0          0          0        649   cube_hal_l0.o
        42          0          0          0          0       1928   gp_timer.o
       746         30          0         20        700      10071   hci.o
       228          0          0          0          0       2700   hci_le.o
       950        330          0          2        112      43267   main.o
        16          0          0          0          0       1484   osal.o
      1400        590          0         48          0      10726   sample_service.o
        28          8        192          0       1024        672   startup_stm32l053xx.o
       522         46          0          0         88       7788   stm32_bluenrg_ble.o
       124         24          0          4          0       4673   stm32l0xx_hal.o
       164         30          0          0          0      11731   stm32l0xx_hal_cortex.o
       430         36          0          0          0       4587   stm32l0xx_hal_gpio.o
       292         16          0          0          0       1318   stm32l0xx_hal_msp.o
      1762        120          0          0          0       7008   stm32l0xx_hal_rcc.o
       420         40          0          0          0       1721   stm32l0xx_hal_rcc_ex.o
      1006          0          0          0          0       3985   stm32l0xx_hal_spi.o
      1270         72          0          0          0       7033   stm32l0xx_hal_uart.o
       316         64          6         20          0       6275   stm32l0xx_nucleo.o
        62         10          0          8          0       4100   stm32xx_it.o
        84         18         33          4          0       1363   system_stm32l0xx.o
        52          4          0          0          0       1234   uart_support.o

    ----------------------------------------------------------------------
     11728       1446        264        108       1924     498543   Object Totals
         0          0         32          0          0          0   (incl. Generated)
        20          0          1          2          0          0   (incl. Padding)

    ----------------------------------------------------------------------

      Code (inc. data)   RO Data    RW Data    ZI Data      Debug   Library Member Name

         0          0          0          0          0          0   entry.o
         0          0          0          0          0          0   entry10a.o
         0          0          0          0          0          0   entry11a.o
         8          4          0          0          0          0   entry2.o
         4          0          0          0          0          0   entry5.o
         0          0          0          0          0          0   entry7b.o
         0          0          0          0          0          0   entry8b.o
         8          4          0          0          0          0   entry9a.o
        30          0          0          0          0          0   handlers.o
        36          8          0          0          0         68   init.o
         0          0          0          0          0          0   iusefp.o
        32          0          0          0          0         68   llshl.o
        38          0          0          0          0         68   llsshr.o
        34          0          0          0          0         68   llushr.o
        40          0          0          0          0         68   memcpy.o
        36          0          0          0          0        100   memseta.o
      2286         94          0          0          0        460   printfa.o
        44          0          0          0          0         72   uidiv.o
        96          0          0          0          0         84   uldiv.o
        18          0          0          0          0         60   uwrite4.o
        40          2          0          0          0         68   cdrcmple.o
       356          4          0          0          0        140   dadd.o
       240          6          0          0          0         84   ddiv.o
       236          0          0          0          0        216   depilogue.o
        64         10          0          0          0         68   dfixul.o
       208          6          0          0          0         88   dmul.o

    ----------------------------------------------------------------------
      3856        138          0          0          0       1780   Library Totals
         2          0          0          0          0          0   (incl. Padding)

    ----------------------------------------------------------------------

      Code (inc. data)   RO Data    RW Data    ZI Data      Debug   Library Name

      2710        110          0          0          0       1116   mc_p.l
      1144         28          0          0          0        664   mf_p.l

    ----------------------------------------------------------------------
      3856        138          0          0          0       1780   Library Totals

    ----------------------------------------------------------------------

==============================================================================


      Code (inc. data)   RO Data    RW Data    ZI Data      Debug   

     15584       1584        264        108       1924     494835   Grand Totals
     15584       1584        264        108       1924     494835   ELF Image Totals
     15584       1584        264        108          0          0   ROM Totals

==============================================================================

    Total RO  Size (Code + RO Data)                15848 (  15.48kB)
    Total RW  Size (RW Data + ZI Data)              2032 (   1.98kB)
    Total ROM Size (Code + RO Data + RW Data)      15956 (  15.58kB)

==============================================================================

