<html>
<body>
<pre>
<h1>µVision Build Log</h1>
<h2>Tool Versions:</h2>
IDE-Version: ¦ÌVision V5.24.2.0
Copyright (C) 2017 ARM Ltd and ARM Germany GmbH. All rights reserved.
License Information: Deng Yang, no, LIC=----
 
Tool Versions:
Toolchain:       MDK-Lite  Version: 5.24.1
Toolchain Path:  D:\Keil_v5\ARM\ARMCC\Bin
C Compiler:      Armcc.exe V5.06 update 5 (build 528)
Assembler:       Armasm.exe V5.06 update 5 (build 528)
Linker/Locator:  ArmLink.exe V5.06 update 5 (build 528)
Library Manager: ArmAr.exe V5.06 update 5 (build 528)
Hex Converter:   FromElf.exe V5.06 update 5 (build 528)
CPU DLL:         SARMCM3.DLL V5.24.1
Dialog DLL:      DARMCM1.DLL V1.18.0.0
Target DLL:      UL2CM3.DLL V1.160.3.0
Dialog DLL:      TARMCM1.DLL V1.13.0.0
 
<h2>Project:</h2>
E:\yangzai\STM32CubeExpansion_BLE1_V4\Projects\Multi\Applications\SampleAppThT\MDK-ARM\STM32L053R8-Nucleo\SampleAppThT.uvprojx
Project File Date:  03/20/2018

<h2>Output:</h2>
*** Using Compiler 'V5.06 update 5 (build 528)', folder: 'D:\Keil_v5\ARM\ARMCC\Bin'
Build target 'SampleApp_SERVER'
assembling startup_stm32l053xx.s...
compiling cube_hal_l0.c...
compiling bluenrg_interface.c...
compiling main.c...
compiling stm32xx_it.c...
compiling uart_support.c...
compiling sample_service.c...
..\..\Src\sample_service.c(469): warning:  #546-D: transfer of control bypasses initialization of:
            variable "resp"  (declared at line 499)
        switch(blue_evt->ecode){
        ^
..\..\Src\sample_service.c: 1 warning, 0 errors
compiling stm32l0xx_hal_msp.c...
compiling stm32_bluenrg_ble.c...
compiling stm32l0xx_nucleo.c...
compiling system_stm32l0xx.c...
compiling stm32l0xx_hal.c...
compiling stm32l0xx_hal_adc.c...
compiling stm32l0xx_hal_adc_ex.c...
compiling stm32l0xx_hal_cortex.c...
compiling stm32l0xx_hal_dma.c...
compiling stm32l0xx_hal_flash.c...
compiling stm32l0xx_hal_flash_ex.c...
compiling stm32l0xx_hal_gpio.c...
compiling stm32l0xx_hal_pwr_ex.c...
compiling stm32l0xx_hal_pwr.c...
compiling stm32l0xx_hal_rcc.c...
compiling stm32l0xx_hal_rcc_ex.c...
compiling stm32l0xx_hal_spi.c...
compiling stm32l0xx_hal_uart.c...
compiling stm32l0xx_hal_uart_ex.c...
compiling hci.c...
..\..\..\..\..\..\Middlewares\ST\STM32_BlueNRG\SimpleBlueNRG_HCI\hci\hci.c(165): warning:  #223-D: function "Hal_Write_Serial" declared implicitly
    Hal_Write_Serial(data1, data2, n_bytes1, n_bytes2);
..\..\..\..\..\..\Middlewares\ST\STM32_BlueNRG\SimpleBlueNRG_HCI\hci\hci.c: 1 warning, 0 errors
compiling hci_le.c...
compiling bluenrg_hal_aci.c...
compiling bluenrg_gap_aci.c...
compiling bluenrg_gatt_aci.c...
compiling bluenrg_itf.c...
compiling bluenrg_l2cap_aci.c...
compiling bluenrg_utils_small.c...
compiling osal.c...
compiling gp_timer.c...
compiling ble_list.c...
linking...
Program Size: Code=15584 RO-data=264 RW-data=108 ZI-data=1924  
FromELF: creating hex file...
"STM32L053R8_NUCLEO\SampleApp_SERVER_L053R8.axf" - 0 Error(s), 2 Warning(s).

<h2>Software Packages used:</h2>

Package Vendor: Keil
                http://www.keil.com/pack/Keil.STM32L0xx_DFP.2.0.0.pack
                Keil.STM32L0xx_DFP.2.0.0
                STMicroelectronics STM32L0 Series Device Support, Drivers and Examples

<h2>Collection of Component include folders:</h2>
  .\RTE\_SampleApp_SERVER
  D:\Keil_v5\ARM\PACK\Keil\STM32L0xx_DFP\2.0.0\Drivers\CMSIS\Device\ST\STM32L0xx\Include

<h2>Collection of Component Files used:</h2>
Build Time Elapsed:  00:00:30
</pre>
</body>
</html>
